Component: ARM Compiler 5.06 update 6 (build 750) Tool: armlink [4d35ed]

==============================================================================

Section Cross References

    main.o(i._SWJ_Config) refers to stm32f10x_rcc.o(i.RCC_APB2PeriphClockCmd) for RCC_APB2PeriphClockCmd
    main.o(i._SWJ_Config) refers to stm32f10x_gpio.o(i.GPIO_PinRemapConfig) for GPIO_PinRemapConfig
    main.o(i.main) refers to misc.o(i.NVIC_PriorityGroupConfig) for NVIC_PriorityGroupConfig
    main.o(i.main) refers to main.o(i._SWJ_Config) for _SWJ_Config
    main.o(i.main) refers to usart1.o(i.usart1_init) for usart1_init
    main.o(i.main) refers to printfa.o(i.__0printf) for __2printf
    main.o(i.main) refers to bluetooth.o(i.BluetoothUsart_init) for BluetoothUsart_init
    main.o(i.main) refers to pwm.o(i.pwm_init) for pwm_init
    main.o(i.main) refers to pwm.o(i.driver_pin_init) for driver_pin_init
    main.o(i.main) refers to pwm.o(i.Encoder_A_init) for Encoder_A_init
    main.o(i.main) refers to pwm.o(i.Encoder_B_init) for Encoder_B_init
    main.o(i.main) refers to imath.o(i.tdelay_ms) for tdelay_ms
    main.o(i.main) refers to iic.o(i.IIC_Init) for IIC_Init
    main.o(i.main) refers to mpu6050.o(i.mpu6050_init) for mpu6050_init
    main.o(i.main) refers to mpu6050.o(i.get_mpu_id) for get_mpu_id
    main.o(i.main) refers to mpu6050.o(i.get_iir_factor) for get_iir_factor
    main.o(i.main) refers to oled.o(i.OLED_Init) for OLED_Init
    main.o(i.main) refers to adc.o(i.adc_init) for adc_init
    main.o(i.main) refers to mpu6050.o(i.ReadCalData) for ReadCalData
    main.o(i.main) refers to timer.o(i.timer_init) for timer_init
    main.o(i.main) refers to ultrasonic.o(i.HCSR04_Init) for HCSR04_Init
    main.o(i.main) refers to systick.o(i.systick_init) for systick_init
    main.o(i.main) refers to nvic.o(i.NVIC_config) for NVIC_config
    main.o(i.main) refers to ultrasonic.o(i.UltrasonicWave_StartMeasure) for UltrasonicWave_StartMeasure
    main.o(i.main) refers to bluetooth.o(i.ParseBluetoothMessage) for ParseBluetoothMessage
    main.o(i.main) refers to adc.o(i.voltage_detection) for voltage_detection
    main.o(i.main) refers to oled.o(i.OledShowDatas) for OledShowDatas
    main.o(i.main) refers to mpu6050.o(.bss) for Mpu
    main.o(i.main) refers to systick.o(.bss) for softTimes
    main.o(i.main) refers to bluetooth.o(.data) for BluetoothParseMsg
    main.o(i.main) refers to bluetooth.o(.bss) for USARTxBlueTooth_RX_DATA
    system_stm32f10x.o(i.SetSysClock) refers to system_stm32f10x.o(i.SetSysClockTo72) for SetSysClockTo72
    system_stm32f10x.o(i.SystemCoreClockUpdate) refers to system_stm32f10x.o(.data) for SystemCoreClock
    system_stm32f10x.o(i.SystemInit) refers to system_stm32f10x.o(i.SetSysClock) for SetSysClock
    systick.o(i.SysTick_Handler) refers to systick.o(i.softTimesCountdown) for softTimesCountdown
    systick.o(i.SysTick_Handler) refers to ultrasonic.o(i.UltrasonicCheck) for UltrasonicCheck
    systick.o(i.SysTick_Handler) refers to mpu6050.o(i.get_gyro_raw) for get_gyro_raw
    systick.o(i.SysTick_Handler) refers to mpu6050.o(i.get_deg_s) for get_deg_s
    systick.o(i.SysTick_Handler) refers to mpu6050.o(i.get_rad_s) for get_rad_s
    systick.o(i.SysTick_Handler) refers to mpu6050.o(i.get_acc_raw) for get_acc_raw
    systick.o(i.SysTick_Handler) refers to mpu6050.o(i.acc_iir_lpf) for acc_iir_lpf
    systick.o(i.SysTick_Handler) refers to mpu6050.o(i.get_acc_g) for get_acc_g
    systick.o(i.SysTick_Handler) refers to imu.o(i.mahony_update) for mahony_update
    systick.o(i.SysTick_Handler) refers to imu.o(i.Matrix_ready) for Matrix_ready
    systick.o(i.SysTick_Handler) refers to pwm.o(i.read_encoder) for read_encoder
    systick.o(i.SysTick_Handler) refers to pwm.o(i.encoder_manage) for encoder_manage
    systick.o(i.SysTick_Handler) refers to controller.o(i.ctr_bal) for ctr_bal
    systick.o(i.SysTick_Handler) refers to controller.o(i.ctr_vel) for ctr_vel
    systick.o(i.SysTick_Handler) refers to controller.o(i.ctr_turn) for ctr_turn
    systick.o(i.SysTick_Handler) refers to imath.o(i.i_limit) for i_limit
    systick.o(i.SysTick_Handler) refers to controller.o(i.dir_config) for dir_config
    systick.o(i.SysTick_Handler) refers to controller.o(i._ctr_out) for _ctr_out
    systick.o(i.SysTick_Handler) refers to usart1.o(i.ANO_DMA_SEND_DATA) for ANO_DMA_SEND_DATA
    systick.o(i.SysTick_Handler) refers to mpu6050.o(i.gyro_cal) for gyro_cal
    systick.o(i.SysTick_Handler) refers to mpu6050.o(.bss) for Mpu
    systick.o(i.SysTick_Handler) refers to pwm.o(.data) for encoder_val_a
    systick.o(i.SysTick_Handler) refers to imu.o(.bss) for att
    systick.o(i.SysTick_Handler) refers to controller.o(.bss) for ctr
    systick.o(i.softTimesCountdown) refers to systick.o(.bss) for softTimes
    systick.o(i.systick_init) refers to system_stm32f10x.o(i.SystemCoreClockUpdate) for SystemCoreClockUpdate
[...]
    i.timer_init                             0x08007470   Section        0  timer.o(i.timer_init)
    i.to_limit                               0x080074c0   Section        0  imath.o(i.to_limit)
    i.usart1_init                            0x080074d0   Section        0  usart1.o(i.usart1_init)
    i.voltage_detection                      0x0800755c   Section        0  adc.o(i.voltage_detection)
    .constdata                               0x080075b8   Section     2072  oled.o(.constdata)
    .constdata                               0x08007dd0   Section       80  asin.o(.constdata)
    pS                                       0x08007dd0   Data          48  asin.o(.constdata)
    qS                                       0x08007e00   Data          32  asin.o(.constdata)
    .constdata                               0x08007e20   Section      152  atan.o(.constdata)
    atanhi                                   0x08007e20   Data          32  atan.o(.constdata)
    atanlo                                   0x08007e40   Data          32  atan.o(.constdata)
    aTodd                                    0x08007e60   Data          40  atan.o(.constdata)
    aTeven                                   0x08007e88   Data          48  atan.o(.constdata)
    .constdata                               0x08007eb8   Section        8  qnan.o(.constdata)
    .constdata                               0x08007ec0   Section       64  ctype_c.o(.constdata)
    .data                                    0x20000000   Section       20  system_stm32f10x.o(.data)
    .data                                    0x20000014   Section        6  led.o(.data)
    l_cnt                                    0x20000016   Data           2  led.o(.data)
    l_cnt                                    0x20000018   Data           2  led.o(.data)
    .data                                    0x2000001c   Section       10  usart1.o(.data)
    ANO_debug_cnt                            0x20000022   Data           1  usart1.o(.data)
    _data_len                                0x20000023   Data           1  usart1.o(.data)
    _data_cnt                                0x20000024   Data           1  usart1.o(.data)
    state                                    0x20000025   Data           1  usart1.o(.data)
    .data                                    0x20000028   Section       22  bluetooth.o(.data)
    .data                                    0x20000040   Section       60  mpu6050.o(.data)
    .data                                    0x2000007c   Section       28  imu.o(.data)
    .data                                    0x20000098   Section        8  pwm.o(.data)
    .data                                    0x200000a0   Section       88  controller.o(.data)
    theCarStopFlag                           0x200000cc   Data           1  controller.o(.data)
    PickUpisOK                               0x200000cd   Data           1  controller.o(.data)
    carUpOrDownOut                           0x200000d8   Data           4  controller.o(.data)
    carLeftOrRightOut                        0x200000dc   Data           4  controller.o(.data)
    pickUpTime                               0x200000e0   Data           2  controller.o(.data)
    isOK                                     0x200000e2   Data           2  controller.o(.data)
    PutDownTime                              0x200000e4   Data           2  controller.o(.data)
    encoder_cur                              0x200000e8   Data           4  controller.o(.data)
    encoder_last                             0x200000ec   Data           4  controller.o(.data)
    turnFlag                                 0x200000f0   Data           1  controller.o(.data)
    turnTime                                 0x200000f1   Data           1  controller.o(.data)
    remoteTurOut                             0x200000f4   Data           4  controller.o(.data)
    .data                                    0x200000f8   Section        5  flash.o(.data)
    .data                                    0x200000fe   Section        2  adc.o(.data)
    .data                                    0x20000100   Section       12  ultrasonic.o(.data)
    UltraTime                                0x2000010a   Data           2  ultrasonic.o(.data)
    .data                                    0x2000010c   Section       20  stm32f10x_rcc.o(.data)
    APBAHBPrescTable                         0x2000010c   Data          16  stm32f10x_rcc.o(.data)
    ADCPrescTable                            0x2000011c   Data           4  stm32f10x_rcc.o(.data)
    .data                                    0x20000120   Section        4  strtok.o(.data)
    state                                    0x20000120   Data           4  strtok.o(.data)
    .data                                    0x20000124   Section        4  errno.o(.data)
    _errno                                   0x20000124   Data           4  errno.o(.data)
    .bss                                     0x20000128   Section       20  systick.o(.bss)
    .bss                                     0x2000013c   Section      263  usart1.o(.bss)
    RxBuffer                                 0x20000211   Data          50  usart1.o(.bss)
    .bss                                     0x20000243   Section      213  bluetooth.o(.bss)
    .bss                                     0x20000318   Section      324  mpu6050.o(.bss)
    .bss                                     0x2000045c   Section      108  imu.o(.bss)
    .bss                                     0x200004c8   Section      160  controller.o(.bss)
    .bss                                     0x20000568   Section       12  adc.o(.bss)
    .bss                                     0x20000574   Section       32  ps2.o(.bss)
    STACK                                    0x20000598   Section     1024  startup_stm32f10x_md.o(STACK)

    Global Symbols

    Symbol Name                              Value     Ov Type        Size  Object(Section)

    BuildAttributes$$THM_ISAv4$P$D$K$B$S$PE$A:L22UL41UL21$X:L11$S22US41US21$IEEE1$IW$USESV6$~STKCKD$USESV7$~SHL$OTIME$ROPI$IEEEX$EBA8$MICROLIB$REQ8$PRES8$EABIv2 0x00000000   Number         0  anon$$obj.o ABSOLUTE
    __ARM_use_no_argv                        0x00000000   Number         0  main.o ABSOLUTE
    __use_no_errno                           0x00000000   Number         0  useno.o ABSOLUTE
    __use_no_exception_handling              0x00000000   Number         0  useno.o ABSOLUTE
    __use_no_fp                              0x00000000   Number         0  useno.o ABSOLUTE
    __use_no_heap                            0x00000000   Number         0  useno.o ABSOLUTE
    __use_no_heap_region                     0x00000000   Number         0  useno.o ABSOLUTE
    __use_no_semihosting                     0x00000000   Number         0  useno.o ABSOLUTE
    __use_no_semihosting_swi                 0x00000000   Number         0  useno.o ABSOLUTE
    __use_no_signal_handling                 0x00000000   Number         0  useno.o ABSOLUTE
    _printf_a                                0x00000000   Number         0  stubs.o ABSOLUTE
    _printf_c                                0x00000000   Number         0  stubs.o ABSOLUTE
    _printf_charcount                        0x00000000   Number         0  stubs.o ABSOLUTE
    _printf_d                                0x00000000   Number         0  stubs.o ABSOLUTE
    _printf_e                                0x00000000   Number         0  stubs.o ABSOLUTE
    _printf_f                                0x00000000   Number         0  stubs.o ABSOLUTE
    _printf_flags                            0x00000000   Number         0  stubs.o ABSOLUTE
    _printf_fp_dec                           0x00000000   Number         0  stubs.o ABSOLUTE
    _printf_fp_hex                           0x00000000   Number         0  stubs.o ABSOLUTE
    _printf_g                                0x00000000   Number         0  stubs.o ABSOLUTE
    _printf_i                                0x00000000   Number         0  stubs.o ABSOLUTE
    _printf_int_dec                          0x00000000   Number         0  stubs.o ABSOLUTE
    _printf_l                                0x00000000   Number         0  stubs.o ABSOLUTE
    _printf_lc                               0x00000000   Number         0  stubs.o ABSOLUTE
    _printf_ll                               0x00000000   Number         0  stubs.o ABSOLUTE
    _printf_lld                              0x00000000   Number         0  stubs.o ABSOLUTE
    _printf_lli                              0x00000000   Number         0  stubs.o ABSOLUTE
    _printf_llo                              0x00000000   Number         0  stubs.o ABSOLUTE
    _printf_llu                              0x00000000   Number         0  stubs.o ABSOLUTE
    _printf_llx                              0x00000000   Number         0  stubs.o ABSOLUTE
    _printf_longlong_dec                     0x00000000   Number         0  stubs.o ABSOLUTE
    _printf_longlong_hex                     0x00000000   Number         0  stubs.o ABSOLUTE
    _printf_longlong_oct                     0x00000000   Number         0  stubs.o ABSOLUTE
    _printf_ls                               0x00000000   Number         0  stubs.o ABSOLUTE
    _printf_mbtowc                           0x00000000   Number         0  stubs.o ABSOLUTE
    _printf_n                                0x00000000   Number         0  stubs.o ABSOLUTE
    _printf_o                                0x00000000   Number         0  stubs.o ABSOLUTE
    _printf_p                                0x00000000   Number         0  stubs.o ABSOLUTE
    _printf_percent                          0x00000000   Number         0  stubs.o ABSOLUTE
    _printf_pre_padding                      0x00000000   Number         0  stubs.o ABSOLUTE
    _printf_return_value                     0x00000000   Number         0  stubs.o ABSOLUTE
    _printf_s                                0x00000000   Number         0  stubs.o ABSOLUTE
    _printf_sizespec                         0x00000000   Number         0  stubs.o ABSOLUTE
    _printf_str                              0x00000000   Number         0  stubs.o ABSOLUTE
    _printf_truncate_signed                  0x00000000   Number         0  stubs.o ABSOLUTE
    _printf_truncate_unsigned                0x00000000   Number         0  stubs.o ABSOLUTE
    _printf_u                                0x00000000   Number         0  stubs.o ABSOLUTE
    _printf_wc                               0x00000000   Number         0  stubs.o ABSOLUTE
    _printf_wctomb                           0x00000000   Number         0  stubs.o ABSOLUTE
    _printf_widthprec                        0x00000000   Number         0  stubs.o ABSOLUTE
    _printf_x                                0x00000000   Number         0  stubs.o ABSOLUTE
    __cpp_initialize__aeabi_                  - Undefined Weak Reference
    __cxa_finalize                            - Undefined Weak Reference
    __decompress                              - Undefined Weak Reference
    _clock_init                               - Undefined Weak Reference
    _microlib_exit                            - Undefined Weak Reference
    __Vectors_Size                           0x000000ec   Number         0  startup_stm32f10x_md.o ABSOLUTE
    __Vectors                                0x08000000   Data           4  startup_stm32f10x_md.o(RESET)
    __Vectors_End                            0x080000ec   Data           0  startup_stm32f10x_md.o(RESET)
    __main                                   0x080000ed   Thumb Code     0  entry.o(.ARM.Collect$$$$00000000)
    _main_stk                                0x080000ed   Thumb Code     0  entry2.o(.ARM.Collect$$$$00000001)
    _main_scatterload                        0x080000f1   Thumb Code     0  entry5.o(.ARM.Collect$$$$00000004)
    __main_after_scatterload                 0x080000f5   Thumb Code     0  entry5.o(.ARM.Collect$$$$00000004)
    _main_clock                              0x080000f5   Thumb Code     0  entry7b.o(.ARM.Collect$$$$00000008)
    _main_cpp_init                           0x080000f5   Thumb Code     0  entry8b.o(.ARM.Collect$$$$0000000A)
    _main_init                               0x080000f5   Thumb Code     0  entry9a.o(.ARM.Collect$$$$0000000B)
    __rt_final_cpp                           0x080000fd   Thumb Code     0  entry10a.o(.ARM.Collect$$$$0000000D)
    __rt_final_exit                          0x080000fd   Thumb Code     0  entry11a.o(.ARM.Collect$$$$0000000F)
    Reset_Handler                            0x08000101   Thumb Code     8  startup_stm32f10x_md.o(.text)
    ADC1_2_IRQHandler                        0x0800011b   Thumb Code     0  startup_stm32f10x_md.o(.text)
    CAN1_RX1_IRQHandler                      0x0800011b   Thumb Code     0  startup_stm32f10x_md.o(.text)
    CAN1_SCE_IRQHandler                      0x0800011b   Thumb Code     0  startup_stm32f10x_md.o(.text)
    DMA1_Channel1_IRQHandler                 0x0800011b   Thumb Code     0  startup_stm32f10x_md.o(.text)
    DMA1_Channel2_IRQHandler                 0x0800011b   Thumb Code     0  startup_stm32f10x_md.o(.text)
    DMA1_Channel3_IRQHandler                 0x0800011b   Thumb Code     0  startup_stm32f10x_md.o(.text)
    DMA1_Channel4_IRQHandler                 0x0800011b   Thumb Code     0  startup_stm32f10x_md.o(.text)
    DMA1_Channel5_IRQHandler                 0x0800011b   Thumb Code     0  startup_stm32f10x_md.o(.text)
    DMA1_Channel6_IRQHandler                 0x0800011b   Thumb Code     0  startup_stm32f10x_md.o(.text)
    DMA1_Channel7_IRQHandler                 0x0800011b   Thumb Code     0  startup_stm32f10x_md.o(.text)
    EXTI0_IRQHandler                         0x0800011b   Thumb Code     0  startup_stm32f10x_md.o(.text)
    EXTI1_IRQHandler                         0x0800011b   Thumb Code     0  startup_stm32f10x_md.o(.text)
    EXTI2_IRQHandler                         0x0800011b   Thumb Code     0  startup_stm32f10x_md.o(.text)
    EXTI3_IRQHandler                         0x0800011b   Thumb Code     0  startup_stm32f10x_md.o(.text)
    EXTI4_IRQHandler                         0x0800011b   Thumb Code     0  startup_stm32f10x_md.o(.text)
    EXTI9_5_IRQHandler                       0x0800011b   Thumb Code     0  startup_stm32f10x_md.o(.text)
    FLASH_IRQHandler                         0x0800011b   Thumb Code     0  startup_stm32f10x_md.o(.text)
    I2C1_ER_IRQHandler                       0x0800011b   Thumb Code     0  startup_stm32f10x_md.o(.text)
    I2C1_EV_IRQHandler                       0x0800011b   Thumb Code     0  startup_stm32f10x_md.o(.text)
    I2C2_ER_IRQHandler                       0x0800011b   Thumb Code     0  startup_stm32f10x_md.o(.text)
    I2C2_EV_IRQHandler                       0x0800011b   Thumb Code     0  startup_stm32f10x_md.o(.text)
    PVD_IRQHandler                           0x0800011b   Thumb Code     0  startup_stm32f10x_md.o(.text)
    RCC_IRQHandler                           0x0800011b   Thumb Code     0  startup_stm32f10x_md.o(.text)
    RTCAlarm_IRQHandler                      0x0800011b   Thumb Code     0  startup_stm32f10x_md.o(.text)
    RTC_IRQHandler                           0x0800011b   Thumb Code     0  startup_stm32f10x_md.o(.text)
    SPI1_IRQHandler                          0x0800011b   Thumb Code     0  startup_stm32f10x_md.o(.text)
    SPI2_IRQHandler                          0x0800011b   Thumb Code     0  startup_stm32f10x_md.o(.text)
    TAMPER_IRQHandler                        0x0800011b   Thumb Code     0  startup_stm32f10x_md.o(.text)
    TIM1_BRK_IRQHandler                      0x0800011b   Thumb Code     0  startup_stm32f10x_md.o(.text)
    TIM1_CC_IRQHandler                       0x0800011b   Thumb Code     0  startup_stm32f10x_md.o(.text)
    TIM1_TRG_COM_IRQHandler                  0x0800011b   Thumb Code     0  startup_stm32f10x_md.o(.text)
    TIM2_IRQHandler                          0x0800011b   Thumb Code     0  startup_stm32f10x_md.o(.text)
    TIM3_IRQHandler                          0x0800011b   Thumb Code     0  startup_stm32f10x_md.o(.text)
    TIM4_IRQHandler                          0x0800011b   Thumb Code     0  startup_stm32f10x_md.o(.text)
    USART2_IRQHandler                        0x0800011b   Thumb Code     0  startup_stm32f10x_md.o(.text)
    USBWakeUp_IRQHandler                     0x0800011b   Thumb Code     0  startup_stm32f10x_md.o(.text)
    USB_HP_CAN1_TX_IRQHandler                0x0800011b   Thumb Code     0  startup_stm32f10x_md.o(.text)
    USB_LP_CAN1_RX0_IRQHandler               0x0800011b   Thumb Code     0  startup_stm32f10x_md.o(.text)
    WWDG_IRQHandler                          0x0800011b   Thumb Code     0  startup_stm32f10x_md.o(.text)
    __aeabi_memset                           0x08000125   Thumb Code    14  memseta.o(.text)
    __aeabi_memset4                          0x08000125   Thumb Code     0  memseta.o(.text)
    __aeabi_memset8                          0x08000125   Thumb Code     0  memseta.o(.text)
    __aeabi_memclr                           0x08000133   Thumb Code     4  memseta.o(.text)
    __aeabi_memclr4                          0x08000133   Thumb Code     0  memseta.o(.text)
    __aeabi_memclr8                          0x08000133   Thumb Code     0  memseta.o(.text)
    _memset$wrapper                          0x08000137   Thumb Code    18  memseta.o(.text)
    strtok                                   0x08000149   Thumb Code    62  strtok.o(.text)
    __aeabi_fadd                             0x0800018d   Thumb Code   164  fadd.o(.text)
    __aeabi_fsub                             0x08000231   Thumb Code     6  fadd.o(.text)
    __aeabi_frsub                            0x08000237   Thumb Code     6  fadd.o(.text)
    __aeabi_fmul                             0x0800023d   Thumb Code   100  fmul.o(.text)
    __aeabi_fdiv                             0x080002a1   Thumb Code   124  fdiv.o(.text)
    __aeabi_dadd                             0x0800031d   Thumb Code   322  dadd.o(.text)
    __aeabi_dsub                             0x0800045f   Thumb Code     6  dadd.o(.text)
    __aeabi_drsub                            0x08000465   Thumb Code     6  dadd.o(.text)
    __aeabi_dmul                             0x0800046b   Thumb Code   228  dmul.o(.text)
    __aeabi_i2f                              0x0800054f   Thumb Code    18  fflti.o(.text)
    __aeabi_ui2f                             0x08000561   Thumb Code    10  ffltui.o(.text)
    __aeabi_f2iz                             0x0800056b   Thumb Code    50  ffixi.o(.text)
    __aeabi_f2uiz                            0x0800059d   Thumb Code    40  ffixui.o(.text)
    __aeabi_d2iz                             0x080005c5   Thumb Code    62  dfixi.o(.text)
    __aeabi_d2uiz                            0x08000603   Thumb Code    50  dfixui.o(.text)
    __aeabi_f2d                              0x08000635   Thumb Code    38  f2d.o(.text)
    __aeabi_d2f                              0x0800065b   Thumb Code    56  d2f.o(.text)
    __aeabi_cfcmpeq                          0x08000695   Thumb Code     0  cfcmple.o(.text)
    __aeabi_cfcmple                          0x08000695   Thumb Code    20  cfcmple.o(.text)
    __aeabi_cfrcmple                         0x080006a9   Thumb Code    20  cfrcmple.o(.text)
    __aeabi_uidiv                            0x080006bd   Thumb Code     0  uidiv.o(.text)
    __aeabi_uidivmod                         0x080006bd   Thumb Code    44  uidiv.o(.text)
    __aeabi_uldivmod                         0x080006e9   Thumb Code    98  uldiv.o(.text)
    __aeabi_llsl                             0x0800074b   Thumb Code    30  llshl.o(.text)
    _ll_shift_l                              0x0800074b   Thumb Code     0  llshl.o(.text)
    __aeabi_llsr                             0x08000769   Thumb Code    32  llushr.o(.text)
    _ll_ushift_r                             0x08000769   Thumb Code     0  llushr.o(.text)
    __aeabi_lasr                             0x08000789   Thumb Code    36  llsshr.o(.text)
    _ll_sshift_r                             0x08000789   Thumb Code     0  llsshr.o(.text)
    __strtod_int                             0x080007e3   Thumb Code    90  strtod.o(.text)
    __I$use$fp                               0x08000849   Thumb Code     0  iusefp.o(.text)
    _float_round                             0x08000849   Thumb Code    18  fepilogue.o(.text)
    _float_epilogue                          0x0800085b   Thumb Code    92  fepilogue.o(.text)
    _double_round                            0x080008b7   Thumb Code    30  depilogue.o(.text)
    _double_epilogue                         0x080008d5   Thumb Code   156  depilogue.o(.text)
    __aeabi_ddiv                             0x08000971   Thumb Code   222  ddiv.o(.text)
    __ARM_scalbn                             0x08000a4f   Thumb Code    46  dscalb.o(.text)
    scalbn                                   0x08000a4f   Thumb Code     0  dscalb.o(.text)
    __aeabi_d2ulz                            0x08000a7d   Thumb Code    48  dfixul.o(.text)
    __aeabi_cdrcmple                         0x08000aad   Thumb Code    48  cdrcmple.o(.text)
    __scatterload                            0x08000add   Thumb Code    28  init.o(.text)
    __scatterload_rt2                        0x08000add   Thumb Code     0  init.o(.text)
    isspace                                  0x08000b01   Thumb Code    10  isspace_c.o(.text)
    _scanf_real                              0x08000c35   Thumb Code     0  scanf_fp.o(.text)
    _scanf_really_real                       0x08000c35   Thumb Code   556  scanf_fp.o(.text)
    _sgetc                                   0x08000e6d   Thumb Code    30  _sgetc.o(.text)
    _sbackspace                              0x08000e8b   Thumb Code    34  _sgetc.o(.text)
    _dsqrt                                   0x08000ead   Thumb Code   162  dsqrt.o(.text)
    __ctype_lookup                           0x08000f51   Thumb Code    34  ctype_c.o(.text)
    __aeabi_ul2d                             0x08000f79   Thumb Code    24  dfltul.o(.text)
    ADC_Cmd                                  0x08000f91   Thumb Code    22  stm32f10x_adc.o(i.ADC_Cmd)
    ADC_DMACmd                               0x08000fa7   Thumb Code    22  stm32f10x_adc.o(i.ADC_DMACmd)
    ADC_GetCalibrationStatus                 0x08000fbd   Thumb Code    20  stm32f10x_adc.o(i.ADC_GetCalibrationStatus)
    ADC_Init                                 0x08000fd1   Thumb Code    70  stm32f10x_adc.o(i.ADC_Init)
    ADC_RegularChannelConfig                 0x08001021   Thumb Code   184  stm32f10x_adc.o(i.ADC_RegularChannelConfig)
    ADC_ResetCalibration                     0x080010d9   Thumb Code    10  stm32f10x_adc.o(i.ADC_ResetCalibration)
    ADC_SoftwareStartConvCmd                 0x080010e3   Thumb Code    22  stm32f10x_adc.o(i.ADC_SoftwareStartConvCmd)
    ADC_StartCalibration                     0x080010f9   Thumb Code    10  stm32f10x_adc.o(i.ADC_StartCalibration)
    ANO_DMA_SEND_DATA                        0x08001105   Thumb Code   454  usart1.o(i.ANO_DMA_SEND_DATA)
    ANO_DT_Data_Receive_Anl                  0x08001319   Thumb Code   322  usart1.o(i.ANO_DT_Data_Receive_Anl)
    ANO_DT_Data_Receive_Prepare              0x08001479   Thumb Code   216  usart1.o(i.ANO_DT_Data_Receive_Prepare)
    ANO_DT_Send_PID                          0x080015e9   Thumb Code   516  usart1.o(i.ANO_DT_Send_PID)
    ANO_DT_Send_Power                        0x080017f5   Thumb Code   174  usart1.o(i.ANO_DT_Send_Power)
    ANO_DT_Send_RCData                       0x080018ad   Thumb Code   354  usart1.o(i.ANO_DT_Send_RCData)
    ANO_DT_Send_Senser                       0x08001a15   Thumb Code   378  usart1.o(i.ANO_DT_Send_Senser)
    ANO_DT_Send_Status                       0x08001b95   Thumb Code   308  usart1.o(i.ANO_DT_Send_Status)
    ANO_DT_Send_User                         0x08001cd5   Thumb Code   850  usart1.o(i.ANO_DT_Send_User)
    BluetoothUsart_init                      0x0800202d   Thumb Code   136  bluetooth.o(i.BluetoothUsart_init)
    BusFault_Handler                         0x080020bd   Thumb Code     4  stm32f10x_it.o(i.BusFault_Handler)
    CarSpeedCtrlForwardOrBackward            0x080020c1   Thumb Code    56  controller.o(i.CarSpeedCtrlForwardOrBackward)
    CarSpeedCtrlLeftOrRight                  0x08002101   Thumb Code    58  controller.o(i.CarSpeedCtrlLeftOrRight)
    DMA_Cmd                                  0x08002145   Thumb Code    24  stm32f10x_dma.o(i.DMA_Cmd)
    DMA_DeInit                               0x0800215d   Thumb Code   324  stm32f10x_dma.o(i.DMA_DeInit)
    DMA_Init                                 0x080022a9   Thumb Code    60  stm32f10x_dma.o(i.DMA_Init)
    DebugMon_Handler                         0x080022e5   Thumb Code     2  stm32f10x_it.o(i.DebugMon_Handler)
    EXTI15_10_IRQHandler                     0x080022e9   Thumb Code   162  ultrasonic.o(i.EXTI15_10_IRQHandler)
    EXTI_ClearITPendingBit                   0x080023ad   Thumb Code     6  stm32f10x_exti.o(i.EXTI_ClearITPendingBit)
    EXTI_GetITStatus                         0x080023b9   Thumb Code    34  stm32f10x_exti.o(i.EXTI_GetITStatus)
    EXTI_Init                                0x080023e1   Thumb Code   142  stm32f10x_exti.o(i.EXTI_Init)
    Encoder_A_init                           0x08002475   Thumb Code   164  pwm.o(i.Encoder_A_init)
    Encoder_B_init                           0x08002521   Thumb Code   164  pwm.o(i.Encoder_B_init)
    FLASH_ClearFlag                          0x080025cd   Thumb Code     6  stm32f10x_flash.o(i.FLASH_ClearFlag)
    FLASH_ErasePage                          0x080025d9   Thumb Code    72  stm32f10x_flash.o(i.FLASH_ErasePage)
    FLASH_GetBank1Status                     0x08002625   Thumb Code    48  stm32f10x_flash.o(i.FLASH_GetBank1Status)
    FLASH_LockBank1                          0x08002659   Thumb Code    14  stm32f10x_flash.o(i.FLASH_LockBank1)
    FLASH_ProgramOptionByteData              0x0800266d   Thumb Code    72  stm32f10x_flash.o(i.FLASH_ProgramOptionByteData)
    FLASH_ProgramWord                        0x080026c1   Thumb Code   102  stm32f10x_flash.o(i.FLASH_ProgramWord)
    FLASH_UnlockBank1                        0x0800272d   Thumb Code    12  stm32f10x_flash.o(i.FLASH_UnlockBank1)
    FLASH_WaitForLastOperation               0x08002745   Thumb Code    38  stm32f10x_flash.o(i.FLASH_WaitForLastOperation)
    FlashReadNineFloat                       0x0800276d   Thumb Code   434  flash.o(i.FlashReadNineFloat)
    FlashWriteByte                           0x08002925   Thumb Code    54  flash.o(i.FlashWriteByte)
    FlashWriteNineFloat                      0x08002965   Thumb Code   254  flash.o(i.FlashWriteNineFloat)
    ForceIntLimit                            0x08002a6d   Thumb Code    18  imath.o(i.ForceIntLimit)
    GPIO_EXTILineConfig                      0x08002a81   Thumb Code    60  stm32f10x_gpio.o(i.GPIO_EXTILineConfig)
    GPIO_Init                                0x08002ac1   Thumb Code   278  stm32f10x_gpio.o(i.GPIO_Init)
    GPIO_PinRemapConfig                      0x08002bd9   Thumb Code   138  stm32f10x_gpio.o(i.GPIO_PinRemapConfig)
    GPIO_ReadInputDataBit                    0x08002c69   Thumb Code    18  stm32f10x_gpio.o(i.GPIO_ReadInputDataBit)
    GPIO_ResetBits                           0x08002c7b   Thumb Code     4  stm32f10x_gpio.o(i.GPIO_ResetBits)
    GPIO_SetBits                             0x08002c7f   Thumb Code     4  stm32f10x_gpio.o(i.GPIO_SetBits)
    GPIO_StructInit                          0x08002c83   Thumb Code    16  stm32f10x_gpio.o(i.GPIO_StructInit)
    HCSR04_Init                              0x08002c95   Thumb Code   138  ultrasonic.o(i.HCSR04_Init)
    HardFault_Handler                        0x08002d29   Thumb Code     4  stm32f10x_it.o(i.HardFault_Handler)
    IICO_Start                               0x08002d2d   Thumb Code    36  oled.o(i.IICO_Start)
    IICO_Stop                                0x08002d55   Thumb Code    28  oled.o(i.IICO_Stop)
    IICO_Wait_Ack                            0x08002d75   Thumb Code    20  oled.o(i.IICO_Wait_Ack)
    IIC_Init                                 0x08002d8d   Thumb Code    94  iic.o(i.IIC_Init)
    IIC_Read_Byte                            0x08002df1   Thumb Code    62  iic.o(i.IIC_Read_Byte)
    IIC_Read_One_Byte                        0x08002e35   Thumb Code    52  iic.o(i.IIC_Read_One_Byte)
    IIC_Send_Byte                            0x08002e69   Thumb Code    98  iic.o(i.IIC_Send_Byte)
    IIC_Slave_Ack                            0x08002ed1   Thumb Code    84  iic.o(i.IIC_Slave_Ack)
    IIC_Start                                0x08002f29   Thumb Code    36  iic.o(i.IIC_Start)
    IIC_Stop                                 0x08002f51   Thumb Code    56  iic.o(i.IIC_Stop)
    IIC_Write_One_Byte                       0x08002f8d   Thumb Code    36  iic.o(i.IIC_Write_One_Byte)
    Matrix_ready                             0x08002fb3   Thumb Code    12  imu.o(i.Matrix_ready)
    MemManage_Handler                        0x08002fbf   Thumb Code     4  stm32f10x_it.o(i.MemManage_Handler)
    NMI_Handler                              0x08002fc3   Thumb Code     2  stm32f10x_it.o(i.NMI_Handler)
    NVIC_Init                                0x08002fc5   Thumb Code   100  misc.o(i.NVIC_Init)
    NVIC_PriorityGroupConfig                 0x08003035   Thumb Code    10  misc.o(i.NVIC_PriorityGroupConfig)
    NVIC_config                              0x08003049   Thumb Code    86  nvic.o(i.NVIC_config)
    OLED_Clear                               0x0800309f   Thumb Code    62  oled.o(i.OLED_Clear)
    OLED_Init                                0x080030dd   Thumb Code   274  oled.o(i.OLED_Init)
    OLED_Set_Pos                             0x080031f5   Thumb Code    40  oled.o(i.OLED_Set_Pos)
    OLED_ShowChar                            0x0800321d   Thumb Code   154  oled.o(i.OLED_ShowChar)
    OLED_ShowNum                             0x080032c1   Thumb Code   136  oled.o(i.OLED_ShowNum)
    OLED_ShowString                          0x08003349   Thumb Code    58  oled.o(i.OLED_ShowString)
    OLED_WR_Byte                             0x08003383   Thumb Code    24  oled.o(i.OLED_WR_Byte)
    OledShowDatas                            0x08003425   Thumb Code    40  oled.o(i.OledShowDatas)
    ParseBluetoothMessage                    0x08003695   Thumb Code   348  bluetooth.o(i.ParseBluetoothMessage)
    PendSV_Handler                           0x080037f9   Thumb Code     2  stm32f10x_it.o(i.PendSV_Handler)
    PickUpTheCar                             0x080037fd   Thumb Code    60  controller.o(i.PickUpTheCar)
    PutDownTheCar                            0x08003841   Thumb Code   102  controller.o(i.PutDownTheCar)
    RCC_ADCCLKConfig                         0x080038b9   Thumb Code    18  stm32f10x_rcc.o(i.RCC_ADCCLKConfig)
    RCC_AHBPeriphClockCmd                    0x080038d1   Thumb Code    26  stm32f10x_rcc.o(i.RCC_AHBPeriphClockCmd)
    RCC_APB1PeriphClockCmd                   0x080038f1   Thumb Code    26  stm32f10x_rcc.o(i.RCC_APB1PeriphClockCmd)
    RCC_APB1PeriphResetCmd                   0x08003911   Thumb Code    26  stm32f10x_rcc.o(i.RCC_APB1PeriphResetCmd)
    RCC_APB2PeriphClockCmd                   0x08003931   Thumb Code    26  stm32f10x_rcc.o(i.RCC_APB2PeriphClockCmd)
    RCC_APB2PeriphResetCmd                   0x08003951   Thumb Code    26  stm32f10x_rcc.o(i.RCC_APB2PeriphResetCmd)
    RCC_GetClocksFreq                        0x08003971   Thumb Code   192  stm32f10x_rcc.o(i.RCC_GetClocksFreq)
    ReadCalData                              0x08003a45   Thumb Code    86  mpu6050.o(i.ReadCalData)
    SDA_IN                                   0x08003aa9   Thumb Code    26  iic.o(i.SDA_IN)
    SDA_OUT                                  0x08003ac9   Thumb Code    32  iic.o(i.SDA_OUT)
    SVC_Handler                              0x08003aed   Thumb Code     2  stm32f10x_it.o(i.SVC_Handler)
    SysTick_Handler                          0x08003bd9   Thumb Code   260  systick.o(i.SysTick_Handler)
    SystemCoreClockUpdate                    0x08003d01   Thumb Code   142  system_stm32f10x.o(i.SystemCoreClockUpdate)
    SystemInit                               0x08003da5   Thumb Code    78  system_stm32f10x.o(i.SystemInit)
    TIM1_UP_IRQHandler                       0x08004045   Thumb Code    20  timer.o(i.TIM1_UP_IRQHandler)
    TIM_ARRPreloadConfig                     0x0800405d   Thumb Code    24  stm32f10x_tim.o(i.TIM_ARRPreloadConfig)
    TIM_ClearFlag                            0x08004075   Thumb Code     6  stm32f10x_tim.o(i.TIM_ClearFlag)
    TIM_ClearITPendingBit                    0x0800407b   Thumb Code     6  stm32f10x_tim.o(i.TIM_ClearITPendingBit)
    TIM_Cmd                                  0x08004081   Thumb Code    24  stm32f10x_tim.o(i.TIM_Cmd)
    TIM_DeInit                               0x08004099   Thumb Code   424  stm32f10x_tim.o(i.TIM_DeInit)
    TIM_EncoderInterfaceConfig               0x08004281   Thumb Code    66  stm32f10x_tim.o(i.TIM_EncoderInterfaceConfig)
    TIM_GetCounter                           0x080042c3   Thumb Code     6  stm32f10x_tim.o(i.TIM_GetCounter)
    TIM_GetITStatus                          0x080042c9   Thumb Code    34  stm32f10x_tim.o(i.TIM_GetITStatus)
    TIM_ICInit                               0x080042ed   Thumb Code   150  stm32f10x_tim.o(i.TIM_ICInit)
    TIM_ICStructInit                         0x08004399   Thumb Code    18  stm32f10x_tim.o(i.TIM_ICStructInit)
    TIM_ITConfig                             0x080043ab   Thumb Code    18  stm32f10x_tim.o(i.TIM_ITConfig)
    TIM_OC1Init                              0x080043bd   Thumb Code   132  stm32f10x_tim.o(i.TIM_OC1Init)
    TIM_OC1PreloadConfig                     0x08004455   Thumb Code    18  stm32f10x_tim.o(i.TIM_OC1PreloadConfig)
    TIM_OC2Init                              0x08004469   Thumb Code   154  stm32f10x_tim.o(i.TIM_OC2Init)
    TIM_OC2PreloadConfig                     0x0800450d   Thumb Code    26  stm32f10x_tim.o(i.TIM_OC2PreloadConfig)
    TIM_SetCounter                           0x08004527   Thumb Code     4  stm32f10x_tim.o(i.TIM_SetCounter)
    TIM_SetIC1Prescaler                      0x0800452b   Thumb Code    18  stm32f10x_tim.o(i.TIM_SetIC1Prescaler)
    TIM_SetIC2Prescaler                      0x0800453d   Thumb Code    26  stm32f10x_tim.o(i.TIM_SetIC2Prescaler)
    TIM_SetIC3Prescaler                      0x08004557   Thumb Code    18  stm32f10x_tim.o(i.TIM_SetIC3Prescaler)
    TIM_SetIC4Prescaler                      0x08004569   Thumb Code    26  stm32f10x_tim.o(i.TIM_SetIC4Prescaler)
    TIM_TimeBaseInit                         0x08004585   Thumb Code   122  stm32f10x_tim.o(i.TIM_TimeBaseInit)
    TIM_TimeBaseStructInit                   0x08004629   Thumb Code    18  stm32f10x_tim.o(i.TIM_TimeBaseStructInit)
    USART1_IRQHandler                        0x0800463d   Thumb Code    78  usart1.o(i.USART1_IRQHandler)
    USART3_IRQHandler                        0x08004699   Thumb Code    74  bluetooth.o(i.USART3_IRQHandler)
    USART_ClearITPendingBit                  0x080046f5   Thumb Code    30  stm32f10x_usart.o(i.USART_ClearITPendingBit)
    USART_Cmd                                0x08004713   Thumb Code    24  stm32f10x_usart.o(i.USART_Cmd)
    USART_DMACmd                             0x0800472b   Thumb Code    18  stm32f10x_usart.o(i.USART_DMACmd)
    USART_GetFlagStatus                      0x0800473d   Thumb Code    26  stm32f10x_usart.o(i.USART_GetFlagStatus)
    USART_GetITStatus                        0x08004757   Thumb Code    84  stm32f10x_usart.o(i.USART_GetITStatus)
    USART_ITConfig                           0x080047ab   Thumb Code    74  stm32f10x_usart.o(i.USART_ITConfig)
    USART_Init                               0x080047f5   Thumb Code   210  stm32f10x_usart.o(i.USART_Init)
    USART_ReceiveData                        0x080048cd   Thumb Code    10  stm32f10x_usart.o(i.USART_ReceiveData)
    USART_SendData                           0x080048d7   Thumb Code     8  stm32f10x_usart.o(i.USART_SendData)
    USARTx_DMA_SEND_DATA                     0x080048e1   Thumb Code    40  usart1.o(i.USARTx_DMA_SEND_DATA)
    USARTx_DMA_TX_Config                     0x08004911   Thumb Code    74  usart1.o(i.USARTx_DMA_TX_Config)
    UltraSuccess                             0x0800495d   Thumb Code    18  ultrasonic.o(i.UltraSuccess)
    UltrasonicCheck                          0x08004975   Thumb Code    54  ultrasonic.o(i.UltrasonicCheck)
    UltrasonicWave_StartMeasure              0x080049b9   Thumb Code    26  ultrasonic.o(i.UltrasonicWave_StartMeasure)
    UsageFault_Handler                       0x080049d9   Thumb Code     4  stm32f10x_it.o(i.UsageFault_Handler)
    Write_IIC_Byte                           0x080049dd   Thumb Code    80  oled.o(i.Write_IIC_Byte)
    Write_IIC_Command                        0x08004a31   Thumb Code    44  oled.o(i.Write_IIC_Command)
    Write_IIC_Data                           0x08004a5d   Thumb Code    44  oled.o(i.Write_IIC_Data)
    __0printf                                0x08004aa1   Thumb Code    22  printfa.o(i.__0printf)
    __1printf                                0x08004aa1   Thumb Code     0  printfa.o(i.__0printf)
    __2printf                                0x08004aa1   Thumb Code     0  printfa.o(i.__0printf)
    __c89printf                              0x08004aa1   Thumb Code     0  printfa.o(i.__0printf)
    printf                                   0x08004aa1   Thumb Code     0  printfa.o(i.__0printf)
    __0snprintf                              0x08004ac1   Thumb Code    44  printfa.o(i.__0snprintf)
    __1snprintf                              0x08004ac1   Thumb Code     0  printfa.o(i.__0snprintf)
    __2snprintf                              0x08004ac1   Thumb Code     0  printfa.o(i.__0snprintf)
    __c89snprintf                            0x08004ac1   Thumb Code     0  printfa.o(i.__0snprintf)
    snprintf                                 0x08004ac1   Thumb Code     0  printfa.o(i.__0snprintf)
    __ARM_fpclassify                         0x08004af1   Thumb Code    40  fpclassify.o(i.__ARM_fpclassify)
    __kernel_poly                            0x08004b19   Thumb Code   170  poly.o(i.__kernel_poly)
    __mathlib_dbl_infnan                     0x08004bc3   Thumb Code     6  dunder.o(i.__mathlib_dbl_infnan)
    __mathlib_dbl_infnan2                    0x08004bc9   Thumb Code     4  dunder.o(i.__mathlib_dbl_infnan2)
    __mathlib_dbl_invalid                    0x08004bcd   Thumb Code    12  dunder.o(i.__mathlib_dbl_invalid)
    __mathlib_dbl_underflow                  0x08004bd9   Thumb Code    10  dunder.o(i.__mathlib_dbl_underflow)
    __read_errno                             0x08004be9   Thumb Code     6  errno.o(i.__read_errno)
    __scatterload_copy                       0x08004bf5   Thumb Code    14  handlers.o(i.__scatterload_copy)
    __scatterload_null                       0x08004c03   Thumb Code     2  handlers.o(i.__scatterload_null)
    __scatterload_zeroinit                   0x08004c05   Thumb Code    14  handlers.o(i.__scatterload_zeroinit)
    __set_errno                              0x08004c15   Thumb Code     6  errno.o(i.__set_errno)
    _ctr_out                                 0x08004c21   Thumb Code   190  controller.o(i._ctr_out)
    _is_digit                                0x08004e85   Thumb Code    14  scanf_fp.o(i._is_digit)
    _set_val                                 0x080055c3   Thumb Code    14  imath.o(i._set_val)
    acc_iir_lpf                              0x080055e7   Thumb Code    92  mpu6050.o(i.acc_iir_lpf)
    adc_config                               0x08005645   Thumb Code   136  adc.o(i.adc_config)
    adc_gpio_init                            0x080056d1   Thumb Code    32  adc.o(i.adc_gpio_init)
    adc_init                                 0x080056f5   Thumb Code    16  adc.o(i.adc_init)
    asin                                     0x08005705   Thumb Code   572  asin.o(i.asin)
    atan                                     0x08005975   Thumb Code   474  atan.o(i.atan)
    atan2                                    0x08005b95   Thumb Code   346  atan2.o(i.atan2)
    atof                                     0x08005d15   Thumb Code    42  atof.o(i.atof)
    butterworth_lpf                          0x08005d3f   Thumb Code   116  filter.o(i.butterworth_lpf)
    ctr_bal                                  0x08005db5   Thumb Code    78  controller.o(i.ctr_bal)
    ctr_turn                                 0x08005e0d   Thumb Code    94  controller.o(i.ctr_turn)
    ctr_vel                                  0x08005e81   Thumb Code   244  controller.o(i.ctr_vel)
    dir_config                               0x08005fa5   Thumb Code   104  controller.o(i.dir_config)
    dma_config                               0x08006015   Thumb Code    78  adc.o(i.dma_config)
    driver_pin_init                          0x08006071   Thumb Code   170  pwm.o(i.driver_pin_init)
    encoder_manage                           0x08006129   Thumb Code    38  pwm.o(i.encoder_manage)
    f_abs                                    0x08006155   Thumb Code    24  imath.o(i.f_abs)
    fputc                                    0x0800616d   Thumb Code    36  usart1.o(i.fputc)
    get_acc_g                                0x08006195   Thumb Code    44  mpu6050.o(i.get_acc_g)
    get_acc_raw                              0x080061c1   Thumb Code    80  mpu6050.o(i.get_acc_raw)
    get_deg_s                                0x08006239   Thumb Code    38  mpu6050.o(i.get_deg_s)
    get_gyro_raw                             0x08006265   Thumb Code   234  mpu6050.o(i.get_gyro_raw)
    get_iir_factor                           0x08006369   Thumb Code    54  mpu6050.o(i.get_iir_factor)
    get_mpu_id                               0x080063a5   Thumb Code    16  mpu6050.o(i.get_mpu_id)
    get_rad_s                                0x080063b5   Thumb Code    38  mpu6050.o(i.get_rad_s)
    gyro_cal                                 0x080063e1   Thumb Code   268  mpu6050.o(i.gyro_cal)
    i_limit                                  0x08006501   Thumb Code    26  imath.o(i.i_limit)
    int_abs                                  0x0800651b   Thumb Code    14  imath.o(i.int_abs)
    invSqrt                                  0x08006529   Thumb Code    72  imath.o(i.invSqrt)
    mahony_update                            0x08006575   Thumb Code  1216  imu.o(i.mahony_update)
    main                                     0x08006a39   Thumb Code   198  main.o(i.main)
    motor_pwm_out                            0x08006b29   Thumb Code    44  pwm.o(i.motor_pwm_out)
    mpu6050_init                             0x08006b55   Thumb Code    70  mpu6050.o(i.mpu6050_init)
    oled_pow                                 0x08006b9b   Thumb Code    22  oled.o(i.oled_pow)
    pwm_init                                 0x08006bb1   Thumb Code   174  pwm.o(i.pwm_init)
    read_encoder                             0x08006c65   Thumb Code    44  pwm.o(i.read_encoder)
    remoteCarForwardOrBackward               0x08006c99   Thumb Code   164  controller.o(i.remoteCarForwardOrBackward)
    remoteCarLeftOrRight                     0x08006d5d   Thumb Code   372  controller.o(i.remoteCarLeftOrRight)
    rotation_matrix                          0x08006ef9   Thumb Code   512  imu.o(i.rotation_matrix)
    rotation_matrix_T                        0x0800710d   Thumb Code   520  imu.o(i.rotation_matrix_T)
    shut_down                                0x08007329   Thumb Code    34  controller.o(i.shut_down)
    softTimesCountdown                       0x0800734d   Thumb Code    36  systick.o(i.softTimesCountdown)
    sqrt                                     0x08007375   Thumb Code    76  sqrt.o(i.sqrt)
    systick_init                             0x080073c1   Thumb Code   110  systick.o(i.systick_init)
    tdelay_ms                                0x0800743d   Thumb Code    24  imath.o(i.tdelay_ms)
    tdelay_us                                0x08007455   Thumb Code    26  imath.o(i.tdelay_us)
    timer_init                               0x08007471   Thumb Code    76  timer.o(i.timer_init)
    to_limit                                 0x080074c1   Thumb Code    14  imath.o(i.to_limit)
    usart1_init                              0x080074d1   Thumb Code   130  usart1.o(i.usart1_init)
    voltage_detection                        0x0800755d   Thumb Code    72  adc.o(i.voltage_detection)
    F6x8                                     0x080075b8   Data         552  oled.o(.constdata)
    F8X16                                    0x080077e0   Data        1520  oled.o(.constdata)
    __mathlib_zero                           0x08007eb8   Data           8  qnan.o(.constdata)
    __ctype_categories                       0x08007ec0   Data          64  ctype_c.o(.constdata)
    Region$$Table$$Base                      0x08007f00   Number         0  anon$$obj.o(Region$$Table)
    Region$$Table$$Limit                     0x08007f20   Number         0  anon$$obj.o(Region$$Table)
    SystemCoreClock                          0x20000000   Data           4  system_stm32f10x.o(.data)
    AHBPrescTable                            0x20000004   Data          16  system_stm32f10x.o(.data)
    _led                                     0x20000014   Data           1  led.o(.data)
    __stdout                                 0x2000001c   Data           4  usart1.o(.data)
    bufIndex                                 0x20000020   Data           2  usart1.o(.data)
    BlueToothBufIndex                        0x20000028   Data           2  bluetooth.o(.data)
    BlueToothNumbers                         0x2000002c   Data           4  bluetooth.o(.data)
    BluetoothParseMsg                        0x20000030   Data          12  bluetooth.o(.data)
    BlueRecvData                             0x2000003c   Data           1  bluetooth.o(.data)
    BlueRcvLen                               0x2000003d   Data           1  bluetooth.o(.data)
    acc_raw                                  0x20000040   Data           6  mpu6050.o(.data)
    gyro_raw                                 0x20000046   Data           6  mpu6050.o(.data)
    gyro_30hz_parameter                      0x2000004c   Data          24  mpu6050.o(.data)
    acc_5hz_parameter                        0x20000064   Data          24  mpu6050.o(.data)
    q0                                       0x2000007c   Data           4  imu.o(.data)
    q1                                       0x20000080   Data           4  imu.o(.data)
    q2                                       0x20000084   Data           4  imu.o(.data)
    q3                                       0x20000088   Data           4  imu.o(.data)
    exInt                                    0x2000008c   Data           4  imu.o(.data)
    eyInt                                    0x20000090   Data           4  imu.o(.data)
    ezInt                                    0x20000094   Data           4  imu.o(.data)
    encoder_val_a                            0x20000098   Data           4  pwm.o(.data)
    encoder_val_b                            0x2000009c   Data           4  pwm.o(.data)
    Motor1                                   0x200000a0   Data           4  controller.o(.data)
    Motor2                                   0x200000a4   Data           4  controller.o(.data)
    vel                                      0x200000a8   Data          12  controller.o(.data)
    bal                                      0x200000b4   Data          12  controller.o(.data)
    tur                                      0x200000c0   Data          12  controller.o(.data)
    CarStepForwardOrBackward                 0x200000d0   Data           4  controller.o(.data)
    CarStepLeftOrRight                       0x200000d4   Data           4  controller.o(.data)
    flash_flag                               0x200000f8   Data           4  flash.o(.data)
    flash_status                             0x200000fc   Data           1  flash.o(.data)
    adc_value                                0x200000fe   Data           2  adc.o(.data)
    getDistance                              0x20000100   Data           4  ultrasonic.o(.data)
    EchoFlag                                 0x20000104   Data           2  ultrasonic.o(.data)
    disCounter                               0x20000106   Data           2  ultrasonic.o(.data)
    UltraFlag                                0x20000108   Data           1  ultrasonic.o(.data)
    softTimes                                0x20000128   Data          20  systick.o(.bss)
    data_to_send                             0x2000013c   Data         100  usart1.o(.bss)
    USART_RX_DATA                            0x200001a0   Data         100  usart1.o(.bss)
    f                                        0x20000204   Data          13  usart1.o(.bss)
    BlueTooth_data_to_send                   0x20000243   Data         100  bluetooth.o(.bss)
    USARTxBlueTooth_RX_DATA                  0x200002a7   Data         100  bluetooth.o(.bss)
    Bluetooth                                0x2000030b   Data          13  bluetooth.o(.bss)
    gyro_raw_cal                             0x20000318   Data          12  mpu6050.o(.bss)
    acc_raw_f                                0x20000324   Data          12  mpu6050.o(.bss)
    gyro_raw_f                               0x20000330   Data          12  mpu6050.o(.bss)
    acc_att_lpf                              0x2000033c   Data          12  mpu6050.o(.bss)
    gyro_lpf                                 0x20000348   Data          12  mpu6050.o(.bss)
    gyro_offset                              0x20000354   Data          12  mpu6050.o(.bss)
    Mpu                                      0x20000360   Data          44  mpu6050.o(.bss)
    CalGyro                                  0x2000038c   Data          64  mpu6050.o(.bss)
    gyro_butter_data                         0x200003cc   Data          72  mpu6050.o(.bss)
    acc_butter_data                          0x20000414   Data          72  mpu6050.o(.bss)
    Mat                                      0x2000045c   Data          72  imu.o(.bss)
    att                                      0x200004a4   Data          36  imu.o(.bss)
    ReadFlashVel                             0x200004c8   Data          12  controller.o(.bss)
    ReadFlashBal                             0x200004d4   Data          12  controller.o(.bss)
    ReadFlashTur                             0x200004e0   Data          12  controller.o(.bss)
    WriteFlashVel                            0x200004ec   Data          12  controller.o(.bss)
    WriteFlashBal                            0x200004f8   Data          12  controller.o(.bss)
    WriteFlashTur                            0x20000504   Data          12  controller.o(.bss)
    ctr                                      0x20000510   Data          68  controller.o(.bss)
    remote                                   0x20000554   Data          20  controller.o(.bss)
    bat                                      0x20000568   Data          12  adc.o(.bss)
    Data                                     0x20000574   Data           9  ps2.o(.bss)
    PS2                                      0x20000580   Data          20  ps2.o(.bss)
    __initial_sp                             0x20000998   Data           0  startup_stm32f10x_md.o(STACK)



==============================================================================

Memory Map of the image

  Image Entry point : 0x080000ed

  Load Region LR_IROM1 (Base: 0x08000000, Size: 0x00008048, Max: 0x00010000, ABSOLUTE)

    Execution Region ER_IROM1 (Exec base: 0x08000000, Load base: 0x08000000, Size: 0x00007f20, Max: 0x00010000, ABSOLUTE)

    Exec Addr    Load Addr    Size         Type   Attr      Idx    E Section Name        Object

    0x08000000   0x08000000   0x000000ec   Data   RO         3452    RESET               startup_stm32f10x_md.o
    0x080000ec   0x080000ec   0x00000000   Code   RO         3479  * .ARM.Collect$$$$00000000  mc_w.l(entry.o)
    0x080000ec   0x080000ec   0x00000004   Code   RO         3820    .ARM.Collect$$$$00000001  mc_w.l(entry2.o)
    0x080000f0   0x080000f0   0x00000004   Code   RO         3823    .ARM.Collect$$$$00000004  mc_w.l(entry5.o)
    0x080000f4   0x080000f4   0x00000000   Code   RO         3825    .ARM.Collect$$$$00000008  mc_w.l(entry7b.o)
    0x080000f4   0x080000f4   0x00000000   Code   RO         3827    .ARM.Collect$$$$0000000A  mc_w.l(entry8b.o)
    0x080000f4   0x080000f4   0x00000008   Code   RO         3828    .ARM.Collect$$$$0000000B  mc_w.l(entry9a.o)
    0x080000fc   0x080000fc   0x00000000   Code   RO         3830    .ARM.Collect$$$$0000000D  mc_w.l(entry10a.o)
    0x080000fc   0x080000fc   0x00000000   Code   RO         3832    .ARM.Collect$$$$0000000F  mc_w.l(entry11a.o)
    0x080000fc   0x080000fc   0x00000004   Code   RO         3821    .ARM.Collect$$$$00002712  mc_w.l(entry2.o)
    0x08000100   0x08000100   0x00000024   Code   RO         3453    .text               startup_stm32f10x_md.o
    0x08000124   0x08000124   0x00000024   Code   RO         3482    .text               mc_w.l(memseta.o)
    0x08000148   0x08000148   0x00000044   Code   RO         3486    .text               mc_w.l(strtok.o)
    0x0800018c   0x0800018c   0x000000b0   Code   RO         3753    .text               mf_w.l(fadd.o)
    0x0800023c   0x0800023c   0x00000064   Code   RO         3755    .text               mf_w.l(fmul.o)
    0x080002a0   0x080002a0   0x0000007c   Code   RO         3757    .text               mf_w.l(fdiv.o)
    0x0800031c   0x0800031c   0x0000014e   Code   RO         3759    .text               mf_w.l(dadd.o)
    0x0800046a   0x0800046a   0x000000e4   Code   RO         3761    .text               mf_w.l(dmul.o)
    0x0800054e   0x0800054e   0x00000012   Code   RO         3763    .text               mf_w.l(fflti.o)
    0x08000560   0x08000560   0x0000000a   Code   RO         3765    .text               mf_w.l(ffltui.o)
    0x0800056a   0x0800056a   0x00000032   Code   RO         3767    .text               mf_w.l(ffixi.o)
    0x0800059c   0x0800059c   0x00000028   Code   RO         3769    .text               mf_w.l(ffixui.o)
    0x080005c4   0x080005c4   0x0000003e   Code   RO         3771    .text               mf_w.l(dfixi.o)
    0x08000602   0x08000602   0x00000032   Code   RO         3773    .text               mf_w.l(dfixui.o)
    0x08000634   0x08000634   0x00000026   Code   RO         3775    .text               mf_w.l(f2d.o)
    0x0800065a   0x0800065a   0x00000038   Code   RO         3777    .text               mf_w.l(d2f.o)
    0x08000692   0x08000692   0x00000002   PAD
    0x08000694   0x08000694   0x00000014   Code   RO         3779    .text               mf_w.l(cfcmple.o)
    0x080006a8   0x080006a8   0x00000014   Code   RO         3781    .text               mf_w.l(cfrcmple.o)
    0x080006bc   0x080006bc   0x0000002c   Code   RO         3834    .text               mc_w.l(uidiv.o)
    0x080006e8   0x080006e8   0x00000062   Code   RO         3836    .text               mc_w.l(uldiv.o)
    0x0800074a   0x0800074a   0x0000001e   Code   RO         3838    .text               mc_w.l(llshl.o)
    0x08000768   0x08000768   0x00000020   Code   RO         3840    .text               mc_w.l(llushr.o)
    0x08000788   0x08000788   0x00000024   Code   RO         3842    .text               mc_w.l(llsshr.o)
    0x080007ac   0x080007ac   0x0000009c   Code   RO         3851    .text               mc_w.l(strtod.o)
    0x08000848   0x08000848   0x00000000   Code   RO         3853    .text               mc_w.l(iusefp.o)
    0x08000848   0x08000848   0x0000006e   Code   RO         3854    .text               mf_w.l(fepilogue.o)
    0x080008b6   0x080008b6   0x000000ba   Code   RO         3856    .text               mf_w.l(depilogue.o)
    0x08000970   0x08000970   0x000000de   Code   RO         3858    .text               mf_w.l(ddiv.o)
    0x08000a4e   0x08000a4e   0x0000002e   Code   RO         3860    .text               mf_w.l(dscalb.o)
    0x08000a7c   0x08000a7c   0x00000030   Code   RO         3862    .text               mf_w.l(dfixul.o)
    0x08000aac   0x08000aac   0x00000030   Code   RO         3864    .text               mf_w.l(cdrcmple.o)
    0x08000adc   0x08000adc   0x00000024   Code   RO         3866    .text               mc_w.l(init.o)
    0x08000b00   0x08000b00   0x0000000a   Code   RO         3868    .text               mc_w.l(isspace_c.o)
    0x08000b0a   0x08000b0a   0x00000002   PAD
    0x08000b0c   0x08000b0c   0x00000360   Code   RO         3870    .text               mc_w.l(scanf_fp.o)
    0x08000e6c   0x08000e6c   0x00000040   Code   RO         3874    .text               mc_w.l(_sgetc.o)
    0x08000eac   0x08000eac   0x000000a2   Code   RO         3876    .text               mf_w.l(dsqrt.o)
    0x08000f4e   0x08000f4e   0x00000002   PAD
    0x08000f50   0x08000f50   0x00000028   Code   RO         3880    .text               mc_w.l(ctype_c.o)
    0x08000f78   0x08000f78   0x00000018   Code   RO         3883    .text               mf_w.l(dfltul.o)
    0x08000f90   0x08000f90   0x00000016   Code   RO         1737    i.ADC_Cmd           stm32f10x_adc.o
    0x08000fa6   0x08000fa6   0x00000016   Code   RO         1738    i.ADC_DMACmd        stm32f10x_adc.o
    0x08000fbc   0x08000fbc   0x00000014   Code   RO         1745    i.ADC_GetCalibrationStatus  stm32f10x_adc.o
    0x08000fd0   0x08000fd0   0x00000050   Code   RO         1755    i.ADC_Init          stm32f10x_adc.o
    0x08001020   0x08001020   0x000000b8   Code   RO         1759    i.ADC_RegularChannelConfig  stm32f10x_adc.o
    0x080010d8   0x080010d8   0x0000000a   Code   RO         1760    i.ADC_ResetCalibration  stm32f10x_adc.o
    0x080010e2   0x080010e2   0x00000016   Code   RO         1762    i.ADC_SoftwareStartConvCmd  stm32f10x_adc.o
    0x080010f8   0x080010f8   0x0000000a   Code   RO         1764    i.ADC_StartCalibration  stm32f10x_adc.o
    0x08001102   0x08001102   0x00000002   PAD
    0x08001104   0x08001104   0x00000214   Code   RO          515    i.ANO_DMA_SEND_DATA  usart1.o
    0x08001318   0x08001318   0x00000160   Code   RO          516    i.ANO_DT_Data_Receive_Anl  usart1.o
    0x08001478   0x08001478   0x000000e8   Code   RO          517    i.ANO_DT_Data_Receive_Prepare  usart1.o
    0x08001560   0x08001560   0x00000044   Code   RO          518    i.ANO_DT_Send_Check  usart1.o
    0x080015a4   0x080015a4   0x00000044   Code   RO          519    i.ANO_DT_Send_MSG   usart1.o
    0x080015e8   0x080015e8   0x0000020c   Code   RO          520    i.ANO_DT_Send_PID   usart1.o
    0x080017f4   0x080017f4   0x000000b8   Code   RO          521    i.ANO_DT_Send_Power  usart1.o
    0x080018ac   0x080018ac   0x00000168   Code   RO          522    i.ANO_DT_Send_RCData  usart1.o
    0x08001a14   0x08001a14   0x00000180   Code   RO          523    i.ANO_DT_Send_Senser  usart1.o
    0x08001b94   0x08001b94   0x00000140   Code   RO          524    i.ANO_DT_Send_Status  usart1.o
    0x08001cd4   0x08001cd4   0x00000358   Code   RO          525    i.ANO_DT_Send_User  usart1.o
    0x0800202c   0x0800202c   0x00000090   Code   RO          635    i.BluetoothUsart_init  bluetooth.o
    0x080020bc   0x080020bc   0x00000004   Code   RO          184    i.BusFault_Handler  stm32f10x_it.o
    0x080020c0   0x080020c0   0x00000040   Code   RO         1016    i.CarSpeedCtrlForwardOrBackward  controller.o
    0x08002100   0x08002100   0x00000044   Code   RO         1017    i.CarSpeedCtrlLeftOrRight  controller.o
    0x08002144   0x08002144   0x00000018   Code   RO         1955    i.DMA_Cmd           stm32f10x_dma.o
    0x0800215c   0x0800215c   0x0000014c   Code   RO         1956    i.DMA_DeInit        stm32f10x_dma.o
    0x080022a8   0x080022a8   0x0000003c   Code   RO         1961    i.DMA_Init          stm32f10x_dma.o
    0x080022e4   0x080022e4   0x00000002   Code   RO          185    i.DebugMon_Handler  stm32f10x_it.o
    0x080022e6   0x080022e6   0x00000002   PAD
    0x080022e8   0x080022e8   0x000000c4   Code   RO         1508    i.EXTI15_10_IRQHandler  ultrasonic.o
    0x080023ac   0x080023ac   0x0000000c   Code   RO         3386    i.EXTI_ClearITPendingBit  stm32f10x_exti.o
    0x080023b8   0x080023b8   0x00000028   Code   RO         3390    i.EXTI_GetITStatus  stm32f10x_exti.o
    0x080023e0   0x080023e0   0x00000094   Code   RO         3391    i.EXTI_Init         stm32f10x_exti.o
    0x08002474   0x08002474   0x000000ac   Code   RO          962    i.Encoder_A_init    pwm.o
    0x08002520   0x08002520   0x000000ac   Code   RO          963    i.Encoder_B_init    pwm.o
    0x080025cc   0x080025cc   0x0000000c   Code   RO         2025    i.FLASH_ClearFlag   stm32f10x_flash.o
    0x080025d8   0x080025d8   0x0000004c   Code   RO         2030    i.FLASH_ErasePage   stm32f10x_flash.o
    0x08002624   0x08002624   0x00000034   Code   RO         2031    i.FLASH_GetBank1Status  stm32f10x_flash.o
    0x08002658   0x08002658   0x00000014   Code   RO         2041    i.FLASH_LockBank1   stm32f10x_flash.o
    0x0800266c   0x0800266c   0x00000054   Code   RO         2044    i.FLASH_ProgramOptionByteData  stm32f10x_flash.o
    0x080026c0   0x080026c0   0x0000006c   Code   RO         2045    i.FLASH_ProgramWord  stm32f10x_flash.o
    0x0800272c   0x0800272c   0x00000018   Code   RO         2049    i.FLASH_UnlockBank1  stm32f10x_flash.o
    0x08002744   0x08002744   0x00000026   Code   RO         2052    i.FLASH_WaitForLastOperation  stm32f10x_flash.o
    0x0800276a   0x0800276a   0x00000002   PAD
    0x0800276c   0x0800276c   0x000001b8   Code   RO         1233    i.FlashReadNineFloat  flash.o
    0x08002924   0x08002924   0x00000040   Code   RO         1234    i.FlashWriteByte    flash.o
    0x08002964   0x08002964   0x00000108   Code   RO         1236    i.FlashWriteNineFloat  flash.o
    0x08002a6c   0x08002a6c   0x00000012   Code   RO          834    i.ForceIntLimit     imath.o
    0x08002a7e   0x08002a7e   0x00000002   PAD
    0x08002a80   0x08002a80   0x00000040   Code   RO         2202    i.GPIO_EXTILineConfig  stm32f10x_gpio.o
    0x08002ac0   0x08002ac0   0x00000116   Code   RO         2205    i.GPIO_Init         stm32f10x_gpio.o
    0x08002bd6   0x08002bd6   0x00000002   PAD
    0x08002bd8   0x08002bd8   0x00000090   Code   RO         2207    i.GPIO_PinRemapConfig  stm32f10x_gpio.o
    0x08002c68   0x08002c68   0x00000012   Code   RO         2209    i.GPIO_ReadInputDataBit  stm32f10x_gpio.o
    0x08002c7a   0x08002c7a   0x00000004   Code   RO         2212    i.GPIO_ResetBits    stm32f10x_gpio.o
    0x08002c7e   0x08002c7e   0x00000004   Code   RO         2213    i.GPIO_SetBits      stm32f10x_gpio.o
    0x08002c82   0x08002c82   0x00000010   Code   RO         2214    i.GPIO_StructInit   stm32f10x_gpio.o
    0x08002c92   0x08002c92   0x00000002   PAD
    0x08002c94   0x08002c94   0x00000094   Code   RO         1509    i.HCSR04_Init       ultrasonic.o
    0x08002d28   0x08002d28   0x00000004   Code   RO          186    i.HardFault_Handler  stm32f10x_it.o
    0x08002d2c   0x08002d2c   0x00000028   Code   RO         1292    i.IICO_Start        oled.o
    0x08002d54   0x08002d54   0x00000020   Code   RO         1293    i.IICO_Stop         oled.o
    0x08002d74   0x08002d74   0x00000018   Code   RO         1294    i.IICO_Wait_Ack     oled.o
    0x08002d8c   0x08002d8c   0x00000064   Code   RO          438    i.IIC_Init          iic.o
    0x08002df0   0x08002df0   0x00000044   Code   RO          439    i.IIC_Read_Byte     iic.o
    0x08002e34   0x08002e34   0x00000034   Code   RO          440    i.IIC_Read_One_Byte  iic.o
    0x08002e68   0x08002e68   0x00000068   Code   RO          442    i.IIC_Send_Byte     iic.o
    0x08002ed0   0x08002ed0   0x00000058   Code   RO          443    i.IIC_Slave_Ack     iic.o
    0x08002f28   0x08002f28   0x00000028   Code   RO          444    i.IIC_Start         iic.o
    0x08002f50   0x08002f50   0x0000003c   Code   RO          445    i.IIC_Stop          iic.o
    0x08002f8c   0x08002f8c   0x00000024   Code   RO          446    i.IIC_Write_One_Byte  iic.o
    0x08002fb0   0x08002fb0   0x00000002   Code   RO          447    i.IIC_delay         iic.o
    0x08002fb2   0x08002fb2   0x0000000c   Code   RO          781    i.Matrix_ready      imu.o
    0x08002fbe   0x08002fbe   0x00000004   Code   RO          187    i.MemManage_Handler  stm32f10x_it.o
    0x08002fc2   0x08002fc2   0x00000002   Code   RO          188    i.NMI_Handler       stm32f10x_it.o
    0x08002fc4   0x08002fc4   0x00000070   Code   RO         1695    i.NVIC_Init         misc.o
    0x08003034   0x08003034   0x00000014   Code   RO         1696    i.NVIC_PriorityGroupConfig  misc.o
    0x08003048   0x08003048   0x00000056   Code   RO         1280    i.NVIC_config       nvic.o
    0x0800309e   0x0800309e   0x0000003e   Code   RO         1295    i.OLED_Clear        oled.o
    0x080030dc   0x080030dc   0x00000118   Code   RO         1298    i.OLED_Init         oled.o
    0x080031f4   0x080031f4   0x00000028   Code   RO         1300    i.OLED_Set_Pos      oled.o
    0x0800321c   0x0800321c   0x000000a4   Code   RO         1302    i.OLED_ShowChar     oled.o
    0x080032c0   0x080032c0   0x00000088   Code   RO         1303    i.OLED_ShowNum      oled.o
    0x08003348   0x08003348   0x0000003a   Code   RO         1304    i.OLED_ShowString   oled.o
    0x08003382   0x08003382   0x00000018   Code   RO         1305    i.OLED_WR_Byte      oled.o
    0x0800339a   0x0800339a   0x00000002   PAD
    0x0800339c   0x0800339c   0x00000088   Code   RO         1306    i.OledShowAngle     oled.o
    0x08003424   0x08003424   0x0000003c   Code   RO         1307    i.OledShowDatas     oled.o
    0x08003460   0x08003460   0x00000088   Code   RO         1308    i.OledShowDegs      oled.o
    0x080034e8   0x080034e8   0x0000004c   Code   RO         1309    i.OledShowDistance  oled.o
    0x08003534   0x08003534   0x000000d8   Code   RO         1310    i.OledShowEncoder   oled.o
    0x0800360c   0x0800360c   0x00000088   Code   RO         1312    i.OledShowVbat      oled.o
    0x08003694   0x08003694   0x00000164   Code   RO          636    i.ParseBluetoothMessage  bluetooth.o
    0x080037f8   0x080037f8   0x00000002   Code   RO          189    i.PendSV_Handler    stm32f10x_it.o
    0x080037fa   0x080037fa   0x00000002   PAD
    0x080037fc   0x080037fc   0x00000044   Code   RO         1018    i.PickUpTheCar      controller.o
    0x08003840   0x08003840   0x00000078   Code   RO         1019    i.PutDownTheCar     controller.o
    0x080038b8   0x080038b8   0x00000018   Code   RO         2313    i.RCC_ADCCLKConfig  stm32f10x_rcc.o
    0x080038d0   0x080038d0   0x00000020   Code   RO         2314    i.RCC_AHBPeriphClockCmd  stm32f10x_rcc.o
    0x080038f0   0x080038f0   0x00000020   Code   RO         2315    i.RCC_APB1PeriphClockCmd  stm32f10x_rcc.o
    0x08003910   0x08003910   0x00000020   Code   RO         2316    i.RCC_APB1PeriphResetCmd  stm32f10x_rcc.o
    0x08003930   0x08003930   0x00000020   Code   RO         2317    i.RCC_APB2PeriphClockCmd  stm32f10x_rcc.o
    0x08003950   0x08003950   0x00000020   Code   RO         2318    i.RCC_APB2PeriphResetCmd  stm32f10x_rcc.o
    0x08003970   0x08003970   0x000000d4   Code   RO         2325    i.RCC_GetClocksFreq  stm32f10x_rcc.o
    0x08003a44   0x08003a44   0x00000064   Code   RO          685    i.ReadCalData       mpu6050.o
    0x08003aa8   0x08003aa8   0x00000020   Code   RO          448    i.SDA_IN            iic.o
    0x08003ac8   0x08003ac8   0x00000024   Code   RO          449    i.SDA_OUT           iic.o
    0x08003aec   0x08003aec   0x00000002   Code   RO          190    i.SVC_Handler       stm32f10x_it.o
    0x08003aee   0x08003aee   0x00000008   Code   RO          241    i.SetSysClock       system_stm32f10x.o
    0x08003af6   0x08003af6   0x00000002   PAD
    0x08003af8   0x08003af8   0x000000e0   Code   RO          242    i.SetSysClockTo72   system_stm32f10x.o
    0x08003bd8   0x08003bd8   0x00000128   Code   RO          275    i.SysTick_Handler   systick.o
    0x08003d00   0x08003d00   0x000000a4   Code   RO          243    i.SystemCoreClockUpdate  system_stm32f10x.o
    0x08003da4   0x08003da4   0x00000060   Code   RO          244    i.SystemInit        system_stm32f10x.o
    0x08003e04   0x08003e04   0x00000080   Code   RO         2657    i.TI1_Config        stm32f10x_tim.o
    0x08003e84   0x08003e84   0x00000098   Code   RO         2658    i.TI2_Config        stm32f10x_tim.o
    0x08003f1c   0x08003f1c   0x00000090   Code   RO         2659    i.TI3_Config        stm32f10x_tim.o
    0x08003fac   0x08003fac   0x00000098   Code   RO         2660    i.TI4_Config        stm32f10x_tim.o
    0x08004044   0x08004044   0x00000018   Code   RO         1677    i.TIM1_UP_IRQHandler  timer.o
    0x0800405c   0x0800405c   0x00000018   Code   RO         2661    i.TIM_ARRPreloadConfig  stm32f10x_tim.o
    0x08004074   0x08004074   0x00000006   Code   RO         2667    i.TIM_ClearFlag     stm32f10x_tim.o
    0x0800407a   0x0800407a   0x00000006   Code   RO         2668    i.TIM_ClearITPendingBit  stm32f10x_tim.o
    0x08004080   0x08004080   0x00000018   Code   RO         2673    i.TIM_Cmd           stm32f10x_tim.o
    0x08004098   0x08004098   0x000001e8   Code   RO         2678    i.TIM_DeInit        stm32f10x_tim.o
    0x08004280   0x08004280   0x00000042   Code   RO         2682    i.TIM_EncoderInterfaceConfig  stm32f10x_tim.o
    0x080042c2   0x080042c2   0x00000006   Code   RO         2692    i.TIM_GetCounter    stm32f10x_tim.o
    0x080042c8   0x080042c8   0x00000022   Code   RO         2694    i.TIM_GetITStatus   stm32f10x_tim.o
    0x080042ea   0x080042ea   0x00000002   PAD
    0x080042ec   0x080042ec   0x000000ac   Code   RO         2696    i.TIM_ICInit        stm32f10x_tim.o
    0x08004398   0x08004398   0x00000012   Code   RO         2697    i.TIM_ICStructInit  stm32f10x_tim.o
    0x080043aa   0x080043aa   0x00000012   Code   RO         2698    i.TIM_ITConfig      stm32f10x_tim.o
    0x080043bc   0x080043bc   0x00000098   Code   RO         2702    i.TIM_OC1Init       stm32f10x_tim.o
    0x08004454   0x08004454   0x00000012   Code   RO         2705    i.TIM_OC1PreloadConfig  stm32f10x_tim.o
    0x08004466   0x08004466   0x00000002   PAD
    0x08004468   0x08004468   0x000000a4   Code   RO         2707    i.TIM_OC2Init       stm32f10x_tim.o
    0x0800450c   0x0800450c   0x0000001a   Code   RO         2710    i.TIM_OC2PreloadConfig  stm32f10x_tim.o
    0x08004526   0x08004526   0x00000004   Code   RO         2738    i.TIM_SetCounter    stm32f10x_tim.o
    0x0800452a   0x0800452a   0x00000012   Code   RO         2739    i.TIM_SetIC1Prescaler  stm32f10x_tim.o
    0x0800453c   0x0800453c   0x0000001a   Code   RO         2740    i.TIM_SetIC2Prescaler  stm32f10x_tim.o
    0x08004556   0x08004556   0x00000012   Code   RO         2741    i.TIM_SetIC3Prescaler  stm32f10x_tim.o
    0x08004568   0x08004568   0x0000001a   Code   RO         2742    i.TIM_SetIC4Prescaler  stm32f10x_tim.o
    0x08004582   0x08004582   0x00000002   PAD
    0x08004584   0x08004584   0x000000a4   Code   RO         2744    i.TIM_TimeBaseInit  stm32f10x_tim.o
    0x08004628   0x08004628   0x00000012   Code   RO         2745    i.TIM_TimeBaseStructInit  stm32f10x_tim.o
    0x0800463a   0x0800463a   0x00000002   PAD
    0x0800463c   0x0800463c   0x0000005c   Code   RO          526    i.USART1_IRQHandler  usart1.o
    0x08004698   0x08004698   0x0000005c   Code   RO          637    i.USART3_IRQHandler  bluetooth.o
    0x080046f4   0x080046f4   0x0000001e   Code   RO         3206    i.USART_ClearITPendingBit  stm32f10x_usart.o
    0x08004712   0x08004712   0x00000018   Code   RO         3209    i.USART_Cmd         stm32f10x_usart.o
    0x0800472a   0x0800472a   0x00000012   Code   RO         3210    i.USART_DMACmd      stm32f10x_usart.o
    0x0800473c   0x0800473c   0x0000001a   Code   RO         3212    i.USART_GetFlagStatus  stm32f10x_usart.o
    0x08004756   0x08004756   0x00000054   Code   RO         3213    i.USART_GetITStatus  stm32f10x_usart.o
    0x080047aa   0x080047aa   0x0000004a   Code   RO         3215    i.USART_ITConfig    stm32f10x_usart.o
    0x080047f4   0x080047f4   0x000000d8   Code   RO         3216    i.USART_Init        stm32f10x_usart.o
    0x080048cc   0x080048cc   0x0000000a   Code   RO         3223    i.USART_ReceiveData  stm32f10x_usart.o
    0x080048d6   0x080048d6   0x00000008   Code   RO         3226    i.USART_SendData    stm32f10x_usart.o
    0x080048de   0x080048de   0x00000002   PAD
    0x080048e0   0x080048e0   0x00000030   Code   RO          527    i.USARTx_DMA_SEND_DATA  usart1.o
    0x08004910   0x08004910   0x0000004a   Code   RO          528    i.USARTx_DMA_TX_Config  usart1.o
    0x0800495a   0x0800495a   0x00000002   PAD
    0x0800495c   0x0800495c   0x00000018   Code   RO         1511    i.UltraSuccess      ultrasonic.o
    0x08004974   0x08004974   0x00000044   Code   RO         1512    i.UltrasonicCheck   ultrasonic.o
    0x080049b8   0x080049b8   0x00000020   Code   RO         1513    i.UltrasonicWave_StartMeasure  ultrasonic.o
    0x080049d8   0x080049d8   0x00000004   Code   RO          191    i.UsageFault_Handler  stm32f10x_it.o
    0x080049dc   0x080049dc   0x00000054   Code   RO         1313    i.Write_IIC_Byte    oled.o
    0x08004a30   0x08004a30   0x0000002c   Code   RO         1314    i.Write_IIC_Command  oled.o
    0x08004a5c   0x08004a5c   0x0000002c   Code   RO         1315    i.Write_IIC_Data    oled.o
    0x08004a88   0x08004a88   0x00000018   Code   RO            1    i._SWJ_Config       main.o
    0x08004aa0   0x08004aa0   0x00000020   Code   RO         3725    i.__0printf         mc_w.l(printfa.o)
    0x08004ac0   0x08004ac0   0x00000030   Code   RO         3726    i.__0snprintf       mc_w.l(printfa.o)
    0x08004af0   0x08004af0   0x00000028   Code   RO         3807    i.__ARM_fpclassify  m_ws.l(fpclassify.o)
    0x08004b18   0x08004b18   0x000000aa   Code   RO         3809    i.__kernel_poly     m_ws.l(poly.o)
    0x08004bc2   0x08004bc2   0x00000006   Code   RO         3794    i.__mathlib_dbl_infnan  m_ws.l(dunder.o)
    0x08004bc8   0x08004bc8   0x00000004   Code   RO         3795    i.__mathlib_dbl_infnan2  m_ws.l(dunder.o)
    0x08004bcc   0x08004bcc   0x0000000c   Code   RO         3796    i.__mathlib_dbl_invalid  m_ws.l(dunder.o)
    0x08004bd8   0x08004bd8   0x00000010   Code   RO         3799    i.__mathlib_dbl_underflow  m_ws.l(dunder.o)
    0x08004be8   0x08004be8   0x0000000c   Code   RO         3845    i.__read_errno      mc_w.l(errno.o)
    0x08004bf4   0x08004bf4   0x0000000e   Code   RO         3887    i.__scatterload_copy  mc_w.l(handlers.o)
    0x08004c02   0x08004c02   0x00000002   Code   RO         3888    i.__scatterload_null  mc_w.l(handlers.o)
    0x08004c04   0x08004c04   0x0000000e   Code   RO         3889    i.__scatterload_zeroinit  mc_w.l(handlers.o)
    0x08004c12   0x08004c12   0x00000002   PAD
    0x08004c14   0x08004c14   0x0000000c   Code   RO         3846    i.__set_errno       mc_w.l(errno.o)
    0x08004c20   0x08004c20   0x000000e0   Code   RO         1020    i._ctr_out          controller.o
    0x08004d00   0x08004d00   0x00000184   Code   RO         3732    i._fp_digits        mc_w.l(printfa.o)
    0x08004e84   0x08004e84   0x0000000e   Code   RO         3872    i._is_digit         mc_w.l(scanf_fp.o)
    0x08004e92   0x08004e92   0x00000002   PAD
    0x08004e94   0x08004e94   0x000006dc   Code   RO         3733    i._printf_core      mc_w.l(printfa.o)
    0x08005570   0x08005570   0x00000024   Code   RO         3734    i._printf_post_padding  mc_w.l(printfa.o)
    0x08005594   0x08005594   0x0000002e   Code   RO         3735    i._printf_pre_padding  mc_w.l(printfa.o)
    0x080055c2   0x080055c2   0x0000000e   Code   RO          835    i._set_val          imath.o
    0x080055d0   0x080055d0   0x00000016   Code   RO         3736    i._snputc           mc_w.l(printfa.o)
    0x080055e6   0x080055e6   0x0000005c   Code   RO          687    i.acc_iir_lpf       mpu6050.o
    0x08005642   0x08005642   0x00000002   PAD
    0x08005644   0x08005644   0x0000008c   Code   RO         1465    i.adc_config        adc.o
    0x080056d0   0x080056d0   0x00000024   Code   RO         1466    i.adc_gpio_init     adc.o
    0x080056f4   0x080056f4   0x00000010   Code   RO         1467    i.adc_init          adc.o
    0x08005704   0x08005704   0x00000270   Code   RO         3458    i.asin              m_ws.l(asin.o)
    0x08005974   0x08005974   0x00000220   Code   RO         3784    i.atan              m_ws.l(atan.o)
    0x08005b94   0x08005b94   0x00000180   Code   RO         3468    i.atan2             m_ws.l(atan2.o)
    0x08005d14   0x08005d14   0x0000002a   Code   RO         3476    i.atof              m_ws.l(atof.o)
    0x08005d3e   0x08005d3e   0x00000074   Code   RO          822    i.butterworth_lpf   filter.o
    0x08005db2   0x08005db2   0x00000002   PAD
    0x08005db4   0x08005db4   0x00000058   Code   RO         1021    i.ctr_bal           controller.o
    0x08005e0c   0x08005e0c   0x00000074   Code   RO         1022    i.ctr_turn          controller.o
    0x08005e80   0x08005e80   0x00000124   Code   RO         1023    i.ctr_vel           controller.o
    0x08005fa4   0x08005fa4   0x00000070   Code   RO         1025    i.dir_config        controller.o
    0x08006014   0x08006014   0x0000005c   Code   RO         1468    i.dma_config        adc.o
    0x08006070   0x08006070   0x000000b8   Code   RO          964    i.driver_pin_init   pwm.o
    0x08006128   0x08006128   0x0000002c   Code   RO          965    i.encoder_manage    pwm.o
    0x08006154   0x08006154   0x00000018   Code   RO          836    i.f_abs             imath.o
    0x0800616c   0x0800616c   0x00000028   Code   RO          530    i.fputc             usart1.o
    0x08006194   0x08006194   0x0000002c   Code   RO          688    i.get_acc_g         mpu6050.o
    0x080061c0   0x080061c0   0x00000058   Code   RO          689    i.get_acc_raw       mpu6050.o
    0x08006218   0x08006218   0x00000020   Code   RO          690    i.get_data          mpu6050.o
    0x08006238   0x08006238   0x0000002c   Code   RO          691    i.get_deg_s         mpu6050.o
    0x08006264   0x08006264   0x00000104   Code   RO          692    i.get_gyro_raw      mpu6050.o
    0x08006368   0x08006368   0x0000003c   Code   RO          693    i.get_iir_factor    mpu6050.o
    0x080063a4   0x080063a4   0x00000010   Code   RO          694    i.get_mpu_id        mpu6050.o
    0x080063b4   0x080063b4   0x0000002c   Code   RO          695    i.get_rad_s         mpu6050.o
    0x080063e0   0x080063e0   0x00000120   Code   RO          696    i.gyro_cal          mpu6050.o
    0x08006500   0x08006500   0x0000001a   Code   RO          837    i.i_limit           imath.o
    0x0800651a   0x0800651a   0x0000000e   Code   RO          838    i.int_abs           imath.o
    0x08006528   0x08006528   0x0000004c   Code   RO          839    i.invSqrt           imath.o
    0x08006574   0x08006574   0x000004c4   Code   RO          782    i.mahony_update     imu.o
    0x08006a38   0x08006a38   0x000000f0   Code   RO            2    i.main              main.o
    0x08006b28   0x08006b28   0x0000002c   Code   RO          966    i.motor_pwm_out     pwm.o
    0x08006b54   0x08006b54   0x00000046   Code   RO          697    i.mpu6050_init      mpu6050.o
    0x08006b9a   0x08006b9a   0x00000016   Code   RO         1317    i.oled_pow          oled.o
    0x08006bb0   0x08006bb0   0x000000b4   Code   RO          967    i.pwm_init          pwm.o
    0x08006c64   0x08006c64   0x00000034   Code   RO          968    i.read_encoder      pwm.o
    0x08006c98   0x08006c98   0x000000c4   Code   RO         1026    i.remoteCarForwardOrBackward  controller.o
    0x08006d5c   0x08006d5c   0x0000019c   Code   RO         1027    i.remoteCarLeftOrRight  controller.o
    0x08006ef8   0x08006ef8   0x00000214   Code   RO          783    i.rotation_matrix   imu.o
    0x0800710c   0x0800710c   0x0000021c   Code   RO          784    i.rotation_matrix_T  imu.o
    0x08007328   0x08007328   0x00000022   Code   RO         1028    i.shut_down         controller.o
    0x0800734a   0x0800734a   0x00000002   PAD
    0x0800734c   0x0800734c   0x00000028   Code   RO          276    i.softTimesCountdown  systick.o
    0x08007374   0x08007374   0x0000004c   Code   RO         3813    i.sqrt              m_ws.l(sqrt.o)
    0x080073c0   0x080073c0   0x0000007c   Code   RO          277    i.systick_init      systick.o
    0x0800743c   0x0800743c   0x00000018   Code   RO          843    i.tdelay_ms         imath.o
    0x08007454   0x08007454   0x0000001a   Code   RO          844    i.tdelay_us         imath.o
    0x0800746e   0x0800746e   0x00000002   PAD
    0x08007470   0x08007470   0x00000050   Code   RO         1678    i.timer_init        timer.o
    0x080074c0   0x080074c0   0x0000000e   Code   RO          846    i.to_limit          imath.o
    0x080074ce   0x080074ce   0x00000002   PAD
    0x080074d0   0x080074d0   0x0000008c   Code   RO          531    i.usart1_init       usart1.o
    0x0800755c   0x0800755c   0x0000005c   Code   RO         1469    i.voltage_detection  adc.o
    0x080075b8   0x080075b8   0x00000818   Data   RO         1318    .constdata          oled.o
    0x08007dd0   0x08007dd0   0x00000050   Data   RO         3459    .constdata          m_ws.l(asin.o)
    0x08007e20   0x08007e20   0x00000098   Data   RO         3785    .constdata          m_ws.l(atan.o)
    0x08007eb8   0x08007eb8   0x00000008   Data   RO         3811    .constdata          m_ws.l(qnan.o)
    0x08007ec0   0x08007ec0   0x00000040   Data   RO         3881    .constdata          mc_w.l(ctype_c.o)
    0x08007f00   0x08007f00   0x00000020   Data   RO         3885    Region$$Table       anon$$obj.o


    Execution Region RW_IRAM1 (Exec base: 0x20000000, Load base: 0x08007f20, Size: 0x00000998, Max: 0x00005000, ABSOLUTE)

    Exec Addr    Load Addr    Size         Type   Attr      Idx    E Section Name        Object

    0x20000000   0x08007f20   0x00000014   Data   RW          245    .data               system_stm32f10x.o
    0x20000014   0x08007f34   0x00000006   Data   RW          346    .data               led.o
    0x2000001a   0x08007f3a   0x00000002   PAD
    0x2000001c   0x08007f3c   0x0000000a   Data   RW          533    .data               usart1.o
    0x20000026   0x08007f46   0x00000002   PAD
    0x20000028   0x08007f48   0x00000016   Data   RW          640    .data               bluetooth.o
    0x2000003e   0x08007f5e   0x00000002   PAD
    0x20000040   0x08007f60   0x0000003c   Data   RW          699    .data               mpu6050.o
    0x2000007c   0x08007f9c   0x0000001c   Data   RW          786    .data               imu.o
    0x20000098   0x08007fb8   0x00000008   Data   RW          969    .data               pwm.o
    0x200000a0   0x08007fc0   0x00000058   Data   RW         1030    .data               controller.o
    0x200000f8   0x08008018   0x00000005   Data   RW         1238    .data               flash.o
    0x200000fd   0x0800801d   0x00000001   PAD
    0x200000fe   0x0800801e   0x00000002   Data   RW         1471    .data               adc.o
    0x20000100   0x08008020   0x0000000c   Data   RW         1514    .data               ultrasonic.o
    0x2000010c   0x0800802c   0x00000014   Data   RW         2345    .data               stm32f10x_rcc.o
    0x20000120   0x08008040   0x00000004   Data   RW         3487    .data               mc_w.l(strtok.o)
    0x20000124   0x08008044   0x00000004   Data   RW         3847    .data               mc_w.l(errno.o)
    0x20000128        -       0x00000014   Zero   RW          278    .bss                systick.o
    0x2000013c        -       0x00000107   Zero   RW          532    .bss                usart1.o
    0x20000243        -       0x000000d5   Zero   RW          639    .bss                bluetooth.o
    0x20000318        -       0x00000144   Zero   RW          698    .bss                mpu6050.o
    0x2000045c        -       0x0000006c   Zero   RW          785    .bss                imu.o
    0x200004c8        -       0x000000a0   Zero   RW         1029    .bss                controller.o
    0x20000568        -       0x0000000c   Zero   RW         1470    .bss                adc.o
    0x20000574        -       0x00000020   Zero   RW         1589    .bss                ps2.o
    0x20000594   0x08008048   0x00000004   PAD
    0x20000598        -       0x00000400   Zero   RW         3450    STACK               startup_stm32f10x_md.o


==============================================================================

Image component sizes


      Code (inc. data)   RO Data    RW Data    ZI Data      Debug   Object Name

       376         42          0          2         12       3405   adc.o
       592         34          0         22        213       4006   bluetooth.o
      1794        238          0         88        160      10236   controller.o
         0          0          0          0          0         32   core_cm3.o
       116          0          0          0          0        970   filter.o
       768         26          0          5          0       4174   flash.o
       618         40          0          0          0       5746   iic.o
       236          4          0          0          0       5204   imath.o
      2304        104          0         28        108       3421   imu.o
         0          0          0          6          0       1532   led.o
       264         46          0          0          0      68094   main.o
       132         22          0          0          0       1491   misc.o
      1138         86          0         60        324       9898   mpu6050.o
        86          0          0          0          0        530   nvic.o
      1814        188       2072          0          0      12335   oled.o
         0          0          0          0         32       1937   ps2.o
       848         50          0          8          0       4449   pwm.o
        36          8        236          0       1024        804   startup_stm32f10x_md.o
       370         10          0          0          0       6677   stm32f10x_adc.o
       416          8          0          0          0       3358   stm32f10x_dma.o
       200         18          0          0          0       2048   stm32f10x_exti.o
       414         50          0          0          0       5968   stm32f10x_flash.o
       528         10          0          0          0       5522   stm32f10x_gpio.o
        24          0          0          0          0       3344   stm32f10x_it.o
       396         56          0         20          0       6571   stm32f10x_rcc.o
      2072        244          0          0          0      16632   stm32f10x_tim.o
       490          6          0          0          0       7258   stm32f10x_usart.o
       492         50          0         20          0       2721   system_stm32f10x.o
       460         54          0          0         20     232216   systick.o
       104          8          0          0          0        974   timer.o
       468         70          0         12          0       3160   ultrasonic.o
      4274        220          0         10        263      15698   usart1.o

    ----------------------------------------------------------------------
     21870       1692       2340        288       2160     450411   Object Totals
         0          0         32          0          0          0   (incl. Generated)
        40          0          0          7          4          0   (incl. Padding)

    ----------------------------------------------------------------------

      Code (inc. data)   RO Data    RW Data    ZI Data      Debug   Library Member Name

       624         52         80          0          0        168   asin.o
       544         70        152          0          0        124   atan.o
       384         38          0          0          0        144   atan2.o
        42          0          0          0          0         84   atof.o
        38          6          0          0          0        272   dunder.o
        40          0          0          0          0         68   fpclassify.o
       170          0          0          0          0         96   poly.o
         0          0          8          0          0          0   qnan.o
        76          0          0          0          0         84   sqrt.o
        64          0          0          0          0         84   _sgetc.o
        40          6         64          0          0         68   ctype_c.o
         0          0          0          0          0          0   entry.o
         0          0          0          0          0          0   entry10a.o
         0          0          0          0          0          0   entry11a.o
         8          4          0          0          0          0   entry2.o
         4          0          0          0          0          0   entry5.o
         0          0          0          0          0          0   entry7b.o
         0          0          0          0          0          0   entry8b.o
         8          4          0          0          0          0   entry9a.o
        24         12          0          4          0        136   errno.o
        30          0          0          0          0          0   handlers.o
        36          8          0          0          0         68   init.o
        10          0          0          0          0         68   isspace_c.o
         0          0          0          0          0          0   iusefp.o
        30          0          0          0          0         68   llshl.o
        36          0          0          0          0         68   llsshr.o
        32          0          0          0          0         68   llushr.o
        36          0          0          0          0        108   memseta.o
      2328         94          0          0          0        604   printfa.o
       878         12          0          0          0        216   scanf_fp.o
       156         12          0          0          0        120   strtod.o
        68          6          0          4          0         80   strtok.o
        44          0          0          0          0         80   uidiv.o
        98          0          0          0          0         92   uldiv.o
        48          0          0          0          0         68   cdrcmple.o
        20          0          0          0          0         68   cfcmple.o
        20          0          0          0          0         68   cfrcmple.o
        56          0          0          0          0         88   d2f.o
       334          0          0          0          0        148   dadd.o
       222          0          0          0          0        100   ddiv.o
       186          0          0          0          0        176   depilogue.o
        62          0          0          0          0         80   dfixi.o
        50          0          0          0          0         76   dfixui.o
        48          0          0          0          0         68   dfixul.o
        24          0          0          0          0         76   dfltul.o
       228          0          0          0          0         96   dmul.o
        46          0          0          0          0         80   dscalb.o
       162          0          0          0          0        100   dsqrt.o
        38          0          0          0          0         68   f2d.o
       176          0          0          0          0        140   fadd.o
       124          0          0          0          0         88   fdiv.o
       110          0          0          0          0        168   fepilogue.o
        50          0          0          0          0         68   ffixi.o
        40          0          0          0          0         68   ffixui.o
        18          0          0          0          0         68   fflti.o
        10          0          0          0          0         68   ffltui.o
       100          0          0          0          0         76   fmul.o

    ----------------------------------------------------------------------
      8030        324        304          8          0       5072   Library Totals
        10          0          0          0          0          0   (incl. Padding)

    ----------------------------------------------------------------------

      Code (inc. data)   RO Data    RW Data    ZI Data      Debug   Library Name

      1918        166        240          0          0       1040   m_ws.l
      3930        158         64          8          0       1928   mc_w.l
      2172          0          0          0          0       2104   mf_w.l

    ----------------------------------------------------------------------
      8030        324        304          8          0       5072   Library Totals

    ----------------------------------------------------------------------

==============================================================================


      Code (inc. data)   RO Data    RW Data    ZI Data      Debug   

     29900       2016       2644        296       2160     442583   Grand Totals
     29900       2016       2644        296       2160     442583   ELF Image Totals
     29900       2016       2644        296          0          0   ROM Totals

==============================================================================

    Total RO  Size (Code + RO Data)                32544 (  31.78kB)
    Total RW  Size (RW Data + ZI Data)              2456 (   2.40kB)
    Total ROM Size (Code + RO Data + RW Data)      32840 (  32.07kB)

==============================================================================

