Component: ARM Compiler 5.06 update 6 (build 750) Tool: armlink [4d35ed]

==============================================================================

Section Cross References

    main.o(i.get_chip_id) refers to main.o(.bss) for chip_id
    main.o(i.main) refers to system_stm32f10x.o(i.SystemInit) for SystemInit
    main.o(i.main) refers to systick.o(i.systick_init) for systick_init
    main.o(i.main) refers to led.o(i.led_init) for led_init
    main.o(i.main) refers to main.o(i.get_chip_id) for get_chip_id
    main.o(i.main) refers to usart.o(i.usart1_init) for usart1_init
    main.o(i.main) refers to pwm.o(i.pwm_init) for pwm_init
    main.o(i.main) refers to pwm.o(i.Main_Encoder_init) for Main_Encoder_init
    main.o(i.main) refers to systick.o(i.delay_ms) for delay_ms
    main.o(i.main) refers to iic.o(i.IIC_Init) for IIC_Init
    main.o(i.main) refers to mpu6050.o(i.mpu6050_init) for mpu6050_init
    main.o(i.main) refers to led.o(i.led_toggle) for led_toggle
    main.o(i.main) refers to mpu6050.o(i.get_mpu_id) for get_mpu_id
    main.o(i.main) refers to mpu6050.o(i.get_iir_factor) for get_iir_factor
    main.o(i.main) refers to key.o(i.key_init) for key_init
    main.o(i.main) refers to pid.o(i.all_pid_init) for all_pid_init
    main.o(i.main) refers to timer.o(i.timer_init) for timer_init
    main.o(i.main) refers to nvic.o(i.NVIC_config) for NVIC_config
    main.o(i.main) refers to key.o(i.key_info) for key_info
    main.o(i.main) refers to mpu6050.o(.bss) for Mpu
    system_stm32f10x.o(i.SetSysClock) refers to system_stm32f10x.o(i.SetSysClockTo72) for SetSysClockTo72
    system_stm32f10x.o(i.SystemCoreClockUpdate) refers to system_stm32f10x.o(.data) for SystemCoreClock
    system_stm32f10x.o(i.SystemInit) refers to system_stm32f10x.o(i.SetSysClock) for SetSysClock
    systick.o(i.SysTick_Handler) refers to systick.o(.data) for tick_count
    systick.o(i.delay_ms) refers to systick.o(.data) for tick_count
    systick.o(i.delay_us) refers to systick.o(.data) for tick_count
    systick.o(i.systick_init) refers to system_stm32f10x.o(.data) for SystemCoreClock
    led.o(i.led_blink) refers to fleqf.o(x$fpl$fleqf) for __aeabi_cfcmple
    led.o(i.led_blink) refers to led.o(i.led_on) for led_on
    led.o(i.led_blink) refers to led.o(i.led_off) for led_off
    led.o(i.led_blink) refers to frleqf.o(x$fpl$frleqf) for __aeabi_cfrcmple
    led.o(i.led_blink) refers to led.o(i.led_toggle) for led_toggle
    led.o(i.led_blink) refers to led.o(.data) for l_cnt
    led.o(i.led_init) refers to stm32f10x_rcc.o(i.RCC_APB2PeriphClockCmd) for RCC_APB2PeriphClockCmd
    led.o(i.led_init) refers to stm32f10x_gpio.o(i.GPIO_PinRemapConfig) for GPIO_PinRemapConfig
    led.o(i.led_init) refers to stm32f10x_gpio.o(i.GPIO_Init) for GPIO_Init
    led.o(i.led_init) refers to led.o(i.led_on_all) for led_on_all
    led.o(i.led_off_all) refers to led.o(i.led_off) for led_off
    led.o(i.led_on_all) refers to led.o(i.led_on) for led_on
    key.o(i.key_info) refers to key.o(i.key_scan) for key_scan
    key.o(i.key_info) refers to key.o(.data) for key
    key.o(i.key_init) refers to stm32f10x_rcc.o(i.RCC_APB2PeriphClockCmd) for RCC_APB2PeriphClockCmd
    key.o(i.key_init) refers to stm32f10x_gpio.o(i.GPIO_Init) for GPIO_Init
    key.o(i.key_scan) refers to stm32f10x_gpio.o(i.GPIO_ReadInputDataBit) for GPIO_ReadInputDataBit
    key.o(i.key_scan) refers to systick.o(i.delay_ms) for delay_ms
    key.o(i.key_scan) refers to key.o(.data) for key_up
    iic.o(i.IIC_Init) refers to stm32f10x_rcc.o(i.RCC_APB2PeriphClockCmd) for RCC_APB2PeriphClockCmd
    iic.o(i.IIC_Init) refers to stm32f10x_gpio.o(i.GPIO_Init) for GPIO_Init
    iic.o(i.IIC_Init) refers to systick.o(i.delay_ms) for delay_ms
    iic.o(i.IIC_Init) refers to stm32f10x_gpio.o(i.GPIO_SetBits) for GPIO_SetBits
    iic.o(i.IIC_Read_Byte) refers to iic.o(i.SDA_IN) for SDA_IN
    iic.o(i.IIC_Read_Byte) refers to iic.o(i.IIC_delay) for IIC_delay
    iic.o(i.IIC_Read_One_Byte) refers to iic.o(i.IIC_Start) for IIC_Start
    iic.o(i.IIC_Read_One_Byte) refers to iic.o(i.IIC_Send_Byte) for IIC_Send_Byte
    iic.o(i.IIC_Read_One_Byte) refers to iic.o(i.IIC_Read_Byte) for IIC_Read_Byte
    iic.o(i.IIC_Read_One_Byte) refers to iic.o(i.IIC_Slave_Ack) for IIC_Slave_Ack
    iic.o(i.IIC_Read_One_Byte) refers to iic.o(i.IIC_Stop) for IIC_Stop
    iic.o(i.IIC_Read_Two_Bytes) refers to iic.o(i.IIC_Read_One_Byte) for IIC_Read_One_Byte
    iic.o(i.IIC_Send_Byte) refers to iic.o(i.SDA_OUT) for SDA_OUT
    iic.o(i.IIC_Send_Byte) refers to iic.o(i.IIC_delay) for IIC_delay
    iic.o(i.IIC_Send_Byte) refers to iic.o(i.IIC_Slave_Ack) for IIC_Slave_Ack
    iic.o(i.IIC_Slave_Ack) refers to iic.o(i.SDA_OUT) for SDA_OUT
    iic.o(i.IIC_Slave_Ack) refers to iic.o(i.IIC_delay) for IIC_delay
    iic.o(i.IIC_Slave_Ack) refers to iic.o(i.SDA_IN) for SDA_IN
    iic.o(i.IIC_Start) refers to iic.o(i.SDA_OUT) for SDA_OUT
[...]
    i.RCC_AHBPeriphClockCmd                  0x080014c8   Section        0  stm32f10x_rcc.o(i.RCC_AHBPeriphClockCmd)
    i.RCC_APB1PeriphClockCmd                 0x080014e8   Section        0  stm32f10x_rcc.o(i.RCC_APB1PeriphClockCmd)
    i.RCC_APB1PeriphResetCmd                 0x08001508   Section        0  stm32f10x_rcc.o(i.RCC_APB1PeriphResetCmd)
    i.RCC_APB2PeriphClockCmd                 0x08001528   Section        0  stm32f10x_rcc.o(i.RCC_APB2PeriphClockCmd)
    i.RCC_APB2PeriphResetCmd                 0x08001548   Section        0  stm32f10x_rcc.o(i.RCC_APB2PeriphResetCmd)
    i.RCC_GetClocksFreq                      0x08001568   Section        0  stm32f10x_rcc.o(i.RCC_GetClocksFreq)
    i.SDA_IN                                 0x0800163c   Section        0  iic.o(i.SDA_IN)
    i.SDA_OUT                                0x0800165c   Section        0  iic.o(i.SDA_OUT)
    i.SVC_Handler                            0x08001680   Section        0  stm32f10x_it.o(i.SVC_Handler)
    i.SetSysClock                            0x08001682   Section        0  system_stm32f10x.o(i.SetSysClock)
    SetSysClock                              0x08001683   Thumb Code     8  system_stm32f10x.o(i.SetSysClock)
    i.SetSysClockTo72                        0x0800168c   Section        0  system_stm32f10x.o(i.SetSysClockTo72)
    SetSysClockTo72                          0x0800168d   Thumb Code   214  system_stm32f10x.o(i.SetSysClockTo72)
    i.SysTick_Handler                        0x0800176c   Section        0  systick.o(i.SysTick_Handler)
    i.SystemInit                             0x08001784   Section        0  system_stm32f10x.o(i.SystemInit)
    i.TI1_Config                             0x080017e4   Section        0  stm32f10x_tim.o(i.TI1_Config)
    TI1_Config                               0x080017e5   Thumb Code   108  stm32f10x_tim.o(i.TI1_Config)
    i.TI2_Config                             0x08001864   Section        0  stm32f10x_tim.o(i.TI2_Config)
    TI2_Config                               0x08001865   Thumb Code   130  stm32f10x_tim.o(i.TI2_Config)
    i.TI3_Config                             0x080018fc   Section        0  stm32f10x_tim.o(i.TI3_Config)
    TI3_Config                               0x080018fd   Thumb Code   122  stm32f10x_tim.o(i.TI3_Config)
    i.TI4_Config                             0x0800198c   Section        0  stm32f10x_tim.o(i.TI4_Config)
    TI4_Config                               0x0800198d   Thumb Code   130  stm32f10x_tim.o(i.TI4_Config)
    i.TIM4_IRQHandler                        0x08001a24   Section        0  timer.o(i.TIM4_IRQHandler)
    i.TIM_ARRPreloadConfig                   0x08001af0   Section        0  stm32f10x_tim.o(i.TIM_ARRPreloadConfig)
    i.TIM_ClearFlag                          0x08001b08   Section        0  stm32f10x_tim.o(i.TIM_ClearFlag)
    i.TIM_Cmd                                0x08001b0e   Section        0  stm32f10x_tim.o(i.TIM_Cmd)
    i.TIM_DeInit                             0x08001b28   Section        0  stm32f10x_tim.o(i.TIM_DeInit)
    i.TIM_EncoderInterfaceConfig             0x08001d10   Section        0  stm32f10x_tim.o(i.TIM_EncoderInterfaceConfig)
    i.TIM_ICInit                             0x08001d54   Section        0  stm32f10x_tim.o(i.TIM_ICInit)
    i.TIM_ICStructInit                       0x08001e00   Section        0  stm32f10x_tim.o(i.TIM_ICStructInit)
    i.TIM_ITConfig                           0x08001e12   Section        0  stm32f10x_tim.o(i.TIM_ITConfig)
    i.TIM_OC1Init                            0x08001e24   Section        0  stm32f10x_tim.o(i.TIM_OC1Init)
    i.TIM_OC1PreloadConfig                   0x08001ebc   Section        0  stm32f10x_tim.o(i.TIM_OC1PreloadConfig)
    i.TIM_OC2Init                            0x08001ed0   Section        0  stm32f10x_tim.o(i.TIM_OC2Init)
    i.TIM_OC2PreloadConfig                   0x08001f74   Section        0  stm32f10x_tim.o(i.TIM_OC2PreloadConfig)
    i.TIM_OC3Init                            0x08001f90   Section        0  stm32f10x_tim.o(i.TIM_OC3Init)
    i.TIM_OC3PreloadConfig                   0x08002030   Section        0  stm32f10x_tim.o(i.TIM_OC3PreloadConfig)
    i.TIM_SetIC1Prescaler                    0x08002042   Section        0  stm32f10x_tim.o(i.TIM_SetIC1Prescaler)
    i.TIM_SetIC2Prescaler                    0x08002054   Section        0  stm32f10x_tim.o(i.TIM_SetIC2Prescaler)
    i.TIM_SetIC3Prescaler                    0x0800206e   Section        0  stm32f10x_tim.o(i.TIM_SetIC3Prescaler)
    i.TIM_SetIC4Prescaler                    0x08002080   Section        0  stm32f10x_tim.o(i.TIM_SetIC4Prescaler)
    i.TIM_TimeBaseInit                       0x0800209c   Section        0  stm32f10x_tim.o(i.TIM_TimeBaseInit)
    i.TIM_TimeBaseStructInit                 0x08002140   Section        0  stm32f10x_tim.o(i.TIM_TimeBaseStructInit)
    i.USART_Cmd                              0x08002152   Section        0  stm32f10x_usart.o(i.USART_Cmd)
    i.USART_DMACmd                           0x0800216a   Section        0  stm32f10x_usart.o(i.USART_DMACmd)
    i.USART_ITConfig                         0x0800217c   Section        0  stm32f10x_usart.o(i.USART_ITConfig)
    i.USART_Init                             0x080021c8   Section        0  stm32f10x_usart.o(i.USART_Init)
    i.UsageFault_Handler                     0x080022a0   Section        0  stm32f10x_it.o(i.UsageFault_Handler)
    i.__ARM_fpclassify                       0x080022a4   Section        0  fpclassify.o(i.__ARM_fpclassify)
    i.__kernel_poly                          0x080022cc   Section        0  poly.o(i.__kernel_poly)
    i.__mathlib_dbl_infnan                   0x08002376   Section        0  dunder.o(i.__mathlib_dbl_infnan)
    i.__mathlib_dbl_infnan2                  0x0800237c   Section        0  dunder.o(i.__mathlib_dbl_infnan2)
    i.__mathlib_dbl_invalid                  0x08002380   Section        0  dunder.o(i.__mathlib_dbl_invalid)
    i.__mathlib_dbl_underflow                0x0800238c   Section        0  dunder.o(i.__mathlib_dbl_underflow)
    i._controller_output                     0x0800239c   Section        0  controller.o(i._controller_output)
    i._controller_perform                    0x080023fc   Section        0  controller.o(i._controller_perform)
    i.acc_iir_lpf                            0x0800240c   Section        0  mpu6050.o(i.acc_iir_lpf)
    i.all_pid_init                           0x08002468   Section        0  pid.o(i.all_pid_init)
    i.angle_controller                       0x0800248c   Section        0  controller.o(i.angle_controller)
    i.asin                                   0x080024b0   Section        0  asin.o(i.asin)
    i.atan                                   0x08002720   Section        0  atan.o(i.atan)
    i.atan2                                  0x08002940   Section        0  atan2.o(i.atan2)
    i.butterworth_lpf                        0x08002ac0   Section        0  filter.o(i.butterworth_lpf)
    i.clear_integral                         0x08002b34   Section        0  pid.o(i.clear_integral)
    i.delay_ms                               0x08002b3c   Section        0  systick.o(i.delay_ms)
    i.dma_tx_config                          0x08002b80   Section        0  usart.o(i.dma_tx_config)
    i.encoder_manage                         0x08002bf0   Section        0  pwm.o(i.encoder_manage)
    i.f_abs                                  0x08002c1c   Section        0  imath.o(i.f_abs)
    i.get_acc_g                              0x08002c34   Section        0  mpu6050.o(i.get_acc_g)
    i.get_acc_raw                            0x08002c60   Section        0  mpu6050.o(i.get_acc_raw)
    i.get_chip_id                            0x08002cb8   Section        0  main.o(i.get_chip_id)
    i.get_data                               0x08002cdc   Section        0  mpu6050.o(i.get_data)
    get_data                                 0x08002cdd   Thumb Code    32  mpu6050.o(i.get_data)
    i.get_deg_s                              0x08002cfc   Section        0  mpu6050.o(i.get_deg_s)
    i.get_gyro_raw                           0x08002d28   Section        0  mpu6050.o(i.get_gyro_raw)
    i.get_iir_factor                         0x08002df8   Section        0  mpu6050.o(i.get_iir_factor)
    i.get_mpu_id                             0x08002e34   Section        0  mpu6050.o(i.get_mpu_id)
    i.get_rad_s                              0x08002e44   Section        0  mpu6050.o(i.get_rad_s)
    i.gyro_controller                        0x08002e70   Section        0  controller.o(i.gyro_controller)
    i.invSqrt                                0x08002e94   Section        0  imath.o(i.invSqrt)
    i.key_info                               0x08002ee0   Section        0  key.o(i.key_info)
    i.key_init                               0x08002ef4   Section        0  key.o(i.key_init)
    i.key_scan                               0x08002f20   Section        0  key.o(i.key_scan)
    i.led_blink                              0x08002f74   Section        0  led.o(i.led_blink)
    i.led_init                               0x08002fd4   Section        0  led.o(i.led_init)
    i.led_off                                0x08003030   Section        0  led.o(i.led_off)
    i.led_on                                 0x08003050   Section        0  led.o(i.led_on)
    i.led_on_all                             0x08003070   Section        0  led.o(i.led_on_all)
    i.led_toggle                             0x08003080   Section        0  led.o(i.led_toggle)
    i.mahony_update                          0x080030ac   Section        0  imu.o(i.mahony_update)
    i.main                                   0x080035a8   Section        0  main.o(i.main)
    i.motor_pwm_out                          0x08003620   Section        0  pwm.o(i.motor_pwm_out)
    i.mpu6050_init                           0x08003660   Section        0  mpu6050.o(i.mpu6050_init)
    i.mymemcpy                               0x080036a6   Section        0  imath.o(i.mymemcpy)
    i.pid_controller                         0x080036c0   Section        0  pid.o(i.pid_controller)
    i.pid_init                               0x08003764   Section        0  pid.o(i.pid_init)
    i.pwm_init                               0x080037a8   Section        0  pwm.o(i.pwm_init)
    i.read_encoder                           0x08003870   Section        0  pwm.o(i.read_encoder)
    i.rotation_matrix                        0x080038a4   Section        0  imu.o(i.rotation_matrix)
    i.rotation_matrix_T                      0x08003ab8   Section        0  imu.o(i.rotation_matrix_T)
    i.shut_down                              0x08003cd4   Section        0  controller.o(i.shut_down)
    shut_down                                0x08003cd5   Thumb Code    28  controller.o(i.shut_down)
    i.sqrt                                   0x08003cf4   Section        0  sqrt.o(i.sqrt)
    i.systick_init                           0x08003d40   Section        0  systick.o(i.systick_init)
    i.time_check                             0x08003d70   Section        0  timer.o(i.time_check)
    i.timer_init                             0x08003db4   Section        0  timer.o(i.timer_init)
    i.to_limit                               0x08003e00   Section        0  imath.o(i.to_limit)
    i.usart1_init                            0x08003e10   Section        0  usart.o(i.usart1_init)
    i.usart1_send                            0x08003ec8   Section        0  usart.o(i.usart1_send)
    i.vel_controller                         0x08003f18   Section        0  controller.o(i.vel_controller)
    x$fpl$d2f                                0x08003f40   Section       98  d2f.o(x$fpl$d2f)
    x$fpl$dadd                               0x08003fa4   Section      336  daddsub_clz.o(x$fpl$dadd)
    _dadd1                                   0x08003fb5   Thumb Code     0  daddsub_clz.o(x$fpl$dadd)
    x$fpl$dcheck1                            0x080040f4   Section       16  dcheck1.o(x$fpl$dcheck1)
    x$fpl$ddiv                               0x08004104   Section      688  ddiv.o(x$fpl$ddiv)
    ddiv_entry                               0x0800410b   Thumb Code     0  ddiv.o(x$fpl$ddiv)
    x$fpl$dmul                               0x080043b4   Section      340  dmul.o(x$fpl$dmul)
    x$fpl$dnaninf                            0x08004508   Section      156  dnaninf.o(x$fpl$dnaninf)
    x$fpl$dretinf                            0x080045a4   Section       12  dretinf.o(x$fpl$dretinf)
    x$fpl$drsb                               0x080045b0   Section       22  daddsub_clz.o(x$fpl$drsb)
    x$fpl$dsqrt                              0x080045c8   Section      460  dsqrt_noumaal.o(x$fpl$dsqrt)
    x$fpl$dsub                               0x08004794   Section      468  daddsub_clz.o(x$fpl$dsub)
    _dsub1                                   0x080047a5   Thumb Code     0  daddsub_clz.o(x$fpl$dsub)
    x$fpl$f2d                                0x08004968   Section       86  f2d.o(x$fpl$f2d)
    x$fpl$fadd                               0x080049c0   Section      196  faddsub_clz.o(x$fpl$fadd)
    _fadd1                                   0x080049cf   Thumb Code     0  faddsub_clz.o(x$fpl$fadd)
    x$fpl$fcmpinf                            0x08004a84   Section       24  fcmpi.o(x$fpl$fcmpinf)
    x$fpl$fdiv                               0x08004a9c   Section      388  fdiv.o(x$fpl$fdiv)
    _fdiv1                                   0x08004a9d   Thumb Code     0  fdiv.o(x$fpl$fdiv)
    x$fpl$feqf                               0x08004c20   Section      104  feqf.o(x$fpl$feqf)
    x$fpl$ffix                               0x08004c88   Section       54  ffix.o(x$fpl$ffix)
    x$fpl$ffixu                              0x08004cc0   Section       62  ffixu.o(x$fpl$ffixu)
    x$fpl$fflt                               0x08004d00   Section       48  fflt_clz.o(x$fpl$fflt)
    x$fpl$ffltu                              0x08004d30   Section       38  fflt_clz.o(x$fpl$ffltu)
    x$fpl$fleqf                              0x08004d58   Section      104  fleqf.o(x$fpl$fleqf)
    x$fpl$fmul                               0x08004dc0   Section      258  fmul.o(x$fpl$fmul)
    x$fpl$fnaninf                            0x08004ec2   Section      140  fnaninf.o(x$fpl$fnaninf)
    x$fpl$fretinf                            0x08004f4e   Section       10  fretinf.o(x$fpl$fretinf)
    x$fpl$frleqf                             0x08004f58   Section       98  frleqf.o(x$fpl$frleqf)
    x$fpl$frsb                               0x08004fba   Section       20  faddsub_clz.o(x$fpl$frsb)
    x$fpl$fsub                               0x08004fd0   Section      234  faddsub_clz.o(x$fpl$fsub)
    _fsub1                                   0x08004fdf   Thumb Code     0  faddsub_clz.o(x$fpl$fsub)
    x$fpl$retnan                             0x080050ba   Section      100  retnan.o(x$fpl$retnan)
    x$fpl$scalbn                             0x0800511e   Section       92  scalbn.o(x$fpl$scalbn)
    x$fpl$trapveneer                         0x0800517a   Section       48  trapv.o(x$fpl$trapveneer)
    x$fpl$usenofp                            0x080051aa   Section        0  usenofp.o(x$fpl$usenofp)
    .constdata                               0x080051ac   Section       60  pid.o(.constdata)
    .constdata                               0x080051e8   Section       80  asin.o(.constdata)
    pS                                       0x080051e8   Data          48  asin.o(.constdata)
    qS                                       0x08005218   Data          32  asin.o(.constdata)
    .constdata                               0x08005238   Section      152  atan.o(.constdata)
    atanhi                                   0x08005238   Data          32  atan.o(.constdata)
    atanlo                                   0x08005258   Data          32  atan.o(.constdata)
    aTodd                                    0x08005278   Data          40  atan.o(.constdata)
    aTeven                                   0x080052a0   Data          48  atan.o(.constdata)
    .constdata                               0x080052d0   Section        8  qnan.o(.constdata)
    .data                                    0x20000000   Section       20  system_stm32f10x.o(.data)
    .data                                    0x20000014   Section        4  systick.o(.data)
    .data                                    0x20000018   Section        2  led.o(.data)
    l_cnt                                    0x20000018   Data           2  led.o(.data)
    .data                                    0x2000001c   Section        9  key.o(.data)
    key_up                                   0x20000024   Data           1  key.o(.data)
    .data                                    0x20000025   Section        2  usart.o(.data)
    ANO_debug_cnt                            0x20000026   Data           1  usart.o(.data)
    .data                                    0x20000028   Section       60  mpu6050.o(.data)
    .data                                    0x20000064   Section       28  imu.o(.data)
    .data                                    0x20000080   Section        8  pwm.o(.data)
    .data                                    0x20000088   Section        8  controller.o(.data)
    .data                                    0x20000090   Section        4  timer.o(.data)
    .data                                    0x20000094   Section       20  stm32f10x_rcc.o(.data)
    APBAHBPrescTable                         0x20000094   Data          16  stm32f10x_rcc.o(.data)
    ADCPrescTable                            0x200000a4   Data           4  stm32f10x_rcc.o(.data)
    .bss                                     0x200000a8   Section       12  main.o(.bss)
    .bss                                     0x200000b4   Section     2148  usart.o(.bss)
    .bss                                     0x20000918   Section      248  mpu6050.o(.bss)
    .bss                                     0x20000a10   Section      124  imu.o(.bss)
    .bss                                     0x20000a8c   Section      132  pid.o(.bss)
    .bss                                     0x20000b10   Section       32  timer.o(.bss)
    .bss                                     0x20000b30   Section       96  libspace.o(.bss)
    HEAP                                     0x20000b90   Section      512  startup_stm32f10x_md.o(HEAP)
    Heap_Mem                                 0x20000b90   Data         512  startup_stm32f10x_md.o(HEAP)
    STACK                                    0x20000d90   Section     1024  startup_stm32f10x_md.o(STACK)
    Stack_Mem                                0x20000d90   Data        1024  startup_stm32f10x_md.o(STACK)
    __initial_sp                             0x20001190   Data           0  startup_stm32f10x_md.o(STACK)

    Global Symbols

    Symbol Name                              Value     Ov Type        Size  Object(Section)

    BuildAttributes$$THM_ISAv4$P$D$K$B$S$PE$A:L22UL41UL21$X:L11$S22US41US21$IEEE1$IW$USESV6$~STKCKD$USESV7$~SHL$OTIME$ROPI$IEEEX$EBA8$UX$STANDARDLIB$REQ8$PRES8$EABIv2 0x00000000   Number         0  anon$$obj.o ABSOLUTE
    __ARM_use_no_argv                        0x00000000   Number         0  main.o ABSOLUTE
    __ARM_exceptions_init                     - Undefined Weak Reference
    __alloca_initialize                       - Undefined Weak Reference
    __arm_preinit_                            - Undefined Weak Reference
    __cpp_initialize__aeabi_                  - Undefined Weak Reference
    __cxa_finalize                            - Undefined Weak Reference
    __rt_locale                               - Undefined Weak Reference
    __sigvec_lookup                           - Undefined Weak Reference
    _atexit_init                              - Undefined Weak Reference
    _call_atexit_fns                          - Undefined Weak Reference
    _clock_init                               - Undefined Weak Reference
    _fp_trap_init                             - Undefined Weak Reference
    _fp_trap_shutdown                         - Undefined Weak Reference
    _get_lc_collate                           - Undefined Weak Reference
    _get_lc_ctype                             - Undefined Weak Reference
    _get_lc_monetary                          - Undefined Weak Reference
    _get_lc_numeric                           - Undefined Weak Reference
    _get_lc_time                              - Undefined Weak Reference
    _getenv_init                              - Undefined Weak Reference
    _handle_redirection                       - Undefined Weak Reference
    _init_alloc                               - Undefined Weak Reference
    _init_user_alloc                          - Undefined Weak Reference
    _initio                                   - Undefined Weak Reference
    _rand_init                                - Undefined Weak Reference
    _signal_finish                            - Undefined Weak Reference
    _signal_init                              - Undefined Weak Reference
    _terminate_alloc                          - Undefined Weak Reference
    _terminate_user_alloc                     - Undefined Weak Reference
    _terminateio                              - Undefined Weak Reference
    __Vectors_Size                           0x000000ec   Number         0  startup_stm32f10x_md.o ABSOLUTE
    __Vectors                                0x08000000   Data           4  startup_stm32f10x_md.o(RESET)
    __Vectors_End                            0x080000ec   Data           0  startup_stm32f10x_md.o(RESET)
    __main                                   0x080000ed   Thumb Code     8  __main.o(!!!main)
    __scatterload                            0x080000f5   Thumb Code     0  __scatter.o(!!!scatter)
    __scatterload_rt2                        0x080000f5   Thumb Code    44  __scatter.o(!!!scatter)
    __scatterload_rt2_thumb_only             0x080000f5   Thumb Code     0  __scatter.o(!!!scatter)
    __scatterload_null                       0x08000103   Thumb Code     0  __scatter.o(!!!scatter)
    __scatterload_copy                       0x08000129   Thumb Code    26  __scatter_copy.o(!!handler_copy)
    __scatterload_zeroinit                   0x08000145   Thumb Code    28  __scatter_zi.o(!!handler_zi)
    __rt_lib_init                            0x08000161   Thumb Code     0  libinit.o(.ARM.Collect$$libinit$$00000000)
    __rt_lib_init_alloca_1                   0x08000163   Thumb Code     0  libinit2.o(.ARM.Collect$$libinit$$0000002E)
    __rt_lib_init_argv_1                     0x08000163   Thumb Code     0  libinit2.o(.ARM.Collect$$libinit$$0000002C)
    __rt_lib_init_atexit_1                   0x08000163   Thumb Code     0  libinit2.o(.ARM.Collect$$libinit$$0000001B)
    __rt_lib_init_clock_1                    0x08000163   Thumb Code     0  libinit2.o(.ARM.Collect$$libinit$$00000021)
    __rt_lib_init_cpp_1                      0x08000163   Thumb Code     0  libinit2.o(.ARM.Collect$$libinit$$00000032)
    __rt_lib_init_exceptions_1               0x08000163   Thumb Code     0  libinit2.o(.ARM.Collect$$libinit$$00000030)
    __rt_lib_init_fp_1                       0x08000163   Thumb Code     0  libinit2.o(.ARM.Collect$$libinit$$00000002)
    __rt_lib_init_fp_trap_1                  0x08000163   Thumb Code     0  libinit2.o(.ARM.Collect$$libinit$$0000001F)
    __rt_lib_init_getenv_1                   0x08000163   Thumb Code     0  libinit2.o(.ARM.Collect$$libinit$$00000023)
    __rt_lib_init_heap_1                     0x08000163   Thumb Code     0  libinit2.o(.ARM.Collect$$libinit$$0000000A)
    __rt_lib_init_lc_collate_1               0x08000163   Thumb Code     0  libinit2.o(.ARM.Collect$$libinit$$00000011)
    __rt_lib_init_lc_ctype_1                 0x08000163   Thumb Code     0  libinit2.o(.ARM.Collect$$libinit$$00000013)
    __rt_lib_init_lc_monetary_1              0x08000163   Thumb Code     0  libinit2.o(.ARM.Collect$$libinit$$00000015)
    __rt_lib_init_lc_numeric_1               0x08000163   Thumb Code     0  libinit2.o(.ARM.Collect$$libinit$$00000017)
    __rt_lib_init_lc_time_1                  0x08000163   Thumb Code     0  libinit2.o(.ARM.Collect$$libinit$$00000019)
    __rt_lib_init_preinit_1                  0x08000163   Thumb Code     0  libinit2.o(.ARM.Collect$$libinit$$00000004)
    __rt_lib_init_rand_1                     0x08000163   Thumb Code     0  libinit2.o(.ARM.Collect$$libinit$$0000000E)
    __rt_lib_init_return                     0x08000163   Thumb Code     0  libinit2.o(.ARM.Collect$$libinit$$00000033)
    __rt_lib_init_signal_1                   0x08000163   Thumb Code     0  libinit2.o(.ARM.Collect$$libinit$$0000001D)
    __rt_lib_init_stdio_1                    0x08000163   Thumb Code     0  libinit2.o(.ARM.Collect$$libinit$$00000025)
    __rt_lib_init_user_alloc_1               0x08000163   Thumb Code     0  libinit2.o(.ARM.Collect$$libinit$$0000000C)
    __rt_lib_shutdown                        0x08000165   Thumb Code     0  libshutdown.o(.ARM.Collect$$libshutdown$$00000000)
    __rt_lib_shutdown_cpp_1                  0x08000167   Thumb Code     0  libshutdown2.o(.ARM.Collect$$libshutdown$$00000002)
    __rt_lib_shutdown_fp_trap_1              0x08000167   Thumb Code     0  libshutdown2.o(.ARM.Collect$$libshutdown$$00000007)
    __rt_lib_shutdown_heap_1                 0x08000167   Thumb Code     0  libshutdown2.o(.ARM.Collect$$libshutdown$$0000000F)
    __rt_lib_shutdown_return                 0x08000167   Thumb Code     0  libshutdown2.o(.ARM.Collect$$libshutdown$$00000010)
    __rt_lib_shutdown_signal_1               0x08000167   Thumb Code     0  libshutdown2.o(.ARM.Collect$$libshutdown$$0000000A)
    __rt_lib_shutdown_stdio_1                0x08000167   Thumb Code     0  libshutdown2.o(.ARM.Collect$$libshutdown$$00000004)
    __rt_lib_shutdown_user_alloc_1           0x08000167   Thumb Code     0  libshutdown2.o(.ARM.Collect$$libshutdown$$0000000C)
    __rt_entry                               0x08000169   Thumb Code     0  __rtentry.o(.ARM.Collect$$rtentry$$00000000)
    __rt_entry_presh_1                       0x08000169   Thumb Code     0  __rtentry2.o(.ARM.Collect$$rtentry$$00000002)
    __rt_entry_sh                            0x08000169   Thumb Code     0  __rtentry4.o(.ARM.Collect$$rtentry$$00000004)
    __rt_entry_li                            0x0800016f   Thumb Code     0  __rtentry2.o(.ARM.Collect$$rtentry$$0000000A)
    __rt_entry_postsh_1                      0x0800016f   Thumb Code     0  __rtentry2.o(.ARM.Collect$$rtentry$$00000009)
    __rt_entry_main                          0x08000173   Thumb Code     0  __rtentry2.o(.ARM.Collect$$rtentry$$0000000D)
    __rt_entry_postli_1                      0x08000173   Thumb Code     0  __rtentry2.o(.ARM.Collect$$rtentry$$0000000C)
    __rt_exit                                0x0800017b   Thumb Code     0  rtexit.o(.ARM.Collect$$rtexit$$00000000)
    __rt_exit_ls                             0x0800017d   Thumb Code     0  rtexit2.o(.ARM.Collect$$rtexit$$00000003)
    __rt_exit_prels_1                        0x0800017d   Thumb Code     0  rtexit2.o(.ARM.Collect$$rtexit$$00000002)
    __rt_exit_exit                           0x08000181   Thumb Code     0  rtexit2.o(.ARM.Collect$$rtexit$$00000004)
    Reset_Handler                            0x08000189   Thumb Code     8  startup_stm32f10x_md.o(.text)
    ADC1_2_IRQHandler                        0x080001a3   Thumb Code     0  startup_stm32f10x_md.o(.text)
    CAN1_RX1_IRQHandler                      0x080001a3   Thumb Code     0  startup_stm32f10x_md.o(.text)
    CAN1_SCE_IRQHandler                      0x080001a3   Thumb Code     0  startup_stm32f10x_md.o(.text)
    DMA1_Channel1_IRQHandler                 0x080001a3   Thumb Code     0  startup_stm32f10x_md.o(.text)
    DMA1_Channel2_IRQHandler                 0x080001a3   Thumb Code     0  startup_stm32f10x_md.o(.text)
    DMA1_Channel3_IRQHandler                 0x080001a3   Thumb Code     0  startup_stm32f10x_md.o(.text)
    DMA1_Channel5_IRQHandler                 0x080001a3   Thumb Code     0  startup_stm32f10x_md.o(.text)
    DMA1_Channel6_IRQHandler                 0x080001a3   Thumb Code     0  startup_stm32f10x_md.o(.text)
    DMA1_Channel7_IRQHandler                 0x080001a3   Thumb Code     0  startup_stm32f10x_md.o(.text)
    EXTI0_IRQHandler                         0x080001a3   Thumb Code     0  startup_stm32f10x_md.o(.text)
    EXTI15_10_IRQHandler                     0x080001a3   Thumb Code     0  startup_stm32f10x_md.o(.text)
    EXTI1_IRQHandler                         0x080001a3   Thumb Code     0  startup_stm32f10x_md.o(.text)
    EXTI2_IRQHandler                         0x080001a3   Thumb Code     0  startup_stm32f10x_md.o(.text)
    EXTI3_IRQHandler                         0x080001a3   Thumb Code     0  startup_stm32f10x_md.o(.text)
    EXTI4_IRQHandler                         0x080001a3   Thumb Code     0  startup_stm32f10x_md.o(.text)
    EXTI9_5_IRQHandler                       0x080001a3   Thumb Code     0  startup_stm32f10x_md.o(.text)
    FLASH_IRQHandler                         0x080001a3   Thumb Code     0  startup_stm32f10x_md.o(.text)
    I2C1_ER_IRQHandler                       0x080001a3   Thumb Code     0  startup_stm32f10x_md.o(.text)
    I2C1_EV_IRQHandler                       0x080001a3   Thumb Code     0  startup_stm32f10x_md.o(.text)
    I2C2_ER_IRQHandler                       0x080001a3   Thumb Code     0  startup_stm32f10x_md.o(.text)
    I2C2_EV_IRQHandler                       0x080001a3   Thumb Code     0  startup_stm32f10x_md.o(.text)
    PVD_IRQHandler                           0x080001a3   Thumb Code     0  startup_stm32f10x_md.o(.text)
    RCC_IRQHandler                           0x080001a3   Thumb Code     0  startup_stm32f10x_md.o(.text)
    RTCAlarm_IRQHandler                      0x080001a3   Thumb Code     0  startup_stm32f10x_md.o(.text)
    RTC_IRQHandler                           0x080001a3   Thumb Code     0  startup_stm32f10x_md.o(.text)
    SPI1_IRQHandler                          0x080001a3   Thumb Code     0  startup_stm32f10x_md.o(.text)
    SPI2_IRQHandler                          0x080001a3   Thumb Code     0  startup_stm32f10x_md.o(.text)
    TAMPER_IRQHandler                        0x080001a3   Thumb Code     0  startup_stm32f10x_md.o(.text)
    TIM1_BRK_IRQHandler                      0x080001a3   Thumb Code     0  startup_stm32f10x_md.o(.text)
    TIM1_CC_IRQHandler                       0x080001a3   Thumb Code     0  startup_stm32f10x_md.o(.text)
    TIM1_TRG_COM_IRQHandler                  0x080001a3   Thumb Code     0  startup_stm32f10x_md.o(.text)
    TIM1_UP_IRQHandler                       0x080001a3   Thumb Code     0  startup_stm32f10x_md.o(.text)
    TIM2_IRQHandler                          0x080001a3   Thumb Code     0  startup_stm32f10x_md.o(.text)
    TIM3_IRQHandler                          0x080001a3   Thumb Code     0  startup_stm32f10x_md.o(.text)
    USART1_IRQHandler                        0x080001a3   Thumb Code     0  startup_stm32f10x_md.o(.text)
    USART2_IRQHandler                        0x080001a3   Thumb Code     0  startup_stm32f10x_md.o(.text)
    USART3_IRQHandler                        0x080001a3   Thumb Code     0  startup_stm32f10x_md.o(.text)
    USBWakeUp_IRQHandler                     0x080001a3   Thumb Code     0  startup_stm32f10x_md.o(.text)
    USB_HP_CAN1_TX_IRQHandler                0x080001a3   Thumb Code     0  startup_stm32f10x_md.o(.text)
    USB_LP_CAN1_RX0_IRQHandler               0x080001a3   Thumb Code     0  startup_stm32f10x_md.o(.text)
    WWDG_IRQHandler                          0x080001a3   Thumb Code     0  startup_stm32f10x_md.o(.text)
    __user_initial_stackheap                 0x080001a5   Thumb Code     0  startup_stm32f10x_md.o(.text)
    __use_two_region_memory                  0x080001c9   Thumb Code     2  heapauxi.o(.text)
    __rt_heap_escrow$2region                 0x080001cb   Thumb Code     2  heapauxi.o(.text)
    __rt_heap_expand$2region                 0x080001cd   Thumb Code     2  heapauxi.o(.text)
    __read_errno                             0x080001cf   Thumb Code    10  _rserrno.o(.text)
    __set_errno                              0x080001d9   Thumb Code    12  _rserrno.o(.text)
    __aeabi_errno_addr                       0x080001e5   Thumb Code     8  rt_errno_addr_intlibspace.o(.text)
    __errno$intlibspace                      0x080001e5   Thumb Code     0  rt_errno_addr_intlibspace.o(.text)
    __rt_errno_addr$intlibspace              0x080001e5   Thumb Code     0  rt_errno_addr_intlibspace.o(.text)
    __user_libspace                          0x080001ed   Thumb Code     8  libspace.o(.text)
    __user_perproc_libspace                  0x080001ed   Thumb Code     0  libspace.o(.text)
    __user_perthread_libspace                0x080001ed   Thumb Code     0  libspace.o(.text)
    __user_setup_stackheap                   0x080001f5   Thumb Code    74  sys_stackheap_outer.o(.text)
    exit                                     0x0800023f   Thumb Code    18  exit.o(.text)
    _sys_exit                                0x08000251   Thumb Code     8  sys_exit.o(.text)
    __I$use$semihosting                      0x0800025d   Thumb Code     0  use_no_semi.o(.text)
    __use_no_semihosting_swi                 0x0800025d   Thumb Code     2  use_no_semi.o(.text)
    __semihosting_library_function           0x0800025f   Thumb Code     0  indicate_semi.o(.text)
    ANO_DT_Send_PWM_Motor                    0x08000261   Thumb Code   296  usart.o(i.ANO_DT_Send_PWM_Motor)
    ANO_DT_Send_Power                        0x0800038d   Thumb Code   174  usart.o(i.ANO_DT_Send_Power)
    ANO_DT_Send_RCData                       0x08000445   Thumb Code   354  usart.o(i.ANO_DT_Send_RCData)
    ANO_DT_Send_Senser                       0x080005ad   Thumb Code   378  usart.o(i.ANO_DT_Send_Senser)
    ANO_DT_Send_Status                       0x0800072d   Thumb Code   308  usart.o(i.ANO_DT_Send_Status)
    ANO_DT_Send_User                         0x0800086d   Thumb Code   850  usart.o(i.ANO_DT_Send_User)
    Anotc_SendData                           0x08000bc5   Thumb Code   314  usart.o(i.Anotc_SendData)
    BusFault_Handler                         0x08000d2d   Thumb Code     4  stm32f10x_it.o(i.BusFault_Handler)
    DMA1_Channel4_IRQHandler                 0x08000d31   Thumb Code    36  usart.o(i.DMA1_Channel4_IRQHandler)
    DMA_ClearFlag                            0x08000d5d   Thumb Code    18  stm32f10x_dma.o(i.DMA_ClearFlag)
    DMA_Cmd                                  0x08000d79   Thumb Code    24  stm32f10x_dma.o(i.DMA_Cmd)
    DMA_DeInit                               0x08000d91   Thumb Code   324  stm32f10x_dma.o(i.DMA_DeInit)
    DMA_GetITStatus                          0x08000edd   Thumb Code    36  stm32f10x_dma.o(i.DMA_GetITStatus)
    DMA_ITConfig                             0x08000f09   Thumb Code    18  stm32f10x_dma.o(i.DMA_ITConfig)
    DMA_Init                                 0x08000f1b   Thumb Code    60  stm32f10x_dma.o(i.DMA_Init)
    DMA_SetCurrDataCounter                   0x08000f57   Thumb Code     4  stm32f10x_dma.o(i.DMA_SetCurrDataCounter)
    DebugMon_Handler                         0x08000f5b   Thumb Code     2  stm32f10x_it.o(i.DebugMon_Handler)
    GPIO_Init                                0x08000f5d   Thumb Code   278  stm32f10x_gpio.o(i.GPIO_Init)
    GPIO_PinRemapConfig                      0x08001075   Thumb Code   138  stm32f10x_gpio.o(i.GPIO_PinRemapConfig)
    GPIO_ReadInputDataBit                    0x08001105   Thumb Code    18  stm32f10x_gpio.o(i.GPIO_ReadInputDataBit)
    GPIO_SetBits                             0x08001117   Thumb Code     4  stm32f10x_gpio.o(i.GPIO_SetBits)
    GPIO_StructInit                          0x0800111b   Thumb Code    16  stm32f10x_gpio.o(i.GPIO_StructInit)
    HardFault_Handler                        0x0800112b   Thumb Code     4  stm32f10x_it.o(i.HardFault_Handler)
    IIC_Init                                 0x08001131   Thumb Code    94  iic.o(i.IIC_Init)
    IIC_Read_Byte                            0x08001195   Thumb Code    62  iic.o(i.IIC_Read_Byte)
    IIC_Read_One_Byte                        0x080011d9   Thumb Code    52  iic.o(i.IIC_Read_One_Byte)
    IIC_Send_Byte                            0x0800120d   Thumb Code    98  iic.o(i.IIC_Send_Byte)
    IIC_Slave_Ack                            0x08001275   Thumb Code    84  iic.o(i.IIC_Slave_Ack)
    IIC_Start                                0x080012cd   Thumb Code    36  iic.o(i.IIC_Start)
    IIC_Stop                                 0x080012f5   Thumb Code    56  iic.o(i.IIC_Stop)
    IIC_Write_One_Byte                       0x08001331   Thumb Code    36  iic.o(i.IIC_Write_One_Byte)
    Main_Encoder_init                        0x08001359   Thumb Code   164  pwm.o(i.Main_Encoder_init)
    Matrix_ready                             0x08001405   Thumb Code    12  imu.o(i.Matrix_ready)
    MemManage_Handler                        0x08001411   Thumb Code     4  stm32f10x_it.o(i.MemManage_Handler)
    NMI_Handler                              0x08001415   Thumb Code     2  stm32f10x_it.o(i.NMI_Handler)
    NVIC_Init                                0x08001419   Thumb Code   100  misc.o(i.NVIC_Init)
    NVIC_PriorityGroupConfig                 0x08001489   Thumb Code    10  misc.o(i.NVIC_PriorityGroupConfig)
    NVIC_config                              0x0800149d   Thumb Code    42  nvic.o(i.NVIC_config)
    PendSV_Handler                           0x080014c7   Thumb Code     2  stm32f10x_it.o(i.PendSV_Handler)
    RCC_AHBPeriphClockCmd                    0x080014c9   Thumb Code    26  stm32f10x_rcc.o(i.RCC_AHBPeriphClockCmd)
    RCC_APB1PeriphClockCmd                   0x080014e9   Thumb Code    26  stm32f10x_rcc.o(i.RCC_APB1PeriphClockCmd)
    RCC_APB1PeriphResetCmd                   0x08001509   Thumb Code    26  stm32f10x_rcc.o(i.RCC_APB1PeriphResetCmd)
    RCC_APB2PeriphClockCmd                   0x08001529   Thumb Code    26  stm32f10x_rcc.o(i.RCC_APB2PeriphClockCmd)
    RCC_APB2PeriphResetCmd                   0x08001549   Thumb Code    26  stm32f10x_rcc.o(i.RCC_APB2PeriphResetCmd)
    RCC_GetClocksFreq                        0x08001569   Thumb Code   192  stm32f10x_rcc.o(i.RCC_GetClocksFreq)
    SDA_IN                                   0x0800163d   Thumb Code    26  iic.o(i.SDA_IN)
    SDA_OUT                                  0x0800165d   Thumb Code    32  iic.o(i.SDA_OUT)
    SVC_Handler                              0x08001681   Thumb Code     2  stm32f10x_it.o(i.SVC_Handler)
    SysTick_Handler                          0x0800176d   Thumb Code    18  systick.o(i.SysTick_Handler)
    SystemInit                               0x08001785   Thumb Code    78  system_stm32f10x.o(i.SystemInit)
    TIM4_IRQHandler                          0x08001a25   Thumb Code   164  timer.o(i.TIM4_IRQHandler)
    TIM_ARRPreloadConfig                     0x08001af1   Thumb Code    24  stm32f10x_tim.o(i.TIM_ARRPreloadConfig)
    TIM_ClearFlag                            0x08001b09   Thumb Code     6  stm32f10x_tim.o(i.TIM_ClearFlag)
    TIM_Cmd                                  0x08001b0f   Thumb Code    24  stm32f10x_tim.o(i.TIM_Cmd)
    TIM_DeInit                               0x08001b29   Thumb Code   424  stm32f10x_tim.o(i.TIM_DeInit)
    TIM_EncoderInterfaceConfig               0x08001d11   Thumb Code    66  stm32f10x_tim.o(i.TIM_EncoderInterfaceConfig)
    TIM_ICInit                               0x08001d55   Thumb Code   150  stm32f10x_tim.o(i.TIM_ICInit)
    TIM_ICStructInit                         0x08001e01   Thumb Code    18  stm32f10x_tim.o(i.TIM_ICStructInit)
    TIM_ITConfig                             0x08001e13   Thumb Code    18  stm32f10x_tim.o(i.TIM_ITConfig)
    TIM_OC1Init                              0x08001e25   Thumb Code   132  stm32f10x_tim.o(i.TIM_OC1Init)
    TIM_OC1PreloadConfig                     0x08001ebd   Thumb Code    18  stm32f10x_tim.o(i.TIM_OC1PreloadConfig)
    TIM_OC2Init                              0x08001ed1   Thumb Code   154  stm32f10x_tim.o(i.TIM_OC2Init)
    TIM_OC2PreloadConfig                     0x08001f75   Thumb Code    26  stm32f10x_tim.o(i.TIM_OC2PreloadConfig)
    TIM_OC3Init                              0x08001f91   Thumb Code   150  stm32f10x_tim.o(i.TIM_OC3Init)
    TIM_OC3PreloadConfig                     0x08002031   Thumb Code    18  stm32f10x_tim.o(i.TIM_OC3PreloadConfig)
    TIM_SetIC1Prescaler                      0x08002043   Thumb Code    18  stm32f10x_tim.o(i.TIM_SetIC1Prescaler)
    TIM_SetIC2Prescaler                      0x08002055   Thumb Code    26  stm32f10x_tim.o(i.TIM_SetIC2Prescaler)
    TIM_SetIC3Prescaler                      0x0800206f   Thumb Code    18  stm32f10x_tim.o(i.TIM_SetIC3Prescaler)
    TIM_SetIC4Prescaler                      0x08002081   Thumb Code    26  stm32f10x_tim.o(i.TIM_SetIC4Prescaler)
    TIM_TimeBaseInit                         0x0800209d   Thumb Code   122  stm32f10x_tim.o(i.TIM_TimeBaseInit)
    TIM_TimeBaseStructInit                   0x08002141   Thumb Code    18  stm32f10x_tim.o(i.TIM_TimeBaseStructInit)
    USART_Cmd                                0x08002153   Thumb Code    24  stm32f10x_usart.o(i.USART_Cmd)
    USART_DMACmd                             0x0800216b   Thumb Code    18  stm32f10x_usart.o(i.USART_DMACmd)
    USART_ITConfig                           0x0800217d   Thumb Code    74  stm32f10x_usart.o(i.USART_ITConfig)
    USART_Init                               0x080021c9   Thumb Code   210  stm32f10x_usart.o(i.USART_Init)
    UsageFault_Handler                       0x080022a1   Thumb Code     4  stm32f10x_it.o(i.UsageFault_Handler)
    __ARM_fpclassify                         0x080022a5   Thumb Code    40  fpclassify.o(i.__ARM_fpclassify)
    __kernel_poly                            0x080022cd   Thumb Code   170  poly.o(i.__kernel_poly)
    __mathlib_dbl_infnan                     0x08002377   Thumb Code     6  dunder.o(i.__mathlib_dbl_infnan)
    __mathlib_dbl_infnan2                    0x0800237d   Thumb Code     4  dunder.o(i.__mathlib_dbl_infnan2)
    __mathlib_dbl_invalid                    0x08002381   Thumb Code    12  dunder.o(i.__mathlib_dbl_invalid)
    __mathlib_dbl_underflow                  0x0800238d   Thumb Code    10  dunder.o(i.__mathlib_dbl_underflow)
    _controller_output                       0x0800239d   Thumb Code    84  controller.o(i._controller_output)
    _controller_perform                      0x080023fd   Thumb Code    16  controller.o(i._controller_perform)
    acc_iir_lpf                              0x0800240d   Thumb Code    92  mpu6050.o(i.acc_iir_lpf)
    all_pid_init                             0x08002469   Thumb Code    32  pid.o(i.all_pid_init)
    angle_controller                         0x0800248d   Thumb Code    28  controller.o(i.angle_controller)
    asin                                     0x080024b1   Thumb Code   572  asin.o(i.asin)
    atan                                     0x08002721   Thumb Code   474  atan.o(i.atan)
    atan2                                    0x08002941   Thumb Code   346  atan2.o(i.atan2)
    butterworth_lpf                          0x08002ac1   Thumb Code   116  filter.o(i.butterworth_lpf)
    clear_integral                           0x08002b35   Thumb Code     6  pid.o(i.clear_integral)
    delay_ms                                 0x08002b3d   Thumb Code    62  systick.o(i.delay_ms)
    dma_tx_config                            0x08002b81   Thumb Code   112  usart.o(i.dma_tx_config)
    encoder_manage                           0x08002bf1   Thumb Code    38  pwm.o(i.encoder_manage)
    f_abs                                    0x08002c1d   Thumb Code    24  imath.o(i.f_abs)
    get_acc_g                                0x08002c35   Thumb Code    44  mpu6050.o(i.get_acc_g)
    get_acc_raw                              0x08002c61   Thumb Code    80  mpu6050.o(i.get_acc_raw)
    get_chip_id                              0x08002cb9   Thumb Code    26  main.o(i.get_chip_id)
    get_deg_s                                0x08002cfd   Thumb Code    38  mpu6050.o(i.get_deg_s)
    get_gyro_raw                             0x08002d29   Thumb Code   186  mpu6050.o(i.get_gyro_raw)
    get_iir_factor                           0x08002df9   Thumb Code    54  mpu6050.o(i.get_iir_factor)
    get_mpu_id                               0x08002e35   Thumb Code    16  mpu6050.o(i.get_mpu_id)
    get_rad_s                                0x08002e45   Thumb Code    38  mpu6050.o(i.get_rad_s)
    gyro_controller                          0x08002e71   Thumb Code    28  controller.o(i.gyro_controller)
    invSqrt                                  0x08002e95   Thumb Code    72  imath.o(i.invSqrt)
    key_info                                 0x08002ee1   Thumb Code    14  key.o(i.key_info)
    key_init                                 0x08002ef5   Thumb Code    38  key.o(i.key_init)
    key_scan                                 0x08002f21   Thumb Code    74  key.o(i.key_scan)
    led_blink                                0x08002f75   Thumb Code    88  led.o(i.led_blink)
    led_init                                 0x08002fd5   Thumb Code    80  led.o(i.led_init)
    led_off                                  0x08003031   Thumb Code    22  led.o(i.led_off)
    led_on                                   0x08003051   Thumb Code    22  led.o(i.led_on)
    led_on_all                               0x08003071   Thumb Code    16  led.o(i.led_on_all)
    led_toggle                               0x08003081   Thumb Code    34  led.o(i.led_toggle)
    mahony_update                            0x080030ad   Thumb Code  1240  imu.o(i.mahony_update)
    main                                     0x080035a9   Thumb Code   108  main.o(i.main)
    motor_pwm_out                            0x08003621   Thumb Code    64  pwm.o(i.motor_pwm_out)
    mpu6050_init                             0x08003661   Thumb Code    70  mpu6050.o(i.mpu6050_init)
    mymemcpy                                 0x080036a7   Thumb Code    26  imath.o(i.mymemcpy)
    pid_controller                           0x080036c1   Thumb Code   164  pid.o(i.pid_controller)
    pid_init                                 0x08003765   Thumb Code    62  pid.o(i.pid_init)
    pwm_init                                 0x080037a9   Thumb Code   194  pwm.o(i.pwm_init)
    read_encoder                             0x08003871   Thumb Code    44  pwm.o(i.read_encoder)
    rotation_matrix                          0x080038a5   Thumb Code   512  imu.o(i.rotation_matrix)
    rotation_matrix_T                        0x08003ab9   Thumb Code   520  imu.o(i.rotation_matrix_T)
    sqrt                                     0x08003cf5   Thumb Code    76  sqrt.o(i.sqrt)
    systick_init                             0x08003d41   Thumb Code    38  systick.o(i.systick_init)
    time_check                               0x08003d71   Thumb Code    54  timer.o(i.time_check)
    timer_init                               0x08003db5   Thumb Code    72  timer.o(i.timer_init)
    to_limit                                 0x08003e01   Thumb Code    14  imath.o(i.to_limit)
    usart1_init                              0x08003e11   Thumb Code   166  usart.o(i.usart1_init)
    usart1_send                              0x08003ec9   Thumb Code    66  usart.o(i.usart1_send)
    vel_controller                           0x08003f19   Thumb Code    30  controller.o(i.vel_controller)
    __aeabi_d2f                              0x08003f41   Thumb Code     0  d2f.o(x$fpl$d2f)
    _d2f                                     0x08003f41   Thumb Code    98  d2f.o(x$fpl$d2f)
    __aeabi_dadd                             0x08003fa5   Thumb Code     0  daddsub_clz.o(x$fpl$dadd)
    _dadd                                    0x08003fa5   Thumb Code   332  daddsub_clz.o(x$fpl$dadd)
    __fpl_dcheck_NaN1                        0x080040f5   Thumb Code    10  dcheck1.o(x$fpl$dcheck1)
    __aeabi_ddiv                             0x08004105   Thumb Code     0  ddiv.o(x$fpl$ddiv)
    _ddiv                                    0x08004105   Thumb Code   552  ddiv.o(x$fpl$ddiv)
    __aeabi_dmul                             0x080043b5   Thumb Code     0  dmul.o(x$fpl$dmul)
    _dmul                                    0x080043b5   Thumb Code   332  dmul.o(x$fpl$dmul)
    __fpl_dnaninf                            0x08004509   Thumb Code   156  dnaninf.o(x$fpl$dnaninf)
    __fpl_dretinf                            0x080045a5   Thumb Code    12  dretinf.o(x$fpl$dretinf)
    __aeabi_drsub                            0x080045b1   Thumb Code     0  daddsub_clz.o(x$fpl$drsb)
    _drsb                                    0x080045b1   Thumb Code    22  daddsub_clz.o(x$fpl$drsb)
    _dsqrt                                   0x080045c9   Thumb Code   456  dsqrt_noumaal.o(x$fpl$dsqrt)
    __aeabi_dsub                             0x08004795   Thumb Code     0  daddsub_clz.o(x$fpl$dsub)
    _dsub                                    0x08004795   Thumb Code   464  daddsub_clz.o(x$fpl$dsub)
    __aeabi_f2d                              0x08004969   Thumb Code     0  f2d.o(x$fpl$f2d)
    _f2d                                     0x08004969   Thumb Code    86  f2d.o(x$fpl$f2d)
    __aeabi_fadd                             0x080049c1   Thumb Code     0  faddsub_clz.o(x$fpl$fadd)
    _fadd                                    0x080049c1   Thumb Code   196  faddsub_clz.o(x$fpl$fadd)
    __fpl_fcmp_Inf                           0x08004a85   Thumb Code    24  fcmpi.o(x$fpl$fcmpinf)
    __aeabi_fdiv                             0x08004a9d   Thumb Code     0  fdiv.o(x$fpl$fdiv)
    _fdiv                                    0x08004a9d   Thumb Code   384  fdiv.o(x$fpl$fdiv)
    __aeabi_cfcmpeq                          0x08004c21   Thumb Code     0  feqf.o(x$fpl$feqf)
    _fcmpeq                                  0x08004c21   Thumb Code   104  feqf.o(x$fpl$feqf)
    __aeabi_f2iz                             0x08004c89   Thumb Code     0  ffix.o(x$fpl$ffix)
    _ffix                                    0x08004c89   Thumb Code    54  ffix.o(x$fpl$ffix)
    __aeabi_f2uiz                            0x08004cc1   Thumb Code     0  ffixu.o(x$fpl$ffixu)
    _ffixu                                   0x08004cc1   Thumb Code    62  ffixu.o(x$fpl$ffixu)
    __aeabi_i2f                              0x08004d01   Thumb Code     0  fflt_clz.o(x$fpl$fflt)
    _fflt                                    0x08004d01   Thumb Code    48  fflt_clz.o(x$fpl$fflt)
    __aeabi_ui2f                             0x08004d31   Thumb Code     0  fflt_clz.o(x$fpl$ffltu)
    _ffltu                                   0x08004d31   Thumb Code    38  fflt_clz.o(x$fpl$ffltu)
    __aeabi_cfcmple                          0x08004d59   Thumb Code     0  fleqf.o(x$fpl$fleqf)
    _fcmple                                  0x08004d59   Thumb Code   104  fleqf.o(x$fpl$fleqf)
    __fpl_fcmple_InfNaN                      0x08004dab   Thumb Code     0  fleqf.o(x$fpl$fleqf)
    __aeabi_fmul                             0x08004dc1   Thumb Code     0  fmul.o(x$fpl$fmul)
    _fmul                                    0x08004dc1   Thumb Code   258  fmul.o(x$fpl$fmul)
    __fpl_fnaninf                            0x08004ec3   Thumb Code   140  fnaninf.o(x$fpl$fnaninf)
    __fpl_fretinf                            0x08004f4f   Thumb Code    10  fretinf.o(x$fpl$fretinf)
    __aeabi_cfrcmple                         0x08004f59   Thumb Code     0  frleqf.o(x$fpl$frleqf)
    _frcmple                                 0x08004f59   Thumb Code    98  frleqf.o(x$fpl$frleqf)
    __aeabi_frsub                            0x08004fbb   Thumb Code     0  faddsub_clz.o(x$fpl$frsb)
    _frsb                                    0x08004fbb   Thumb Code    20  faddsub_clz.o(x$fpl$frsb)
    __aeabi_fsub                             0x08004fd1   Thumb Code     0  faddsub_clz.o(x$fpl$fsub)
    _fsub                                    0x08004fd1   Thumb Code   234  faddsub_clz.o(x$fpl$fsub)
    __fpl_return_NaN                         0x080050bb   Thumb Code   100  retnan.o(x$fpl$retnan)
    __ARM_scalbn                             0x0800511f   Thumb Code    92  scalbn.o(x$fpl$scalbn)
    __fpl_cmpreturn                          0x0800517b   Thumb Code    48  trapv.o(x$fpl$trapveneer)
    __I$use$fp                               0x080051aa   Number         0  usenofp.o(x$fpl$usenofp)
    controller_parameter                     0x080051ac   Data          60  pid.o(.constdata)
    __mathlib_zero                           0x080052d0   Data           8  qnan.o(.constdata)
    Region$$Table$$Base                      0x080052d8   Number         0  anon$$obj.o(Region$$Table)
    Region$$Table$$Limit                     0x080052f8   Number         0  anon$$obj.o(Region$$Table)
    SystemCoreClock                          0x20000000   Data           4  system_stm32f10x.o(.data)
    AHBPrescTable                            0x20000004   Data          16  system_stm32f10x.o(.data)
    tick_count                               0x20000014   Data           4  systick.o(.data)
    key                                      0x2000001c   Data           8  key.o(.data)
    usart1_sent                              0x20000025   Data           1  usart.o(.data)
    acc_raw                                  0x20000028   Data           6  mpu6050.o(.data)
    gyro_raw                                 0x2000002e   Data           6  mpu6050.o(.data)
    gyro_30hz_parameter                      0x20000034   Data          24  mpu6050.o(.data)
    acc_5hz_parameter                        0x2000004c   Data          24  mpu6050.o(.data)
    q0                                       0x20000064   Data           4  imu.o(.data)
    q1                                       0x20000068   Data           4  imu.o(.data)
    q2                                       0x2000006c   Data           4  imu.o(.data)
    q3                                       0x20000070   Data           4  imu.o(.data)
    exInt                                    0x20000074   Data           4  imu.o(.data)
    eyInt                                    0x20000078   Data           4  imu.o(.data)
    ezInt                                    0x2000007c   Data           4  imu.o(.data)
    main_val                                 0x20000080   Data           4  pwm.o(.data)
    aux_val                                  0x20000084   Data           4  pwm.o(.data)
    Motor1                                   0x20000088   Data           4  controller.o(.data)
    Motor2                                   0x2000008c   Data           4  controller.o(.data)
    running_tim_cnt                          0x20000090   Data           4  timer.o(.data)
    chip_id                                  0x200000a8   Data          12  main.o(.bss)
    usart1_dma_tx_buf                        0x200000b4   Data        1024  usart.o(.bss)
    usart1_dma_rx_buf                        0x200004b4   Data        1024  usart.o(.bss)
    data_to_send                             0x200008b4   Data         100  usart.o(.bss)
    acc_raw_f                                0x20000918   Data          12  mpu6050.o(.bss)
    gyro_raw_f                               0x20000924   Data          12  mpu6050.o(.bss)
    acc_att_lpf                              0x20000930   Data          12  mpu6050.o(.bss)
    gyro_lpf                                 0x2000093c   Data          12  mpu6050.o(.bss)
    gyro_offset                              0x20000948   Data          12  mpu6050.o(.bss)
    Mpu                                      0x20000954   Data          44  mpu6050.o(.bss)
    gyro_butter_data                         0x20000980   Data          72  mpu6050.o(.bss)
    acc_butter_data                          0x200009c8   Data          72  mpu6050.o(.bss)
    Mat                                      0x20000a10   Data          72  imu.o(.bss)
    att                                      0x20000a58   Data          36  imu.o(.bss)
    att_time                                 0x20000a7c   Data          16  imu.o(.bss)
    all                                      0x20000a8c   Data         132  pid.o(.bss)
    run_start                                0x20000b10   Data          16  timer.o(.bss)
    run_stop                                 0x20000b20   Data          16  timer.o(.bss)
    __libspace_start                         0x20000b30   Data          96  libspace.o(.bss)
    __temporary_stack_top$libspace           0x20000b90   Data           0  libspace.o(.bss)



==============================================================================

Memory Map of the image

  Image Entry point : 0x080000ed

  Load Region LR_IROM1 (Base: 0x08000000, Size: 0x000053a0, Max: 0x00010000, ABSOLUTE)

    Execution Region ER_IROM1 (Exec base: 0x08000000, Load base: 0x08000000, Size: 0x000052f8, Max: 0x00010000, ABSOLUTE)

    Exec Addr    Load Addr    Size         Type   Attr      Idx    E Section Name        Object

    0x08000000   0x08000000   0x000000ec   Data   RO         2775    RESET               startup_stm32f10x_md.o
    0x080000ec   0x080000ec   0x00000008   Code   RO         2786  * !!!main             c_w.l(__main.o)
    0x080000f4   0x080000f4   0x00000034   Code   RO         3078    !!!scatter          c_w.l(__scatter.o)
    0x08000128   0x08000128   0x0000001a   Code   RO         3080    !!handler_copy      c_w.l(__scatter_copy.o)
    0x08000142   0x08000142   0x00000002   PAD
    0x08000144   0x08000144   0x0000001c   Code   RO         3082    !!handler_zi        c_w.l(__scatter_zi.o)
    0x08000160   0x08000160   0x00000002   Code   RO         2945    .ARM.Collect$$libinit$$00000000  c_w.l(libinit.o)
    0x08000162   0x08000162   0x00000000   Code   RO         2953    .ARM.Collect$$libinit$$00000002  c_w.l(libinit2.o)
    0x08000162   0x08000162   0x00000000   Code   RO         2955    .ARM.Collect$$libinit$$00000004  c_w.l(libinit2.o)
    0x08000162   0x08000162   0x00000000   Code   RO         2958    .ARM.Collect$$libinit$$0000000A  c_w.l(libinit2.o)
    0x08000162   0x08000162   0x00000000   Code   RO         2960    .ARM.Collect$$libinit$$0000000C  c_w.l(libinit2.o)
    0x08000162   0x08000162   0x00000000   Code   RO         2962    .ARM.Collect$$libinit$$0000000E  c_w.l(libinit2.o)
    0x08000162   0x08000162   0x00000000   Code   RO         2965    .ARM.Collect$$libinit$$00000011  c_w.l(libinit2.o)
    0x08000162   0x08000162   0x00000000   Code   RO         2967    .ARM.Collect$$libinit$$00000013  c_w.l(libinit2.o)
    0x08000162   0x08000162   0x00000000   Code   RO         2969    .ARM.Collect$$libinit$$00000015  c_w.l(libinit2.o)
    0x08000162   0x08000162   0x00000000   Code   RO         2971    .ARM.Collect$$libinit$$00000017  c_w.l(libinit2.o)
    0x08000162   0x08000162   0x00000000   Code   RO         2973    .ARM.Collect$$libinit$$00000019  c_w.l(libinit2.o)
    0x08000162   0x08000162   0x00000000   Code   RO         2975    .ARM.Collect$$libinit$$0000001B  c_w.l(libinit2.o)
    0x08000162   0x08000162   0x00000000   Code   RO         2977    .ARM.Collect$$libinit$$0000001D  c_w.l(libinit2.o)
    0x08000162   0x08000162   0x00000000   Code   RO         2979    .ARM.Collect$$libinit$$0000001F  c_w.l(libinit2.o)
    0x08000162   0x08000162   0x00000000   Code   RO         2981    .ARM.Collect$$libinit$$00000021  c_w.l(libinit2.o)
    0x08000162   0x08000162   0x00000000   Code   RO         2983    .ARM.Collect$$libinit$$00000023  c_w.l(libinit2.o)
    0x08000162   0x08000162   0x00000000   Code   RO         2985    .ARM.Collect$$libinit$$00000025  c_w.l(libinit2.o)
    0x08000162   0x08000162   0x00000000   Code   RO         2989    .ARM.Collect$$libinit$$0000002C  c_w.l(libinit2.o)
    0x08000162   0x08000162   0x00000000   Code   RO         2991    .ARM.Collect$$libinit$$0000002E  c_w.l(libinit2.o)
    0x08000162   0x08000162   0x00000000   Code   RO         2993    .ARM.Collect$$libinit$$00000030  c_w.l(libinit2.o)
    0x08000162   0x08000162   0x00000000   Code   RO         2995    .ARM.Collect$$libinit$$00000032  c_w.l(libinit2.o)
    0x08000162   0x08000162   0x00000002   Code   RO         2996    .ARM.Collect$$libinit$$00000033  c_w.l(libinit2.o)
    0x08000164   0x08000164   0x00000002   Code   RO         3018    .ARM.Collect$$libshutdown$$00000000  c_w.l(libshutdown.o)
    0x08000166   0x08000166   0x00000000   Code   RO         3031    .ARM.Collect$$libshutdown$$00000002  c_w.l(libshutdown2.o)
    0x08000166   0x08000166   0x00000000   Code   RO         3033    .ARM.Collect$$libshutdown$$00000004  c_w.l(libshutdown2.o)
    0x08000166   0x08000166   0x00000000   Code   RO         3036    .ARM.Collect$$libshutdown$$00000007  c_w.l(libshutdown2.o)
    0x08000166   0x08000166   0x00000000   Code   RO         3039    .ARM.Collect$$libshutdown$$0000000A  c_w.l(libshutdown2.o)
    0x08000166   0x08000166   0x00000000   Code   RO         3041    .ARM.Collect$$libshutdown$$0000000C  c_w.l(libshutdown2.o)
    0x08000166   0x08000166   0x00000000   Code   RO         3044    .ARM.Collect$$libshutdown$$0000000F  c_w.l(libshutdown2.o)
    0x08000166   0x08000166   0x00000002   Code   RO         3045    .ARM.Collect$$libshutdown$$00000010  c_w.l(libshutdown2.o)
    0x08000168   0x08000168   0x00000000   Code   RO         2844    .ARM.Collect$$rtentry$$00000000  c_w.l(__rtentry.o)
    0x08000168   0x08000168   0x00000000   Code   RO         2908    .ARM.Collect$$rtentry$$00000002  c_w.l(__rtentry2.o)
    0x08000168   0x08000168   0x00000006   Code   RO         2920    .ARM.Collect$$rtentry$$00000004  c_w.l(__rtentry4.o)
    0x0800016e   0x0800016e   0x00000000   Code   RO         2910    .ARM.Collect$$rtentry$$00000009  c_w.l(__rtentry2.o)
    0x0800016e   0x0800016e   0x00000004   Code   RO         2911    .ARM.Collect$$rtentry$$0000000A  c_w.l(__rtentry2.o)
    0x08000172   0x08000172   0x00000000   Code   RO         2913    .ARM.Collect$$rtentry$$0000000C  c_w.l(__rtentry2.o)
    0x08000172   0x08000172   0x00000008   Code   RO         2914    .ARM.Collect$$rtentry$$0000000D  c_w.l(__rtentry2.o)
    0x0800017a   0x0800017a   0x00000002   Code   RO         2950    .ARM.Collect$$rtexit$$00000000  c_w.l(rtexit.o)
    0x0800017c   0x0800017c   0x00000000   Code   RO         3000    .ARM.Collect$$rtexit$$00000002  c_w.l(rtexit2.o)
    0x0800017c   0x0800017c   0x00000004   Code   RO         3001    .ARM.Collect$$rtexit$$00000003  c_w.l(rtexit2.o)
    0x08000180   0x08000180   0x00000006   Code   RO         3002    .ARM.Collect$$rtexit$$00000004  c_w.l(rtexit2.o)
    0x08000186   0x08000186   0x00000002   PAD
    0x08000188   0x08000188   0x00000040   Code   RO         2776    .text               startup_stm32f10x_md.o
    0x080001c8   0x080001c8   0x00000006   Code   RO         2784    .text               c_w.l(heapauxi.o)
    0x080001ce   0x080001ce   0x00000016   Code   RO         2845    .text               c_w.l(_rserrno.o)
    0x080001e4   0x080001e4   0x00000008   Code   RO         2925    .text               c_w.l(rt_errno_addr_intlibspace.o)
    0x080001ec   0x080001ec   0x00000008   Code   RO         2933    .text               c_w.l(libspace.o)
    0x080001f4   0x080001f4   0x0000004a   Code   RO         2936    .text               c_w.l(sys_stackheap_outer.o)
    0x0800023e   0x0800023e   0x00000012   Code   RO         2938    .text               c_w.l(exit.o)
    0x08000250   0x08000250   0x0000000c   Code   RO         3010    .text               c_w.l(sys_exit.o)
    0x0800025c   0x0800025c   0x00000002   Code   RO         3021    .text               c_w.l(use_no_semi.o)
    0x0800025e   0x0800025e   0x00000000   Code   RO         3023    .text               c_w.l(indicate_semi.o)
    0x0800025e   0x0800025e   0x00000002   PAD
    0x08000260   0x08000260   0x0000012c   Code   RO          462    i.ANO_DT_Send_PWM_Motor  usart.o
    0x0800038c   0x0800038c   0x000000b8   Code   RO          463    i.ANO_DT_Send_Power  usart.o
    0x08000444   0x08000444   0x00000168   Code   RO          464    i.ANO_DT_Send_RCData  usart.o
    0x080005ac   0x080005ac   0x00000180   Code   RO          465    i.ANO_DT_Send_Senser  usart.o
    0x0800072c   0x0800072c   0x00000140   Code   RO          466    i.ANO_DT_Send_Status  usart.o
    0x0800086c   0x0800086c   0x00000358   Code   RO          467    i.ANO_DT_Send_User  usart.o
    0x08000bc4   0x08000bc4   0x00000168   Code   RO          468    i.Anotc_SendData    usart.o
    0x08000d2c   0x08000d2c   0x00000004   Code   RO          156    i.BusFault_Handler  stm32f10x_it.o
    0x08000d30   0x08000d30   0x0000002c   Code   RO          469    i.DMA1_Channel4_IRQHandler  usart.o
    0x08000d5c   0x08000d5c   0x0000001c   Code   RO         1330    i.DMA_ClearFlag     stm32f10x_dma.o
    0x08000d78   0x08000d78   0x00000018   Code   RO         1332    i.DMA_Cmd           stm32f10x_dma.o
    0x08000d90   0x08000d90   0x0000014c   Code   RO         1333    i.DMA_DeInit        stm32f10x_dma.o
    0x08000edc   0x08000edc   0x0000002c   Code   RO         1336    i.DMA_GetITStatus   stm32f10x_dma.o
    0x08000f08   0x08000f08   0x00000012   Code   RO         1337    i.DMA_ITConfig      stm32f10x_dma.o
    0x08000f1a   0x08000f1a   0x0000003c   Code   RO         1338    i.DMA_Init          stm32f10x_dma.o
    0x08000f56   0x08000f56   0x00000004   Code   RO         1339    i.DMA_SetCurrDataCounter  stm32f10x_dma.o
    0x08000f5a   0x08000f5a   0x00000002   Code   RO          157    i.DebugMon_Handler  stm32f10x_it.o
    0x08000f5c   0x08000f5c   0x00000116   Code   RO         1582    i.GPIO_Init         stm32f10x_gpio.o
    0x08001072   0x08001072   0x00000002   PAD
    0x08001074   0x08001074   0x00000090   Code   RO         1584    i.GPIO_PinRemapConfig  stm32f10x_gpio.o
    0x08001104   0x08001104   0x00000012   Code   RO         1586    i.GPIO_ReadInputDataBit  stm32f10x_gpio.o
    0x08001116   0x08001116   0x00000004   Code   RO         1590    i.GPIO_SetBits      stm32f10x_gpio.o
    0x0800111a   0x0800111a   0x00000010   Code   RO         1591    i.GPIO_StructInit   stm32f10x_gpio.o
    0x0800112a   0x0800112a   0x00000004   Code   RO          158    i.HardFault_Handler  stm32f10x_it.o
    0x0800112e   0x0800112e   0x00000002   PAD
    0x08001130   0x08001130   0x00000064   Code   RO          385    i.IIC_Init          iic.o
    0x08001194   0x08001194   0x00000044   Code   RO          386    i.IIC_Read_Byte     iic.o
    0x080011d8   0x080011d8   0x00000034   Code   RO          387    i.IIC_Read_One_Byte  iic.o
    0x0800120c   0x0800120c   0x00000068   Code   RO          389    i.IIC_Send_Byte     iic.o
    0x08001274   0x08001274   0x00000058   Code   RO          390    i.IIC_Slave_Ack     iic.o
    0x080012cc   0x080012cc   0x00000028   Code   RO          391    i.IIC_Start         iic.o
    0x080012f4   0x080012f4   0x0000003c   Code   RO          392    i.IIC_Stop          iic.o
    0x08001330   0x08001330   0x00000024   Code   RO          393    i.IIC_Write_One_Byte  iic.o
    0x08001354   0x08001354   0x00000002   Code   RO          394    i.IIC_delay         iic.o
    0x08001356   0x08001356   0x00000002   PAD
    0x08001358   0x08001358   0x000000ac   Code   RO          854    i.Main_Encoder_init  pwm.o
    0x08001404   0x08001404   0x0000000c   Code   RO          626    i.Matrix_ready      imu.o
    0x08001410   0x08001410   0x00000004   Code   RO          159    i.MemManage_Handler  stm32f10x_it.o
    0x08001414   0x08001414   0x00000002   Code   RO          160    i.NMI_Handler       stm32f10x_it.o
    0x08001416   0x08001416   0x00000002   PAD
    0x08001418   0x08001418   0x00000070   Code   RO         1072    i.NVIC_Init         misc.o
    0x08001488   0x08001488   0x00000014   Code   RO         1073    i.NVIC_PriorityGroupConfig  misc.o
    0x0800149c   0x0800149c   0x0000002a   Code   RO         1013    i.NVIC_config       nvic.o
    0x080014c6   0x080014c6   0x00000002   Code   RO          161    i.PendSV_Handler    stm32f10x_it.o
    0x080014c8   0x080014c8   0x00000020   Code   RO         1691    i.RCC_AHBPeriphClockCmd  stm32f10x_rcc.o
    0x080014e8   0x080014e8   0x00000020   Code   RO         1692    i.RCC_APB1PeriphClockCmd  stm32f10x_rcc.o
    0x08001508   0x08001508   0x00000020   Code   RO         1693    i.RCC_APB1PeriphResetCmd  stm32f10x_rcc.o
    0x08001528   0x08001528   0x00000020   Code   RO         1694    i.RCC_APB2PeriphClockCmd  stm32f10x_rcc.o
    0x08001548   0x08001548   0x00000020   Code   RO         1695    i.RCC_APB2PeriphResetCmd  stm32f10x_rcc.o
    0x08001568   0x08001568   0x000000d4   Code   RO         1702    i.RCC_GetClocksFreq  stm32f10x_rcc.o
    0x0800163c   0x0800163c   0x00000020   Code   RO          395    i.SDA_IN            iic.o
    0x0800165c   0x0800165c   0x00000024   Code   RO          396    i.SDA_OUT           iic.o
    0x08001680   0x08001680   0x00000002   Code   RO          162    i.SVC_Handler       stm32f10x_it.o
    0x08001682   0x08001682   0x00000008   Code   RO          213    i.SetSysClock       system_stm32f10x.o
    0x0800168a   0x0800168a   0x00000002   PAD
    0x0800168c   0x0800168c   0x000000e0   Code   RO          214    i.SetSysClockTo72   system_stm32f10x.o
    0x0800176c   0x0800176c   0x00000018   Code   RO          247    i.SysTick_Handler   systick.o
    0x08001784   0x08001784   0x00000060   Code   RO          216    i.SystemInit        system_stm32f10x.o
    0x080017e4   0x080017e4   0x00000080   Code   RO         2034    i.TI1_Config        stm32f10x_tim.o
    0x08001864   0x08001864   0x00000098   Code   RO         2035    i.TI2_Config        stm32f10x_tim.o
    0x080018fc   0x080018fc   0x00000090   Code   RO         2036    i.TI3_Config        stm32f10x_tim.o
    0x0800198c   0x0800198c   0x00000098   Code   RO         2037    i.TI4_Config        stm32f10x_tim.o
    0x08001a24   0x08001a24   0x000000cc   Code   RO         1025    i.TIM4_IRQHandler   timer.o
    0x08001af0   0x08001af0   0x00000018   Code   RO         2038    i.TIM_ARRPreloadConfig  stm32f10x_tim.o
    0x08001b08   0x08001b08   0x00000006   Code   RO         2044    i.TIM_ClearFlag     stm32f10x_tim.o
    0x08001b0e   0x08001b0e   0x00000018   Code   RO         2050    i.TIM_Cmd           stm32f10x_tim.o
    0x08001b26   0x08001b26   0x00000002   PAD
    0x08001b28   0x08001b28   0x000001e8   Code   RO         2055    i.TIM_DeInit        stm32f10x_tim.o
    0x08001d10   0x08001d10   0x00000042   Code   RO         2059    i.TIM_EncoderInterfaceConfig  stm32f10x_tim.o
    0x08001d52   0x08001d52   0x00000002   PAD
    0x08001d54   0x08001d54   0x000000ac   Code   RO         2073    i.TIM_ICInit        stm32f10x_tim.o
    0x08001e00   0x08001e00   0x00000012   Code   RO         2074    i.TIM_ICStructInit  stm32f10x_tim.o
    0x08001e12   0x08001e12   0x00000012   Code   RO         2075    i.TIM_ITConfig      stm32f10x_tim.o
    0x08001e24   0x08001e24   0x00000098   Code   RO         2079    i.TIM_OC1Init       stm32f10x_tim.o
    0x08001ebc   0x08001ebc   0x00000012   Code   RO         2082    i.TIM_OC1PreloadConfig  stm32f10x_tim.o
    0x08001ece   0x08001ece   0x00000002   PAD
    0x08001ed0   0x08001ed0   0x000000a4   Code   RO         2084    i.TIM_OC2Init       stm32f10x_tim.o
    0x08001f74   0x08001f74   0x0000001a   Code   RO         2087    i.TIM_OC2PreloadConfig  stm32f10x_tim.o
    0x08001f8e   0x08001f8e   0x00000002   PAD
    0x08001f90   0x08001f90   0x000000a0   Code   RO         2089    i.TIM_OC3Init       stm32f10x_tim.o
    0x08002030   0x08002030   0x00000012   Code   RO         2092    i.TIM_OC3PreloadConfig  stm32f10x_tim.o
    0x08002042   0x08002042   0x00000012   Code   RO         2116    i.TIM_SetIC1Prescaler  stm32f10x_tim.o
    0x08002054   0x08002054   0x0000001a   Code   RO         2117    i.TIM_SetIC2Prescaler  stm32f10x_tim.o
    0x0800206e   0x0800206e   0x00000012   Code   RO         2118    i.TIM_SetIC3Prescaler  stm32f10x_tim.o
    0x08002080   0x08002080   0x0000001a   Code   RO         2119    i.TIM_SetIC4Prescaler  stm32f10x_tim.o
    0x0800209a   0x0800209a   0x00000002   PAD
    0x0800209c   0x0800209c   0x000000a4   Code   RO         2121    i.TIM_TimeBaseInit  stm32f10x_tim.o
    0x08002140   0x08002140   0x00000012   Code   RO         2122    i.TIM_TimeBaseStructInit  stm32f10x_tim.o
    0x08002152   0x08002152   0x00000018   Code   RO         2586    i.USART_Cmd         stm32f10x_usart.o
    0x0800216a   0x0800216a   0x00000012   Code   RO         2587    i.USART_DMACmd      stm32f10x_usart.o
    0x0800217c   0x0800217c   0x0000004a   Code   RO         2592    i.USART_ITConfig    stm32f10x_usart.o
    0x080021c6   0x080021c6   0x00000002   PAD
    0x080021c8   0x080021c8   0x000000d8   Code   RO         2593    i.USART_Init        stm32f10x_usart.o
    0x080022a0   0x080022a0   0x00000004   Code   RO          163    i.UsageFault_Handler  stm32f10x_it.o
    0x080022a4   0x080022a4   0x00000028   Code   RO         2894    i.__ARM_fpclassify  m_ws.l(fpclassify.o)
    0x080022cc   0x080022cc   0x000000aa   Code   RO         2896    i.__kernel_poly     m_ws.l(poly.o)
    0x08002376   0x08002376   0x00000006   Code   RO         2881    i.__mathlib_dbl_infnan  m_ws.l(dunder.o)
    0x0800237c   0x0800237c   0x00000004   Code   RO         2882    i.__mathlib_dbl_infnan2  m_ws.l(dunder.o)
    0x08002380   0x08002380   0x0000000c   Code   RO         2883    i.__mathlib_dbl_invalid  m_ws.l(dunder.o)
    0x0800238c   0x0800238c   0x00000010   Code   RO         2886    i.__mathlib_dbl_underflow  m_ws.l(dunder.o)
    0x0800239c   0x0800239c   0x00000060   Code   RO          901    i._controller_output  controller.o
    0x080023fc   0x080023fc   0x00000010   Code   RO          902    i._controller_perform  controller.o
    0x0800240c   0x0800240c   0x0000005c   Code   RO          546    i.acc_iir_lpf       mpu6050.o
    0x08002468   0x08002468   0x00000024   Code   RO          733    i.all_pid_init      pid.o
    0x0800248c   0x0800248c   0x00000024   Code   RO          903    i.angle_controller  controller.o
    0x080024b0   0x080024b0   0x00000270   Code   RO         2827    i.asin              m_ws.l(asin.o)
    0x08002720   0x08002720   0x00000220   Code   RO         2871    i.atan              m_ws.l(atan.o)
    0x08002940   0x08002940   0x00000180   Code   RO         2837    i.atan2             m_ws.l(atan2.o)
    0x08002ac0   0x08002ac0   0x00000074   Code   RO          667    i.butterworth_lpf   filter.o
    0x08002b34   0x08002b34   0x00000006   Code   RO          734    i.clear_integral    pid.o
    0x08002b3a   0x08002b3a   0x00000002   PAD
    0x08002b3c   0x08002b3c   0x00000044   Code   RO          248    i.delay_ms          systick.o
    0x08002b80   0x08002b80   0x00000070   Code   RO          470    i.dma_tx_config     usart.o
    0x08002bf0   0x08002bf0   0x0000002c   Code   RO          855    i.encoder_manage    pwm.o
    0x08002c1c   0x08002c1c   0x00000018   Code   RO          680    i.f_abs             imath.o
    0x08002c34   0x08002c34   0x0000002c   Code   RO          547    i.get_acc_g         mpu6050.o
    0x08002c60   0x08002c60   0x00000058   Code   RO          548    i.get_acc_raw       mpu6050.o
    0x08002cb8   0x08002cb8   0x00000024   Code   RO            1    i.get_chip_id       main.o
    0x08002cdc   0x08002cdc   0x00000020   Code   RO          549    i.get_data          mpu6050.o
    0x08002cfc   0x08002cfc   0x0000002c   Code   RO          550    i.get_deg_s         mpu6050.o
    0x08002d28   0x08002d28   0x000000d0   Code   RO          551    i.get_gyro_raw      mpu6050.o
    0x08002df8   0x08002df8   0x0000003c   Code   RO          552    i.get_iir_factor    mpu6050.o
    0x08002e34   0x08002e34   0x00000010   Code   RO          553    i.get_mpu_id        mpu6050.o
    0x08002e44   0x08002e44   0x0000002c   Code   RO          554    i.get_rad_s         mpu6050.o
    0x08002e70   0x08002e70   0x00000024   Code   RO          904    i.gyro_controller   controller.o
    0x08002e94   0x08002e94   0x0000004c   Code   RO          682    i.invSqrt           imath.o
    0x08002ee0   0x08002ee0   0x00000014   Code   RO          355    i.key_info          key.o
    0x08002ef4   0x08002ef4   0x0000002c   Code   RO          356    i.key_init          key.o
    0x08002f20   0x08002f20   0x00000054   Code   RO          357    i.key_scan          key.o
    0x08002f74   0x08002f74   0x00000060   Code   RO          306    i.led_blink         led.o
    0x08002fd4   0x08002fd4   0x0000005c   Code   RO          307    i.led_init          led.o
    0x08003030   0x08003030   0x00000020   Code   RO          308    i.led_off           led.o
    0x08003050   0x08003050   0x00000020   Code   RO          310    i.led_on            led.o
    0x08003070   0x08003070   0x00000010   Code   RO          311    i.led_on_all        led.o
    0x08003080   0x08003080   0x0000002c   Code   RO          312    i.led_toggle        led.o
    0x080030ac   0x080030ac   0x000004fc   Code   RO          627    i.mahony_update     imu.o
    0x080035a8   0x080035a8   0x00000078   Code   RO            2    i.main              main.o
    0x08003620   0x08003620   0x00000040   Code   RO          856    i.motor_pwm_out     pwm.o
    0x08003660   0x08003660   0x00000046   Code   RO          555    i.mpu6050_init      mpu6050.o
    0x080036a6   0x080036a6   0x0000001a   Code   RO          683    i.mymemcpy          imath.o
    0x080036c0   0x080036c0   0x000000a4   Code   RO          735    i.pid_controller    pid.o
    0x08003764   0x08003764   0x00000044   Code   RO          736    i.pid_init          pid.o
    0x080037a8   0x080037a8   0x000000c8   Code   RO          857    i.pwm_init          pwm.o
    0x08003870   0x08003870   0x00000034   Code   RO          858    i.read_encoder      pwm.o
    0x080038a4   0x080038a4   0x00000214   Code   RO          628    i.rotation_matrix   imu.o
    0x08003ab8   0x08003ab8   0x0000021c   Code   RO          629    i.rotation_matrix_T  imu.o
    0x08003cd4   0x08003cd4   0x00000020   Code   RO          905    i.shut_down         controller.o
    0x08003cf4   0x08003cf4   0x0000004c   Code   RO         2900    i.sqrt              m_ws.l(sqrt.o)
    0x08003d40   0x08003d40   0x00000030   Code   RO          250    i.systick_init      systick.o
    0x08003d70   0x08003d70   0x00000044   Code   RO         1026    i.time_check        timer.o
    0x08003db4   0x08003db4   0x0000004c   Code   RO         1027    i.timer_init        timer.o
    0x08003e00   0x08003e00   0x0000000e   Code   RO          685    i.to_limit          imath.o
    0x08003e0e   0x08003e0e   0x00000002   PAD
    0x08003e10   0x08003e10   0x000000b8   Code   RO          471    i.usart1_init       usart.o
    0x08003ec8   0x08003ec8   0x00000050   Code   RO          472    i.usart1_send       usart.o
    0x08003f18   0x08003f18   0x00000028   Code   RO          906    i.vel_controller    controller.o
    0x08003f40   0x08003f40   0x00000062   Code   RO         2788    x$fpl$d2f           fz_ws.l(d2f.o)
    0x08003fa2   0x08003fa2   0x00000002   PAD
    0x08003fa4   0x08003fa4   0x00000150   Code   RO         2847    x$fpl$dadd          fz_ws.l(daddsub_clz.o)
    0x080040f4   0x080040f4   0x00000010   Code   RO         2927    x$fpl$dcheck1       fz_ws.l(dcheck1.o)
    0x08004104   0x08004104   0x000002b0   Code   RO         2854    x$fpl$ddiv          fz_ws.l(ddiv.o)
    0x080043b4   0x080043b4   0x00000154   Code   RO         2790    x$fpl$dmul          fz_ws.l(dmul.o)
    0x08004508   0x08004508   0x0000009c   Code   RO         2857    x$fpl$dnaninf       fz_ws.l(dnaninf.o)
    0x080045a4   0x080045a4   0x0000000c   Code   RO         2859    x$fpl$dretinf       fz_ws.l(dretinf.o)
    0x080045b0   0x080045b0   0x00000016   Code   RO         2848    x$fpl$drsb          fz_ws.l(daddsub_clz.o)
    0x080045c6   0x080045c6   0x00000002   PAD
    0x080045c8   0x080045c8   0x000001cc   Code   RO         2931    x$fpl$dsqrt         fz_ws.l(dsqrt_noumaal.o)
    0x08004794   0x08004794   0x000001d4   Code   RO         2849    x$fpl$dsub          fz_ws.l(daddsub_clz.o)
    0x08004968   0x08004968   0x00000056   Code   RO         2792    x$fpl$f2d           fz_ws.l(f2d.o)
    0x080049be   0x080049be   0x00000002   PAD
    0x080049c0   0x080049c0   0x000000c4   Code   RO         2794    x$fpl$fadd          fz_ws.l(faddsub_clz.o)
    0x08004a84   0x08004a84   0x00000018   Code   RO         2861    x$fpl$fcmpinf       fz_ws.l(fcmpi.o)
    0x08004a9c   0x08004a9c   0x00000184   Code   RO         2801    x$fpl$fdiv          fz_ws.l(fdiv.o)
    0x08004c20   0x08004c20   0x00000068   Code   RO         2804    x$fpl$feqf          fz_ws.l(feqf.o)
    0x08004c88   0x08004c88   0x00000036   Code   RO         2806    x$fpl$ffix          fz_ws.l(ffix.o)
    0x08004cbe   0x08004cbe   0x00000002   PAD
    0x08004cc0   0x08004cc0   0x0000003e   Code   RO         2810    x$fpl$ffixu         fz_ws.l(ffixu.o)
    0x08004cfe   0x08004cfe   0x00000002   PAD
    0x08004d00   0x08004d00   0x00000030   Code   RO         2815    x$fpl$fflt          fz_ws.l(fflt_clz.o)
    0x08004d30   0x08004d30   0x00000026   Code   RO         2814    x$fpl$ffltu         fz_ws.l(fflt_clz.o)
    0x08004d56   0x08004d56   0x00000002   PAD
    0x08004d58   0x08004d58   0x00000068   Code   RO         2820    x$fpl$fleqf         fz_ws.l(fleqf.o)
    0x08004dc0   0x08004dc0   0x00000102   Code   RO         2822    x$fpl$fmul          fz_ws.l(fmul.o)
    0x08004ec2   0x08004ec2   0x0000008c   Code   RO         2863    x$fpl$fnaninf       fz_ws.l(fnaninf.o)
    0x08004f4e   0x08004f4e   0x0000000a   Code   RO         2865    x$fpl$fretinf       fz_ws.l(fretinf.o)
    0x08004f58   0x08004f58   0x00000062   Code   RO         2824    x$fpl$frleqf        fz_ws.l(frleqf.o)
    0x08004fba   0x08004fba   0x00000014   Code   RO         2795    x$fpl$frsb          fz_ws.l(faddsub_clz.o)
    0x08004fce   0x08004fce   0x00000002   PAD
    0x08004fd0   0x08004fd0   0x000000ea   Code   RO         2796    x$fpl$fsub          fz_ws.l(faddsub_clz.o)
    0x080050ba   0x080050ba   0x00000064   Code   RO         2948    x$fpl$retnan        fz_ws.l(retnan.o)
    0x0800511e   0x0800511e   0x0000005c   Code   RO         2867    x$fpl$scalbn        fz_ws.l(scalbn.o)
    0x0800517a   0x0800517a   0x00000030   Code   RO         2997    x$fpl$trapveneer    fz_ws.l(trapv.o)
    0x080051aa   0x080051aa   0x00000000   Code   RO         2869    x$fpl$usenofp       fz_ws.l(usenofp.o)
    0x080051aa   0x080051aa   0x00000002   PAD
    0x080051ac   0x080051ac   0x0000003c   Data   RO          738    .constdata          pid.o
    0x080051e8   0x080051e8   0x00000050   Data   RO         2828    .constdata          m_ws.l(asin.o)
    0x08005238   0x08005238   0x00000098   Data   RO         2872    .constdata          m_ws.l(atan.o)
    0x080052d0   0x080052d0   0x00000008   Data   RO         2898    .constdata          m_ws.l(qnan.o)
    0x080052d8   0x080052d8   0x00000020   Data   RO         3076    Region$$Table       anon$$obj.o


    Execution Region RW_IRAM1 (Exec base: 0x20000000, Load base: 0x080052f8, Size: 0x00001190, Max: 0x00005000, ABSOLUTE)

    Exec Addr    Load Addr    Size         Type   Attr      Idx    E Section Name        Object

    0x20000000   0x080052f8   0x00000014   Data   RW          217    .data               system_stm32f10x.o
    0x20000014   0x0800530c   0x00000004   Data   RW          251    .data               systick.o
    0x20000018   0x08005310   0x00000002   Data   RW          313    .data               led.o
    0x2000001a   0x08005312   0x00000002   PAD
    0x2000001c   0x08005314   0x00000009   Data   RW          358    .data               key.o
    0x20000025   0x0800531d   0x00000002   Data   RW          474    .data               usart.o
    0x20000027   0x0800531f   0x00000001   PAD
    0x20000028   0x08005320   0x0000003c   Data   RW          557    .data               mpu6050.o
    0x20000064   0x0800535c   0x0000001c   Data   RW          631    .data               imu.o
    0x20000080   0x08005378   0x00000008   Data   RW          859    .data               pwm.o
    0x20000088   0x08005380   0x00000008   Data   RW          907    .data               controller.o
    0x20000090   0x08005388   0x00000004   Data   RW         1029    .data               timer.o
    0x20000094   0x0800538c   0x00000014   Data   RW         1722    .data               stm32f10x_rcc.o
    0x200000a8        -       0x0000000c   Zero   RW            3    .bss                main.o
    0x200000b4        -       0x00000864   Zero   RW          473    .bss                usart.o
    0x20000918        -       0x000000f8   Zero   RW          556    .bss                mpu6050.o
    0x20000a10        -       0x0000007c   Zero   RW          630    .bss                imu.o
    0x20000a8c        -       0x00000084   Zero   RW          737    .bss                pid.o
    0x20000b10        -       0x00000020   Zero   RW         1028    .bss                timer.o
    0x20000b30        -       0x00000060   Zero   RW         2934    .bss                c_w.l(libspace.o)
    0x20000b90        -       0x00000200   Zero   RW         2774    HEAP                startup_stm32f10x_md.o
    0x20000d90        -       0x00000400   Zero   RW         2773    STACK               startup_stm32f10x_md.o


==============================================================================

Image component sizes


      Code (inc. data)   RO Data    RW Data    ZI Data      Debug   Object Name

       256         42          0          8          0       3517   controller.o
         0          0          0          0          0         32   core_cm3.o
       116          0          0          0          0        906   filter.o
       618         40          0          0          0       5422   iic.o
       140          4          0          0          0       2448   imath.o
      2360        124          0         28        124       3286   imu.o
       148         22          0          9          0       2059   key.o
       312         50          0          2          0       2712   led.o
       156         22          0          0         12      61120   main.o
       132         22          0          0          0       1399   misc.o
       698         48          0         60        248       7904   mpu6050.o
        42          0          0          0          0        466   nvic.o
       274         10         60          0        132      23455   pid.o
       532         28          0          8          0       3094   pwm.o
        64         26        236          0       1536        780   startup_stm32f10x_md.o
       510         26          0          0          0       5352   stm32f10x_dma.o
       460          6          0          0          0       4219   stm32f10x_gpio.o
        24          0          0          0          0       3112   stm32f10x_it.o
       372         50          0         20          0       5812   stm32f10x_rcc.o
      2200        254          0          0          0      14929   stm32f10x_tim.o
       332          6          0          0          0       4061   stm32f10x_usart.o
       328         28          0         20          0       1965   system_stm32f10x.o
       140         22          0          4          0     204805   systick.o
       348         58          0          4         32       2641   timer.o
      3184        138          0          2       2148       9189   usart.o

    ----------------------------------------------------------------------
     13772       1026        328        168       4232     374685   Object Totals
         0          0         32          0          0          0   (incl. Generated)
        26          0          0          3          0          0   (incl. Padding)

    ----------------------------------------------------------------------

      Code (inc. data)   RO Data    RW Data    ZI Data      Debug   Library Member Name

         8          0          0          0          0         68   __main.o
         0          0          0          0          0          0   __rtentry.o
        12          0          0          0          0          0   __rtentry2.o
         6          0          0          0          0          0   __rtentry4.o
        52          8          0          0          0          0   __scatter.o
        26          0          0          0          0          0   __scatter_copy.o
        28          0          0          0          0          0   __scatter_zi.o
        22          0          0          0          0        100   _rserrno.o
        18          0          0          0          0         80   exit.o
         6          0          0          0          0        152   heapauxi.o
         0          0          0          0          0          0   indicate_semi.o
         2          0          0          0          0          0   libinit.o
         2          0          0          0          0          0   libinit2.o
         2          0          0          0          0          0   libshutdown.o
         2          0          0          0          0          0   libshutdown2.o
         8          4          0          0         96         68   libspace.o
         8          4          0          0          0         68   rt_errno_addr_intlibspace.o
         2          0          0          0          0          0   rtexit.o
        10          0          0          0          0          0   rtexit2.o
        12          4          0          0          0         68   sys_exit.o
        74          0          0          0          0         80   sys_stackheap_outer.o
         2          0          0          0          0         68   use_no_semi.o
        98          4          0          0          0         92   d2f.o
       826         16          0          0          0        348   daddsub_clz.o
        16          4          0          0          0         68   dcheck1.o
       688        140          0          0          0        208   ddiv.o
       340         12          0          0          0        104   dmul.o
       156          4          0          0          0         92   dnaninf.o
        12          0          0          0          0         68   dretinf.o
       460         56          0          0          0        120   dsqrt_noumaal.o
        86          4          0          0          0         84   f2d.o
       450          8          0          0          0        236   faddsub_clz.o
        24          0          0          0          0         68   fcmpi.o
       388         76          0          0          0         96   fdiv.o
       104          4          0          0          0         84   feqf.o
        54          4          0          0          0         84   ffix.o
        62          4          0          0          0         84   ffixu.o
        86          0          0          0          0        136   fflt_clz.o
       104          4          0          0          0         84   fleqf.o
       258          4          0          0          0         84   fmul.o
       140          4          0          0          0         84   fnaninf.o
        10          0          0          0          0         68   fretinf.o
        98          0          0          0          0         68   frleqf.o
       100          0          0          0          0         68   retnan.o
        92          0          0          0          0         68   scalbn.o
        48          0          0          0          0         68   trapv.o
         0          0          0          0          0          0   usenofp.o
       624         52         80          0          0        168   asin.o
       544         70        152          0          0        124   atan.o
       384         38          0          0          0        144   atan2.o
        38          6          0          0          0        272   dunder.o
        40          0          0          0          0         68   fpclassify.o
       170          0          0          0          0         96   poly.o
         0          0          8          0          0          0   qnan.o
        76          0          0          0          0         84   sqrt.o

    ----------------------------------------------------------------------
      6900        534        240          0         96       4272   Library Totals
        22          0          0          0          0          0   (incl. Padding)

    ----------------------------------------------------------------------

      Code (inc. data)   RO Data    RW Data    ZI Data      Debug   Library Name

       302         20          0          0         96        752   c_w.l
      4700        348          0          0          0       2564   fz_ws.l
      1876        166        240          0          0        956   m_ws.l

    ----------------------------------------------------------------------
      6900        534        240          0         96       4272   Library Totals

    ----------------------------------------------------------------------

==============================================================================


      Code (inc. data)   RO Data    RW Data    ZI Data      Debug   

     20672       1560        568        168       4328     369957   Grand Totals
     20672       1560        568        168       4328     369957   ELF Image Totals
     20672       1560        568        168          0          0   ROM Totals

==============================================================================

    Total RO  Size (Code + RO Data)                21240 (  20.74kB)
    Total RW  Size (RW Data + ZI Data)              4496 (   4.39kB)
    Total ROM Size (Code + RO Data + RW Data)      21408 (  20.91kB)

==============================================================================

