Component: ARM Compiler 5.06 update 6 (build 750) Tool: armlink [4d35ed]

==============================================================================

Section Cross References

    main.o(i.main) refers to system_stm32f10x.o(i.SystemInit) for SystemInit
    main.o(i.main) refers to systick.o(i.systick_init) for systick_init
    main.o(i.main) refers to led.o(i.led_init) for led_init
    main.o(i.main) refers to fc_status.o(i.get_chip_id) for get_chip_id
    main.o(i.main) refers to usart2.o(i.usart2_init) for usart2_init
    main.o(i.main) refers to usart3.o(i.usart3_init) for usart3_init
    main.o(i.main) refers to pwm.o(i.pwm_init) for pwm_init
    main.o(i.main) refers to systick.o(i.delay_ms) for delay_ms
    main.o(i.main) refers to led.o(i.led_off_all) for led_off_all
    main.o(i.main) refers to timer.o(i.timer_init) for timer_init
    main.o(i.main) refers to nvic.o(i.NVIC_config) for NVIC_config
    system_stm32f10x.o(i.SetSysClock) refers to system_stm32f10x.o(i.SetSysClockTo72) for SetSysClockTo72
    system_stm32f10x.o(i.SystemCoreClockUpdate) refers to system_stm32f10x.o(.data) for SystemCoreClock
    system_stm32f10x.o(i.SystemInit) refers to system_stm32f10x.o(i.SetSysClock) for SetSysClock
    systick.o(i.SysTick_Handler) refers to systick.o(.data) for tick_count
    systick.o(i.delay_ms) refers to systick.o(.data) for tick_count
    systick.o(i.delay_us) refers to systick.o(.data) for tick_count
    systick.o(i.systick_init) refers to system_stm32f10x.o(.data) for SystemCoreClock
    led.o(i.blink) refers to led.o(i.led_toggle) for led_toggle
    led.o(i.blink) refers to led.o(.data) for blink_speed_cnt
    led.o(i.blink_polling) refers to led.o(i.blink) for blink
    led.o(i.blink_polling) refers to led.o(i.led_off_all) for led_off_all
    led.o(i.blink_polling) refers to fc_status.o(.data) for fc
    led.o(i.blink_polling) refers to acc_cal.o(.bss) for cal_acc
    led.o(i.blink_polling) refers to gyro_cal.o(.bss) for cal_gyro
    led.o(i.blink_polling) refers to parse_packet.o(.bss) for rc
    led.o(i.blink_polling) refers to led.o(.data) for exchange_cnt
    led.o(i.blink_polling) refers to adc.o(.bss) for bat
    led.o(i.led_init) refers to stm32f10x_rcc.o(i.RCC_APB2PeriphClockCmd) for RCC_APB2PeriphClockCmd
    led.o(i.led_init) refers to stm32f10x_gpio.o(i.GPIO_Init) for GPIO_Init
    led.o(i.led_init) refers to led.o(i.led_on_all) for led_on_all
    led.o(i.led_off_all) refers to led.o(i.led_off) for led_off
    led.o(i.led_on_all) refers to led.o(i.led_on) for led_on
    timer.o(i.TIM3_IRQHandler) refers to timer.o(i.time_check) for time_check
    timer.o(i.TIM3_IRQHandler) refers to parse_packet.o(i.nrf_parse_packet) for nrf_parse_packet
    timer.o(i.TIM3_IRQHandler) refers to mpu6050.o(i.get_gyro_raw) for get_gyro_raw
    timer.o(i.TIM3_IRQHandler) refers to mpu6050.o(i.get_deg_s) for get_deg_s
    timer.o(i.TIM3_IRQHandler) refers to mpu6050.o(i.get_rad_s) for get_rad_s
    timer.o(i.TIM3_IRQHandler) refers to mpu6050.o(i.get_acc_raw) for get_acc_raw
    timer.o(i.TIM3_IRQHandler) refers to mpu6050.o(i.acc_iir_lpf) for acc_iir_lpf
    timer.o(i.TIM3_IRQHandler) refers to mpu6050.o(i.get_acc_g) for get_acc_g
    timer.o(i.TIM3_IRQHandler) refers to spl06.o(i.get_spl_status) for get_spl_status
    timer.o(i.TIM3_IRQHandler) refers to imu.o(i.mahony_update) for mahony_update
    timer.o(i.TIM3_IRQHandler) refers to imu.o(i.Matrix_ready) for Matrix_ready
    timer.o(i.TIM3_IRQHandler) refers to flow.o(i.flow_handle) for flow_handle
    timer.o(i.TIM3_IRQHandler) refers to controller.o(i._controller_detect) for _controller_detect
    timer.o(i.TIM3_IRQHandler) refers to controller.o(i._controller_perform) for _controller_perform
    timer.o(i.TIM3_IRQHandler) refers to controller.o(i._controller_output) for _controller_output
    timer.o(i.TIM3_IRQHandler) refers to gyro_cal.o(i.gyro_cal_polling) for gyro_cal_polling
    timer.o(i.TIM3_IRQHandler) refers to acc_cal.o(i.acc_cal_polling) for acc_cal_polling
    timer.o(i.TIM3_IRQHandler) refers to fc_status.o(i.FC_status_polling) for FC_status_polling
    timer.o(i.TIM3_IRQHandler) refers to led.o(i.blink_polling) for blink_polling
    timer.o(i.TIM3_IRQHandler) refers to usart2.o(i.ANO_DMA_SEND_DATA) for ANO_DMA_SEND_DATA
    timer.o(i.TIM3_IRQHandler) refers to timer.o(.data) for running_tim_cnt
    timer.o(i.TIM3_IRQHandler) refers to timer.o(.bss) for run_start
    timer.o(i.TIM3_IRQHandler) refers to mpu6050.o(.bss) for Mpu
    timer.o(i.time_check) refers to ffltui.o(.text) for __aeabi_ui2f
    timer.o(i.time_check) refers to fadd.o(.text) for __aeabi_fsub
    timer.o(i.time_check) refers to fmul.o(.text) for __aeabi_fmul
    timer.o(i.time_check) refers to timer.o(.data) for running_tim_cnt
    timer.o(i.timer_init) refers to stm32f10x_rcc.o(i.RCC_APB1PeriphClockCmd) for RCC_APB1PeriphClockCmd
[...]
    .text                                    0x080006b4   Section        0  fscalb.o(.text)
    .text                                    0x080006cc   Section        0  depilogue.o(.text)
    .text                                    0x08000786   Section        0  ddiv.o(.text)
    .text                                    0x08000864   Section        0  dscalb.o(.text)
    .text                                    0x08000892   Section        0  dsqrt.o(.text)
    .text                                    0x08000934   Section        0  ffixir.o(.text)
    .text                                    0x08000980   Section        0  fpstat.o(.text)
    .text                                    0x08000984   Section       36  init.o(.text)
    .text                                    0x080009a8   Section        0  llushr.o(.text)
    .text                                    0x080009c8   Section        0  dfltui.o(.text)
    .text                                    0x080009e2   Section        0  dfixi.o(.text)
    i.ANO_DMA_SEND_DATA                      0x08000a20   Section        0  usart2.o(i.ANO_DMA_SEND_DATA)
    i.ANO_DT_Send_Power                      0x08000ba8   Section        0  usart2.o(i.ANO_DT_Send_Power)
    i.ANO_DT_Send_RCData                     0x08000c60   Section        0  usart2.o(i.ANO_DT_Send_RCData)
    i.ANO_DT_Send_Senser                     0x08000dc8   Section        0  usart2.o(i.ANO_DT_Send_Senser)
    i.ANO_DT_Send_Status                     0x08000f48   Section        0  usart2.o(i.ANO_DT_Send_Status)
    i.ANO_DT_Send_User                       0x080010a8   Section        0  usart2.o(i.ANO_DT_Send_User)
    i.BusFault_Handler                       0x08001400   Section        0  stm32f10x_it.o(i.BusFault_Handler)
    i.DMA_Cmd                                0x08001404   Section        0  stm32f10x_dma.o(i.DMA_Cmd)
    i.DMA_DeInit                             0x0800141c   Section        0  stm32f10x_dma.o(i.DMA_DeInit)
    i.DMA_Init                               0x08001568   Section        0  stm32f10x_dma.o(i.DMA_Init)
    i.DebugMon_Handler                       0x080015a4   Section        0  stm32f10x_it.o(i.DebugMon_Handler)
    i.FC_status_polling                      0x080015a8   Section        0  fc_status.o(i.FC_status_polling)
    i.GPIO_Init                              0x080016d0   Section        0  stm32f10x_gpio.o(i.GPIO_Init)
    i.GPIO_ResetBits                         0x080017e6   Section        0  stm32f10x_gpio.o(i.GPIO_ResetBits)
    i.GPIO_SetBits                           0x080017ea   Section        0  stm32f10x_gpio.o(i.GPIO_SetBits)
    i.HardFault_Handler                      0x080017ee   Section        0  stm32f10x_it.o(i.HardFault_Handler)
    i.IIC_Read_Byte                          0x080017f4   Section        0  iic.o(i.IIC_Read_Byte)
    i.IIC_Read_One_Byte                      0x0800183c   Section        0  iic.o(i.IIC_Read_One_Byte)
    i.IIC_Send_Byte                          0x08001870   Section        0  iic.o(i.IIC_Send_Byte)
    i.IIC_Slave_Ack                          0x080018dc   Section        0  iic.o(i.IIC_Slave_Ack)
    i.IIC_Start                              0x0800193c   Section        0  iic.o(i.IIC_Start)
    i.IIC_Stop                               0x08001968   Section        0  iic.o(i.IIC_Stop)
    i.IIC_delay                              0x080019a8   Section        0  iic.o(i.IIC_delay)
    IIC_delay                                0x080019a9   Thumb Code     2  iic.o(i.IIC_delay)
    i.Matrix_ready                           0x080019ac   Section        0  imu.o(i.Matrix_ready)
    i.MemManage_Handler                      0x08001aac   Section        0  stm32f10x_it.o(i.MemManage_Handler)
    i.NMI_Handler                            0x08001ab0   Section        0  stm32f10x_it.o(i.NMI_Handler)
    i.NRF24L01_RxPacket                      0x08001ab2   Section        0  nrf24l01.o(i.NRF24L01_RxPacket)
    i.NVIC_Init                              0x08001ae8   Section        0  misc.o(i.NVIC_Init)
    i.NVIC_PriorityGroupConfig               0x08001b58   Section        0  misc.o(i.NVIC_PriorityGroupConfig)
    i.NVIC_config                            0x08001b6c   Section        0  nvic.o(i.NVIC_config)
    i.PendSV_Handler                         0x08001bb2   Section        0  stm32f10x_it.o(i.PendSV_Handler)
    i.RCC_AHBPeriphClockCmd                  0x08001bb4   Section        0  stm32f10x_rcc.o(i.RCC_AHBPeriphClockCmd)
    i.RCC_APB1PeriphClockCmd                 0x08001bd4   Section        0  stm32f10x_rcc.o(i.RCC_APB1PeriphClockCmd)
    i.RCC_APB2PeriphClockCmd                 0x08001bf4   Section        0  stm32f10x_rcc.o(i.RCC_APB2PeriphClockCmd)
    i.RCC_GetClocksFreq                      0x08001c14   Section        0  stm32f10x_rcc.o(i.RCC_GetClocksFreq)
    i.SDA_IN                                 0x08001ce8   Section        0  iic.o(i.SDA_IN)
    i.SDA_OUT                                0x08001d08   Section        0  iic.o(i.SDA_OUT)
    i.SPI_I2S_GetFlagStatus                  0x08001d2c   Section        0  stm32f10x_spi.o(i.SPI_I2S_GetFlagStatus)
    i.SPI_I2S_ReceiveData                    0x08001d3e   Section        0  stm32f10x_spi.o(i.SPI_I2S_ReceiveData)
    i.SPI_I2S_SendData                       0x08001d44   Section        0  stm32f10x_spi.o(i.SPI_I2S_SendData)
    i.SPI_Read_Buf                           0x08001d48   Section        0  nrf24l01.o(i.SPI_Read_Buf)
    i.SPI_Read_Reg                           0x08001d88   Section        0  nrf24l01.o(i.SPI_Read_Reg)
    i.SPI_Write_Reg                          0x08001db4   Section        0  nrf24l01.o(i.SPI_Write_Reg)
    i.SVC_Handler                            0x08001de0   Section        0  stm32f10x_it.o(i.SVC_Handler)
    i.SetSysClock                            0x08001de2   Section        0  system_stm32f10x.o(i.SetSysClock)
    SetSysClock                              0x08001de3   Thumb Code     8  system_stm32f10x.o(i.SetSysClock)
    i.SetSysClockTo72                        0x08001dec   Section        0  system_stm32f10x.o(i.SetSysClockTo72)
    SetSysClockTo72                          0x08001ded   Thumb Code   214  system_stm32f10x.o(i.SetSysClockTo72)
    i.Spi_RW_Byte                            0x08001ecc   Section        0  spi.o(i.Spi_RW_Byte)
    i.SysTick_Handler                        0x08001f04   Section        0  systick.o(i.SysTick_Handler)
    i.SystemInit                             0x08001f1c   Section        0  system_stm32f10x.o(i.SystemInit)
    i.TIM3_IRQHandler                        0x08001f7c   Section        0  timer.o(i.TIM3_IRQHandler)
    i.TIM_ARRPreloadConfig                   0x08002058   Section        0  stm32f10x_tim.o(i.TIM_ARRPreloadConfig)
    i.TIM_ClearFlag                          0x08002070   Section        0  stm32f10x_tim.o(i.TIM_ClearFlag)
    i.TIM_Cmd                                0x08002076   Section        0  stm32f10x_tim.o(i.TIM_Cmd)
    i.TIM_CtrlPWMOutputs                     0x0800208e   Section        0  stm32f10x_tim.o(i.TIM_CtrlPWMOutputs)
    i.TIM_ITConfig                           0x080020ac   Section        0  stm32f10x_tim.o(i.TIM_ITConfig)
    i.TIM_OC1Init                            0x080020c0   Section        0  stm32f10x_tim.o(i.TIM_OC1Init)
    i.TIM_OC1PreloadConfig                   0x08002158   Section        0  stm32f10x_tim.o(i.TIM_OC1PreloadConfig)
    i.TIM_OC2Init                            0x0800216c   Section        0  stm32f10x_tim.o(i.TIM_OC2Init)
    i.TIM_OC2PreloadConfig                   0x08002210   Section        0  stm32f10x_tim.o(i.TIM_OC2PreloadConfig)
    i.TIM_OC3Init                            0x0800222c   Section        0  stm32f10x_tim.o(i.TIM_OC3Init)
    i.TIM_OC3PreloadConfig                   0x080022cc   Section        0  stm32f10x_tim.o(i.TIM_OC3PreloadConfig)
    i.TIM_OC4Init                            0x080022e0   Section        0  stm32f10x_tim.o(i.TIM_OC4Init)
    i.TIM_OC4PreloadConfig                   0x0800235c   Section        0  stm32f10x_tim.o(i.TIM_OC4PreloadConfig)
    i.TIM_TimeBaseInit                       0x08002378   Section        0  stm32f10x_tim.o(i.TIM_TimeBaseInit)
    i.USART2_DMA_Config                      0x0800241c   Section        0  usart2.o(i.USART2_DMA_Config)
    i.USART2_DMA_SEND_DATA                   0x08002468   Section        0  usart2.o(i.USART2_DMA_SEND_DATA)
    i.USART3_IRQHandler                      0x08002498   Section        0  flow.o(i.USART3_IRQHandler)
    i.USART_ClearITPendingBit                0x080024cc   Section        0  stm32f10x_usart.o(i.USART_ClearITPendingBit)
    i.USART_Cmd                              0x080024ea   Section        0  stm32f10x_usart.o(i.USART_Cmd)
    i.USART_DMACmd                           0x08002502   Section        0  stm32f10x_usart.o(i.USART_DMACmd)
    i.USART_GetITStatus                      0x08002514   Section        0  stm32f10x_usart.o(i.USART_GetITStatus)
    i.USART_ITConfig                         0x08002568   Section        0  stm32f10x_usart.o(i.USART_ITConfig)
    i.USART_Init                             0x080025b4   Section        0  stm32f10x_usart.o(i.USART_Init)
    i.USART_ReceiveData                      0x0800268c   Section        0  stm32f10x_usart.o(i.USART_ReceiveData)
    i.UsageFault_Handler                     0x08002696   Section        0  stm32f10x_it.o(i.UsageFault_Handler)
    i.__ARM_fpclassify                       0x0800269a   Section        0  fpclassify.o(i.__ARM_fpclassify)
    i.__ARM_fpclassifyf                      0x080026c2   Section        0  fpclassifyf.o(i.__ARM_fpclassifyf)
    i.__ieee754_rem_pio2                     0x080026e8   Section        0  rred.o(i.__ieee754_rem_pio2)
    i.__kernel_cos                           0x08002a70   Section        0  cos_i.o(i.__kernel_cos)
    i.__kernel_poly                          0x08002b6c   Section        0  poly.o(i.__kernel_poly)
    i.__kernel_sin                           0x08002c18   Section        0  sin_i.o(i.__kernel_sin)
    i.__kernel_tan                           0x08002d04   Section        0  tan_i.o(i.__kernel_tan)
    i.__mathlib_dbl_infnan                   0x08002f80   Section        0  dunder.o(i.__mathlib_dbl_infnan)
    i.__mathlib_dbl_infnan2                  0x08002f86   Section        0  dunder.o(i.__mathlib_dbl_infnan2)
    i.__mathlib_dbl_invalid                  0x08002f8a   Section        0  dunder.o(i.__mathlib_dbl_invalid)
    i.__mathlib_dbl_underflow                0x08002f98   Section        0  dunder.o(i.__mathlib_dbl_underflow)
    i.__mathlib_flt_divzero                  0x08002fa8   Section        0  funder.o(i.__mathlib_flt_divzero)
    i.__mathlib_flt_infnan2                  0x08002fb2   Section        0  funder.o(i.__mathlib_flt_infnan2)
    i.__mathlib_flt_invalid                  0x08002fb6   Section        0  funder.o(i.__mathlib_flt_invalid)
    i.__mathlib_flt_overflow                 0x08002fbe   Section        0  funder.o(i.__mathlib_flt_overflow)
    i.__mathlib_flt_underflow                0x08002fc8   Section        0  funder.o(i.__mathlib_flt_underflow)
    i.__scatterload_copy                     0x08002fd2   Section       14  handlers.o(i.__scatterload_copy)
    i.__scatterload_null                     0x08002fe0   Section        2  handlers.o(i.__scatterload_null)
    i.__scatterload_zeroinit                 0x08002fe2   Section       14  handlers.o(i.__scatterload_zeroinit)
    i.__set_errno                            0x08002ff0   Section        0  errno.o(i.__set_errno)
    i._controller_detect                     0x08002ffc   Section        0  controller.o(i._controller_detect)
    i._controller_output                     0x080030f0   Section        0  controller.o(i._controller_output)
    i._controller_perform                    0x080032c8   Section        0  controller.o(i._controller_perform)
    i.acc_cal_polling                        0x08003314   Section        0  acc_cal.o(i.acc_cal_polling)
    i.acc_iir_lpf                            0x080034c4   Section        0  mpu6050.o(i.acc_iir_lpf)
    i.angle_controller                       0x08003520   Section        0  controller.o(i.angle_controller)
    i.asin                                   0x080035b8   Section        0  asin.o(i.asin)
    i.atan                                   0x08003828   Section        0  atan.o(i.atan)
    i.atan2                                  0x08003a48   Section        0  atan2.o(i.atan2)
    i.blink                                  0x08003bc8   Section        0  led.o(i.blink)
    i.blink_polling                          0x08003c38   Section        0  led.o(i.blink_polling)
    i.butterworth_lpf                        0x08003ed0   Section        0  filter.o(i.butterworth_lpf)
    i.clear_integral                         0x08003f44   Section        0  pid.o(i.clear_integral)
    i.cos                                    0x08003f4c   Section        0  cos.o(i.cos)
    i.delay_ms                               0x08003fe8   Section        0  systick.o(i.delay_ms)
    i.direction_to_zero                      0x0800402c   Section        0  imath.o(i.direction_to_zero)
    i.drop_alt                               0x08004050   Section        0  controller.o(i.drop_alt)
    i.fix_controller                         0x08004084   Section        0  controller.o(i.fix_controller)
    i.flow_handle                            0x080041e0   Section        0  flow.o(i.flow_handle)
    i.flow_iir_lpf                           0x080042f8   Section        0  flow.o(i.flow_iir_lpf)
    i.flow_parse                             0x0800433c   Section        0  flow.o(i.flow_parse)
    i.get_acc_g                              0x08004418   Section        0  mpu6050.o(i.get_acc_g)
    i.get_acc_raw                            0x08004444   Section        0  mpu6050.o(i.get_acc_raw)
    i.get_chip_id                            0x08004530   Section        0  fc_status.o(i.get_chip_id)
    i.get_data                               0x08004554   Section        0  mpu6050.o(i.get_data)
    get_data                                 0x08004555   Thumb Code    32  mpu6050.o(i.get_data)
    i.get_deg_s                              0x08004574   Section        0  mpu6050.o(i.get_deg_s)
    i.get_gyro_raw                           0x080045a0   Section        0  mpu6050.o(i.get_gyro_raw)
    i.get_nav_acc                            0x08004670   Section        0  nav.o(i.get_nav_acc)
    i.get_rad_s                              0x080047d0   Section        0  mpu6050.o(i.get_rad_s)
    i.get_spl_data                           0x080047fc   Section        0  spl06.o(i.get_spl_data)
    i.get_spl_high                           0x08004844   Section        0  spl06.o(i.get_spl_high)
    i.get_spl_status                         0x08004890   Section        0  spl06.o(i.get_spl_status)
    i.gyro_cal_polling                       0x080048ec   Section        0  gyro_cal.o(i.gyro_cal_polling)
    i.gyro_controller                        0x08004968   Section        0  controller.o(i.gyro_controller)
    i.high_controller                        0x080049b4   Section        0  controller.o(i.high_controller)
    i.invSqrt                                0x08004a84   Section        0  imath.o(i.invSqrt)
    i.keep_alt                               0x08004ad0   Section        0  controller.o(i.keep_alt)
    i.led_init                               0x08004b2c   Section        0  led.o(i.led_init)
    i.led_off                                0x08004b7c   Section        0  led.o(i.led_off)
    i.led_off_all                            0x08004b9c   Section        0  led.o(i.led_off_all)
    i.led_on                                 0x08004bac   Section        0  led.o(i.led_on)
    i.led_on_all                             0x08004bcc   Section        0  led.o(i.led_on_all)
    i.led_toggle                             0x08004bdc   Section        0  led.o(i.led_toggle)
    i.mahony_update                          0x08004c08   Section        0  imu.o(i.mahony_update)
    i.main                                   0x08005104   Section        0  main.o(i.main)
    i.nrf_parse_packet                       0x08005140   Section        0  parse_packet.o(i.nrf_parse_packet)
    i.pid_controller                         0x08005274   Section        0  pid.o(i.pid_controller)
    i.powf                                   0x08005318   Section        0  powf.o(i.powf)
    i.pwm_init                               0x08005938   Section        0  pwm.o(i.pwm_init)
    i.pwm_out                                0x08005a08   Section        0  pwm.o(i.pwm_out)
    i.rise_alt                               0x08005a64   Section        0  controller.o(i.rise_alt)
    i.rotation_matrix                        0x08005a98   Section        0  imu.o(i.rotation_matrix)
    i.rotation_matrix_T                      0x08005cac   Section        0  imu.o(i.rotation_matrix_T)
    i.set_value                              0x08005ec8   Section        0  imath.o(i.set_value)
    i.sin                                    0x08005ed0   Section        0  sin.o(i.sin)
    i.sins_high                              0x08005f70   Section        0  sins.o(i.sins_high)
    i.spl_get_pressure                       0x080061ac   Section        0  spl06.o(i.spl_get_pressure)
    i.spl_get_raw_pressure                   0x080062c4   Section        0  spl06.o(i.spl_get_raw_pressure)
    i.spl_get_raw_temp                       0x08006330   Section        0  spl06.o(i.spl_get_raw_temp)
    i.spl_get_temperature                    0x080063a0   Section        0  spl06.o(i.spl_get_temperature)
    i.spl_read                               0x08006418   Section        0  spl06.o(i.spl_read)
    i.sqrt                                   0x0800642c   Section        0  sqrt.o(i.sqrt)
    i.systick_init                           0x08006478   Section        0  systick.o(i.systick_init)
    i.tan                                    0x080064a8   Section        0  tan.o(i.tan)
    i.throttle_limit                         0x0800650c   Section        0  imath.o(i.throttle_limit)
    i.time_check                             0x0800651c   Section        0  timer.o(i.time_check)
    i.timer_init                             0x08006560   Section        0  timer.o(i.timer_init)
    i.usart2_init                            0x080065ac   Section        0  usart2.o(i.usart2_init)
    i.usart3_init                            0x08006638   Section        0  usart3.o(i.usart3_init)
    .constdata                               0x080066c8   Section       80  asin.o(.constdata)
    pS                                       0x080066c8   Data          48  asin.o(.constdata)
    qS                                       0x080066f8   Data          32  asin.o(.constdata)
    .constdata                               0x08006718   Section      320  powf.o(.constdata)
    table                                    0x08006718   Data         128  powf.o(.constdata)
    powersof2to1over16top                    0x08006798   Data          64  powf.o(.constdata)
    powersof2to1over16bot                    0x080067d8   Data          64  powf.o(.constdata)
    powersof2to1over16all                    0x08006818   Data          64  powf.o(.constdata)
    .constdata                               0x08006858   Section      152  atan.o(.constdata)
    atanhi                                   0x08006858   Data          32  atan.o(.constdata)
    atanlo                                   0x08006878   Data          32  atan.o(.constdata)
    aTodd                                    0x08006898   Data          40  atan.o(.constdata)
    aTeven                                   0x080068c0   Data          48  atan.o(.constdata)
    .constdata                               0x080068f0   Section       48  cos_i.o(.constdata)
    C                                        0x080068f0   Data          48  cos_i.o(.constdata)
    .constdata                               0x08006920   Section        8  qnan.o(.constdata)
    .constdata                               0x08006928   Section      200  rred.o(.constdata)
    pio2s                                    0x08006928   Data          48  rred.o(.constdata)
    twooverpi                                0x08006958   Data         152  rred.o(.constdata)
    .constdata                               0x080069f0   Section       40  sin_i.o(.constdata)
    S                                        0x080069f0   Data          40  sin_i.o(.constdata)
    .constdata                               0x08006a18   Section       96  tan_i.o(.constdata)
    Todd                                     0x08006a18   Data          48  tan_i.o(.constdata)
    Teven                                    0x08006a48   Data          48  tan_i.o(.constdata)
    .data                                    0x20000000   Section       20  system_stm32f10x.o(.data)
    .data                                    0x20000014   Section        4  systick.o(.data)
    .data                                    0x20000018   Section        5  led.o(.data)
    exchange_cnt                             0x2000001c   Data           1  led.o(.data)
    .data                                    0x20000020   Section        4  timer.o(.data)
    .data                                    0x20000024   Section       60  mpu6050.o(.data)
    .data                                    0x20000060   Section        6  fc_status.o(.data)
    .data                                    0x20000066   Section        1  usart2.o(.data)
    ANO_debug_cnt                            0x20000066   Data           1  usart2.o(.data)
    .data                                    0x20000068   Section       52  imu.o(.data)
    .data                                    0x2000009c   Section        8  spl06.o(.data)
    p_spl06                                  0x2000009c   Data           4  spl06.o(.data)
    .data                                    0x200000a4   Section       24  controller.o(.data)
    yaw_init_cnt                             0x200000ba   Data           2  controller.o(.data)
    .data                                    0x200000bc   Section        4  sins.o(.data)
    .data                                    0x200000c0   Section       20  stm32f10x_rcc.o(.data)
    APBAHBPrescTable                         0x200000c0   Data          16  stm32f10x_rcc.o(.data)
    ADCPrescTable                            0x200000d0   Data           4  stm32f10x_rcc.o(.data)
    .data                                    0x200000d4   Section        4  errno.o(.data)
    _errno                                   0x200000d4   Data           4  errno.o(.data)
    .bss                                     0x200000d8   Section       32  timer.o(.bss)
    .bss                                     0x200000f8   Section      284  mpu6050.o(.bss)
    .bss                                     0x20000214   Section       52  gyro_cal.o(.bss)
    .bss                                     0x20000248   Section      268  acc_cal.o(.bss)
    .bss                                     0x20000354   Section       12  fc_status.o(.bss)
    .bss                                     0x20000360   Section      100  usart2.o(.bss)
    .bss                                     0x200003c4   Section       52  parse_packet.o(.bss)
    .bss                                     0x200003f8   Section      136  imu.o(.bss)
    .bss                                     0x20000480   Section       60  spl06.o(.bss)
    spl06                                    0x20000480   Data          44  spl06.o(.bss)
    .bss                                     0x200004bc   Section      660  pid.o(.bss)
    .bss                                     0x20000750   Section       12  adc.o(.bss)
    .bss                                     0x2000075c   Section       28  nav.o(.bss)
    .bss                                     0x20000778   Section      756  sins.o(.bss)
    .bss                                     0x20000a6c   Section       96  flow.o(.bss)
    STACK                                    0x20000ad0   Section     1024  startup_stm32f10x_md.o(STACK)

    Global Symbols

    Symbol Name                              Value     Ov Type        Size  Object(Section)

    BuildAttributes$$THM_ISAv4$P$D$K$B$S$PE$A:L22UL41UL21$X:L11$S22US41US21$IEEE1$IW$USESV6$~STKCKD$USESV7$~SHL$OTIME$ROPI$IEEEX$EBA8$MICROLIB$REQ8$PRES8$EABIv2 0x00000000   Number         0  anon$$obj.o ABSOLUTE
    __ARM_use_no_argv                        0x00000000   Number         0  main.o ABSOLUTE
    __cpp_initialize__aeabi_                  - Undefined Weak Reference
    __cxa_finalize                            - Undefined Weak Reference
    __decompress                              - Undefined Weak Reference
    _clock_init                               - Undefined Weak Reference
    _microlib_exit                            - Undefined Weak Reference
    __Vectors_Size                           0x000000ec   Number         0  startup_stm32f10x_md.o ABSOLUTE
    __Vectors                                0x08000000   Data           4  startup_stm32f10x_md.o(RESET)
    __Vectors_End                            0x080000ec   Data           0  startup_stm32f10x_md.o(RESET)
    __main                                   0x080000ed   Thumb Code     0  entry.o(.ARM.Collect$$$$00000000)
    _main_stk                                0x080000ed   Thumb Code     0  entry2.o(.ARM.Collect$$$$00000001)
    _main_scatterload                        0x080000f1   Thumb Code     0  entry5.o(.ARM.Collect$$$$00000004)
    __main_after_scatterload                 0x080000f5   Thumb Code     0  entry5.o(.ARM.Collect$$$$00000004)
    _main_clock                              0x080000f5   Thumb Code     0  entry7b.o(.ARM.Collect$$$$00000008)
    _main_cpp_init                           0x080000f5   Thumb Code     0  entry8b.o(.ARM.Collect$$$$0000000A)
    _main_init                               0x080000f5   Thumb Code     0  entry9a.o(.ARM.Collect$$$$0000000B)
    __rt_final_cpp                           0x080000fd   Thumb Code     0  entry10a.o(.ARM.Collect$$$$0000000D)
    __rt_final_exit                          0x080000fd   Thumb Code     0  entry11a.o(.ARM.Collect$$$$0000000F)
    Reset_Handler                            0x08000101   Thumb Code     8  startup_stm32f10x_md.o(.text)
    ADC1_2_IRQHandler                        0x0800011b   Thumb Code     0  startup_stm32f10x_md.o(.text)
    CAN1_RX1_IRQHandler                      0x0800011b   Thumb Code     0  startup_stm32f10x_md.o(.text)
    CAN1_SCE_IRQHandler                      0x0800011b   Thumb Code     0  startup_stm32f10x_md.o(.text)
    DMA1_Channel1_IRQHandler                 0x0800011b   Thumb Code     0  startup_stm32f10x_md.o(.text)
    DMA1_Channel2_IRQHandler                 0x0800011b   Thumb Code     0  startup_stm32f10x_md.o(.text)
    DMA1_Channel3_IRQHandler                 0x0800011b   Thumb Code     0  startup_stm32f10x_md.o(.text)
    DMA1_Channel4_IRQHandler                 0x0800011b   Thumb Code     0  startup_stm32f10x_md.o(.text)
    DMA1_Channel5_IRQHandler                 0x0800011b   Thumb Code     0  startup_stm32f10x_md.o(.text)
    DMA1_Channel6_IRQHandler                 0x0800011b   Thumb Code     0  startup_stm32f10x_md.o(.text)
    DMA1_Channel7_IRQHandler                 0x0800011b   Thumb Code     0  startup_stm32f10x_md.o(.text)
    EXTI0_IRQHandler                         0x0800011b   Thumb Code     0  startup_stm32f10x_md.o(.text)
    EXTI15_10_IRQHandler                     0x0800011b   Thumb Code     0  startup_stm32f10x_md.o(.text)
    EXTI1_IRQHandler                         0x0800011b   Thumb Code     0  startup_stm32f10x_md.o(.text)
    EXTI2_IRQHandler                         0x0800011b   Thumb Code     0  startup_stm32f10x_md.o(.text)
    EXTI3_IRQHandler                         0x0800011b   Thumb Code     0  startup_stm32f10x_md.o(.text)
    EXTI4_IRQHandler                         0x0800011b   Thumb Code     0  startup_stm32f10x_md.o(.text)
    EXTI9_5_IRQHandler                       0x0800011b   Thumb Code     0  startup_stm32f10x_md.o(.text)
    FLASH_IRQHandler                         0x0800011b   Thumb Code     0  startup_stm32f10x_md.o(.text)
    I2C1_ER_IRQHandler                       0x0800011b   Thumb Code     0  startup_stm32f10x_md.o(.text)
    I2C1_EV_IRQHandler                       0x0800011b   Thumb Code     0  startup_stm32f10x_md.o(.text)
    I2C2_ER_IRQHandler                       0x0800011b   Thumb Code     0  startup_stm32f10x_md.o(.text)
    I2C2_EV_IRQHandler                       0x0800011b   Thumb Code     0  startup_stm32f10x_md.o(.text)
    PVD_IRQHandler                           0x0800011b   Thumb Code     0  startup_stm32f10x_md.o(.text)
    RCC_IRQHandler                           0x0800011b   Thumb Code     0  startup_stm32f10x_md.o(.text)
    RTCAlarm_IRQHandler                      0x0800011b   Thumb Code     0  startup_stm32f10x_md.o(.text)
    RTC_IRQHandler                           0x0800011b   Thumb Code     0  startup_stm32f10x_md.o(.text)
    SPI1_IRQHandler                          0x0800011b   Thumb Code     0  startup_stm32f10x_md.o(.text)
    SPI2_IRQHandler                          0x0800011b   Thumb Code     0  startup_stm32f10x_md.o(.text)
    TAMPER_IRQHandler                        0x0800011b   Thumb Code     0  startup_stm32f10x_md.o(.text)
    TIM1_BRK_IRQHandler                      0x0800011b   Thumb Code     0  startup_stm32f10x_md.o(.text)
    TIM1_CC_IRQHandler                       0x0800011b   Thumb Code     0  startup_stm32f10x_md.o(.text)
    TIM1_TRG_COM_IRQHandler                  0x0800011b   Thumb Code     0  startup_stm32f10x_md.o(.text)
    TIM1_UP_IRQHandler                       0x0800011b   Thumb Code     0  startup_stm32f10x_md.o(.text)
    TIM2_IRQHandler                          0x0800011b   Thumb Code     0  startup_stm32f10x_md.o(.text)
    TIM4_IRQHandler                          0x0800011b   Thumb Code     0  startup_stm32f10x_md.o(.text)
    USART1_IRQHandler                        0x0800011b   Thumb Code     0  startup_stm32f10x_md.o(.text)
    USART2_IRQHandler                        0x0800011b   Thumb Code     0  startup_stm32f10x_md.o(.text)
    USBWakeUp_IRQHandler                     0x0800011b   Thumb Code     0  startup_stm32f10x_md.o(.text)
    USB_HP_CAN1_TX_IRQHandler                0x0800011b   Thumb Code     0  startup_stm32f10x_md.o(.text)
    USB_LP_CAN1_RX0_IRQHandler               0x0800011b   Thumb Code     0  startup_stm32f10x_md.o(.text)
    WWDG_IRQHandler                          0x0800011b   Thumb Code     0  startup_stm32f10x_md.o(.text)
    __aeabi_fadd                             0x08000125   Thumb Code   164  fadd.o(.text)
    __aeabi_fsub                             0x080001c9   Thumb Code     6  fadd.o(.text)
    __aeabi_frsub                            0x080001cf   Thumb Code     6  fadd.o(.text)
    __aeabi_fmul                             0x080001d5   Thumb Code   100  fmul.o(.text)
    __aeabi_fdiv                             0x08000239   Thumb Code   124  fdiv.o(.text)
    __aeabi_dadd                             0x080002b5   Thumb Code   322  dadd.o(.text)
    __aeabi_dsub                             0x080003f7   Thumb Code     6  dadd.o(.text)
    __aeabi_drsub                            0x080003fd   Thumb Code     6  dadd.o(.text)
    __aeabi_dmul                             0x08000403   Thumb Code   228  dmul.o(.text)
    __aeabi_i2f                              0x080004e7   Thumb Code    18  fflti.o(.text)
    __aeabi_ui2f                             0x080004f9   Thumb Code    10  ffltui.o(.text)
    __aeabi_i2d                              0x08000503   Thumb Code    34  dflti.o(.text)
    __aeabi_f2iz                             0x08000525   Thumb Code    50  ffixi.o(.text)
    __aeabi_f2uiz                            0x08000557   Thumb Code    40  ffixui.o(.text)
    __aeabi_f2d                              0x0800057f   Thumb Code    38  f2d.o(.text)
    __aeabi_d2f                              0x080005a5   Thumb Code    56  d2f.o(.text)
    __aeabi_cfcmpeq                          0x080005dd   Thumb Code     0  cfcmple.o(.text)
    __aeabi_cfcmple                          0x080005dd   Thumb Code    20  cfcmple.o(.text)
    __aeabi_cfrcmple                         0x080005f1   Thumb Code    20  cfrcmple.o(.text)
    __aeabi_llsl                             0x08000605   Thumb Code    30  llshl.o(.text)
    _ll_shift_l                              0x08000605   Thumb Code     0  llshl.o(.text)
    __aeabi_lasr                             0x08000623   Thumb Code    36  llsshr.o(.text)
    _ll_sshift_r                             0x08000623   Thumb Code     0  llsshr.o(.text)
    __I$use$fp                               0x08000647   Thumb Code     0  iusefp.o(.text)
    _float_round                             0x08000647   Thumb Code    18  fepilogue.o(.text)
    _float_epilogue                          0x08000659   Thumb Code    92  fepilogue.o(.text)
    __ARM_scalbnf                            0x080006b5   Thumb Code    24  fscalb.o(.text)
    scalbnf                                  0x080006b5   Thumb Code     0  fscalb.o(.text)
    _double_round                            0x080006cd   Thumb Code    30  depilogue.o(.text)
    _double_epilogue                         0x080006eb   Thumb Code   156  depilogue.o(.text)
    __aeabi_ddiv                             0x08000787   Thumb Code   222  ddiv.o(.text)
    __ARM_scalbn                             0x08000865   Thumb Code    46  dscalb.o(.text)
    scalbn                                   0x08000865   Thumb Code     0  dscalb.o(.text)
    _dsqrt                                   0x08000893   Thumb Code   162  dsqrt.o(.text)
    _ffix_r                                  0x08000935   Thumb Code    76  ffixir.o(.text)
    __fp_status                              0x08000981   Thumb Code     4  fpstat.o(.text)
    __ieee_status                            0x08000981   Thumb Code     0  fpstat.o(.text)
    __scatterload                            0x08000985   Thumb Code    28  init.o(.text)
    __scatterload_rt2                        0x08000985   Thumb Code     0  init.o(.text)
    __aeabi_llsr                             0x080009a9   Thumb Code    32  llushr.o(.text)
    _ll_ushift_r                             0x080009a9   Thumb Code     0  llushr.o(.text)
    __aeabi_ui2d                             0x080009c9   Thumb Code    26  dfltui.o(.text)
    __aeabi_d2iz                             0x080009e3   Thumb Code    62  dfixi.o(.text)
    ANO_DMA_SEND_DATA                        0x08000a21   Thumb Code   352  usart2.o(i.ANO_DMA_SEND_DATA)
    ANO_DT_Send_Power                        0x08000ba9   Thumb Code   174  usart2.o(i.ANO_DT_Send_Power)
    ANO_DT_Send_RCData                       0x08000c61   Thumb Code   354  usart2.o(i.ANO_DT_Send_RCData)
    ANO_DT_Send_Senser                       0x08000dc9   Thumb Code   378  usart2.o(i.ANO_DT_Send_Senser)
    ANO_DT_Send_Status                       0x08000f49   Thumb Code   330  usart2.o(i.ANO_DT_Send_Status)
    ANO_DT_Send_User                         0x080010a9   Thumb Code   850  usart2.o(i.ANO_DT_Send_User)
    BusFault_Handler                         0x08001401   Thumb Code     4  stm32f10x_it.o(i.BusFault_Handler)
    DMA_Cmd                                  0x08001405   Thumb Code    24  stm32f10x_dma.o(i.DMA_Cmd)
    DMA_DeInit                               0x0800141d   Thumb Code   324  stm32f10x_dma.o(i.DMA_DeInit)
    DMA_Init                                 0x08001569   Thumb Code    60  stm32f10x_dma.o(i.DMA_Init)
    DebugMon_Handler                         0x080015a5   Thumb Code     2  stm32f10x_it.o(i.DebugMon_Handler)
    FC_status_polling                        0x080015a9   Thumb Code   278  fc_status.o(i.FC_status_polling)
    GPIO_Init                                0x080016d1   Thumb Code   278  stm32f10x_gpio.o(i.GPIO_Init)
    GPIO_ResetBits                           0x080017e7   Thumb Code     4  stm32f10x_gpio.o(i.GPIO_ResetBits)
    GPIO_SetBits                             0x080017eb   Thumb Code     4  stm32f10x_gpio.o(i.GPIO_SetBits)
    HardFault_Handler                        0x080017ef   Thumb Code     4  stm32f10x_it.o(i.HardFault_Handler)
    IIC_Read_Byte                            0x080017f5   Thumb Code    66  iic.o(i.IIC_Read_Byte)
    IIC_Read_One_Byte                        0x0800183d   Thumb Code    52  iic.o(i.IIC_Read_One_Byte)
    IIC_Send_Byte                            0x08001871   Thumb Code   102  iic.o(i.IIC_Send_Byte)
    IIC_Slave_Ack                            0x080018dd   Thumb Code    90  iic.o(i.IIC_Slave_Ack)
    IIC_Start                                0x0800193d   Thumb Code    38  iic.o(i.IIC_Start)
    IIC_Stop                                 0x08001969   Thumb Code    60  iic.o(i.IIC_Stop)
    Matrix_ready                             0x080019ad   Thumb Code   220  imu.o(i.Matrix_ready)
    MemManage_Handler                        0x08001aad   Thumb Code     4  stm32f10x_it.o(i.MemManage_Handler)
    NMI_Handler                              0x08001ab1   Thumb Code     2  stm32f10x_it.o(i.NMI_Handler)
    NRF24L01_RxPacket                        0x08001ab3   Thumb Code    52  nrf24l01.o(i.NRF24L01_RxPacket)
    NVIC_Init                                0x08001ae9   Thumb Code   100  misc.o(i.NVIC_Init)
    NVIC_PriorityGroupConfig                 0x08001b59   Thumb Code    10  misc.o(i.NVIC_PriorityGroupConfig)
    NVIC_config                              0x08001b6d   Thumb Code    70  nvic.o(i.NVIC_config)
    PendSV_Handler                           0x08001bb3   Thumb Code     2  stm32f10x_it.o(i.PendSV_Handler)
    RCC_AHBPeriphClockCmd                    0x08001bb5   Thumb Code    26  stm32f10x_rcc.o(i.RCC_AHBPeriphClockCmd)
    RCC_APB1PeriphClockCmd                   0x08001bd5   Thumb Code    26  stm32f10x_rcc.o(i.RCC_APB1PeriphClockCmd)
    RCC_APB2PeriphClockCmd                   0x08001bf5   Thumb Code    26  stm32f10x_rcc.o(i.RCC_APB2PeriphClockCmd)
    RCC_GetClocksFreq                        0x08001c15   Thumb Code   192  stm32f10x_rcc.o(i.RCC_GetClocksFreq)
    SDA_IN                                   0x08001ce9   Thumb Code    26  iic.o(i.SDA_IN)
    SDA_OUT                                  0x08001d09   Thumb Code    32  iic.o(i.SDA_OUT)
    SPI_I2S_GetFlagStatus                    0x08001d2d   Thumb Code    18  stm32f10x_spi.o(i.SPI_I2S_GetFlagStatus)
    SPI_I2S_ReceiveData                      0x08001d3f   Thumb Code     6  stm32f10x_spi.o(i.SPI_I2S_ReceiveData)
    SPI_I2S_SendData                         0x08001d45   Thumb Code     4  stm32f10x_spi.o(i.SPI_I2S_SendData)
    SPI_Read_Buf                             0x08001d49   Thumb Code    60  nrf24l01.o(i.SPI_Read_Buf)
    SPI_Read_Reg                             0x08001d89   Thumb Code    38  nrf24l01.o(i.SPI_Read_Reg)
    SPI_Write_Reg                            0x08001db5   Thumb Code    40  nrf24l01.o(i.SPI_Write_Reg)
    SVC_Handler                              0x08001de1   Thumb Code     2  stm32f10x_it.o(i.SVC_Handler)
    Spi_RW_Byte                              0x08001ecd   Thumb Code    50  spi.o(i.Spi_RW_Byte)
    SysTick_Handler                          0x08001f05   Thumb Code    18  systick.o(i.SysTick_Handler)
    SystemInit                               0x08001f1d   Thumb Code    78  system_stm32f10x.o(i.SystemInit)
    TIM3_IRQHandler                          0x08001f7d   Thumb Code   184  timer.o(i.TIM3_IRQHandler)
    TIM_ARRPreloadConfig                     0x08002059   Thumb Code    24  stm32f10x_tim.o(i.TIM_ARRPreloadConfig)
    TIM_ClearFlag                            0x08002071   Thumb Code     6  stm32f10x_tim.o(i.TIM_ClearFlag)
    TIM_Cmd                                  0x08002077   Thumb Code    24  stm32f10x_tim.o(i.TIM_Cmd)
    TIM_CtrlPWMOutputs                       0x0800208f   Thumb Code    30  stm32f10x_tim.o(i.TIM_CtrlPWMOutputs)
    TIM_ITConfig                             0x080020ad   Thumb Code    18  stm32f10x_tim.o(i.TIM_ITConfig)
    TIM_OC1Init                              0x080020c1   Thumb Code   132  stm32f10x_tim.o(i.TIM_OC1Init)
    TIM_OC1PreloadConfig                     0x08002159   Thumb Code    18  stm32f10x_tim.o(i.TIM_OC1PreloadConfig)
    TIM_OC2Init                              0x0800216d   Thumb Code   154  stm32f10x_tim.o(i.TIM_OC2Init)
    TIM_OC2PreloadConfig                     0x08002211   Thumb Code    26  stm32f10x_tim.o(i.TIM_OC2PreloadConfig)
    TIM_OC3Init                              0x0800222d   Thumb Code   150  stm32f10x_tim.o(i.TIM_OC3Init)
    TIM_OC3PreloadConfig                     0x080022cd   Thumb Code    18  stm32f10x_tim.o(i.TIM_OC3PreloadConfig)
    TIM_OC4Init                              0x080022e1   Thumb Code   114  stm32f10x_tim.o(i.TIM_OC4Init)
    TIM_OC4PreloadConfig                     0x0800235d   Thumb Code    26  stm32f10x_tim.o(i.TIM_OC4PreloadConfig)
    TIM_TimeBaseInit                         0x08002379   Thumb Code   122  stm32f10x_tim.o(i.TIM_TimeBaseInit)
    USART2_DMA_Config                        0x0800241d   Thumb Code    74  usart2.o(i.USART2_DMA_Config)
    USART2_DMA_SEND_DATA                     0x08002469   Thumb Code    40  usart2.o(i.USART2_DMA_SEND_DATA)
    USART3_IRQHandler                        0x08002499   Thumb Code    42  flow.o(i.USART3_IRQHandler)
    USART_ClearITPendingBit                  0x080024cd   Thumb Code    30  stm32f10x_usart.o(i.USART_ClearITPendingBit)
    USART_Cmd                                0x080024eb   Thumb Code    24  stm32f10x_usart.o(i.USART_Cmd)
    USART_DMACmd                             0x08002503   Thumb Code    18  stm32f10x_usart.o(i.USART_DMACmd)
    USART_GetITStatus                        0x08002515   Thumb Code    84  stm32f10x_usart.o(i.USART_GetITStatus)
    USART_ITConfig                           0x08002569   Thumb Code    74  stm32f10x_usart.o(i.USART_ITConfig)
    USART_Init                               0x080025b5   Thumb Code   210  stm32f10x_usart.o(i.USART_Init)
    USART_ReceiveData                        0x0800268d   Thumb Code    10  stm32f10x_usart.o(i.USART_ReceiveData)
    UsageFault_Handler                       0x08002697   Thumb Code     4  stm32f10x_it.o(i.UsageFault_Handler)
    __ARM_fpclassify                         0x0800269b   Thumb Code    40  fpclassify.o(i.__ARM_fpclassify)
    __ARM_fpclassifyf                        0x080026c3   Thumb Code    38  fpclassifyf.o(i.__ARM_fpclassifyf)
    __ieee754_rem_pio2                       0x080026e9   Thumb Code   828  rred.o(i.__ieee754_rem_pio2)
    __kernel_cos                             0x08002a71   Thumb Code   230  cos_i.o(i.__kernel_cos)
    __kernel_poly                            0x08002b6d   Thumb Code   170  poly.o(i.__kernel_poly)
    __kernel_sin                             0x08002c19   Thumb Code   224  sin_i.o(i.__kernel_sin)
    __kernel_tan                             0x08002d05   Thumb Code   586  tan_i.o(i.__kernel_tan)
    __mathlib_dbl_infnan                     0x08002f81   Thumb Code     6  dunder.o(i.__mathlib_dbl_infnan)
    __mathlib_dbl_infnan2                    0x08002f87   Thumb Code     4  dunder.o(i.__mathlib_dbl_infnan2)
    __mathlib_dbl_invalid                    0x08002f8b   Thumb Code    12  dunder.o(i.__mathlib_dbl_invalid)
    __mathlib_dbl_underflow                  0x08002f99   Thumb Code    10  dunder.o(i.__mathlib_dbl_underflow)
    __mathlib_flt_divzero                    0x08002fa9   Thumb Code    10  funder.o(i.__mathlib_flt_divzero)
    __mathlib_flt_infnan2                    0x08002fb3   Thumb Code     4  funder.o(i.__mathlib_flt_infnan2)
    __mathlib_flt_invalid                    0x08002fb7   Thumb Code     8  funder.o(i.__mathlib_flt_invalid)
    __mathlib_flt_overflow                   0x08002fbf   Thumb Code    10  funder.o(i.__mathlib_flt_overflow)
    __mathlib_flt_underflow                  0x08002fc9   Thumb Code    10  funder.o(i.__mathlib_flt_underflow)
    __scatterload_copy                       0x08002fd3   Thumb Code    14  handlers.o(i.__scatterload_copy)
    __scatterload_null                       0x08002fe1   Thumb Code     2  handlers.o(i.__scatterload_null)
    __scatterload_zeroinit                   0x08002fe3   Thumb Code    14  handlers.o(i.__scatterload_zeroinit)
    __set_errno                              0x08002ff1   Thumb Code     6  errno.o(i.__set_errno)
    _controller_detect                       0x08002ffd   Thumb Code   212  controller.o(i._controller_detect)
    _controller_output                       0x080030f1   Thumb Code   438  controller.o(i._controller_output)
    _controller_perform                      0x080032c9   Thumb Code    72  controller.o(i._controller_perform)
    acc_cal_polling                          0x08003315   Thumb Code   416  acc_cal.o(i.acc_cal_polling)
    acc_iir_lpf                              0x080034c5   Thumb Code    92  mpu6050.o(i.acc_iir_lpf)
    angle_controller                         0x08003521   Thumb Code   132  controller.o(i.angle_controller)
    asin                                     0x080035b9   Thumb Code   572  asin.o(i.asin)
    atan                                     0x08003829   Thumb Code   474  atan.o(i.atan)
    atan2                                    0x08003a49   Thumb Code   346  atan2.o(i.atan2)
    blink                                    0x08003bc9   Thumb Code   102  led.o(i.blink)
    blink_polling                            0x08003c39   Thumb Code   640  led.o(i.blink_polling)
    butterworth_lpf                          0x08003ed1   Thumb Code   116  filter.o(i.butterworth_lpf)
    clear_integral                           0x08003f45   Thumb Code     6  pid.o(i.clear_integral)
    cos                                      0x08003f4d   Thumb Code   148  cos.o(i.cos)
    delay_ms                                 0x08003fe9   Thumb Code    62  systick.o(i.delay_ms)
    direction_to_zero                        0x0800402d   Thumb Code    34  imath.o(i.direction_to_zero)
    drop_alt                                 0x08004051   Thumb Code    44  controller.o(i.drop_alt)
    fix_controller                           0x08004085   Thumb Code   322  controller.o(i.fix_controller)
    flow_handle                              0x080041e1   Thumb Code   254  flow.o(i.flow_handle)
    flow_iir_lpf                             0x080042f9   Thumb Code    66  flow.o(i.flow_iir_lpf)
    flow_parse                               0x0800433d   Thumb Code   214  flow.o(i.flow_parse)
    get_acc_g                                0x08004419   Thumb Code    44  mpu6050.o(i.get_acc_g)
    get_acc_raw                              0x08004445   Thumb Code   220  mpu6050.o(i.get_acc_raw)
    get_chip_id                              0x08004531   Thumb Code    26  fc_status.o(i.get_chip_id)
    get_deg_s                                0x08004575   Thumb Code    38  mpu6050.o(i.get_deg_s)
    get_gyro_raw                             0x080045a1   Thumb Code   186  mpu6050.o(i.get_gyro_raw)
    get_nav_acc                              0x08004671   Thumb Code   330  nav.o(i.get_nav_acc)
    get_rad_s                                0x080047d1   Thumb Code    38  mpu6050.o(i.get_rad_s)
    get_spl_data                             0x080047fd   Thumb Code    62  spl06.o(i.get_spl_data)
    get_spl_high                             0x08004845   Thumb Code    62  spl06.o(i.get_spl_high)
    get_spl_status                           0x08004891   Thumb Code    80  spl06.o(i.get_spl_status)
    gyro_cal_polling                         0x080048ed   Thumb Code   112  gyro_cal.o(i.gyro_cal_polling)
    gyro_controller                          0x08004969   Thumb Code    68  controller.o(i.gyro_controller)
    high_controller                          0x080049b5   Thumb Code   186  controller.o(i.high_controller)
    invSqrt                                  0x08004a85   Thumb Code    72  imath.o(i.invSqrt)
    keep_alt                                 0x08004ad1   Thumb Code    78  controller.o(i.keep_alt)
    led_init                                 0x08004b2d   Thumb Code    72  led.o(i.led_init)
    led_off                                  0x08004b7d   Thumb Code    22  led.o(i.led_off)
    led_off_all                              0x08004b9d   Thumb Code    16  led.o(i.led_off_all)
    led_on                                   0x08004bad   Thumb Code    22  led.o(i.led_on)
    led_on_all                               0x08004bcd   Thumb Code    16  led.o(i.led_on_all)
    led_toggle                               0x08004bdd   Thumb Code    34  led.o(i.led_toggle)
    mahony_update                            0x08004c09   Thumb Code  1240  imu.o(i.mahony_update)
    main                                     0x08005105   Thumb Code    58  main.o(i.main)
    nrf_parse_packet                         0x08005141   Thumb Code   290  parse_packet.o(i.nrf_parse_packet)
    pid_controller                           0x08005275   Thumb Code   164  pid.o(i.pid_controller)
    __mathlib_powf                           0x08005319   Thumb Code     0  powf.o(i.powf)
    powf                                     0x08005319   Thumb Code  1548  powf.o(i.powf)
    pwm_init                                 0x08005939   Thumb Code   200  pwm.o(i.pwm_init)
    pwm_out                                  0x08005a09   Thumb Code    86  pwm.o(i.pwm_out)
    rise_alt                                 0x08005a65   Thumb Code    44  controller.o(i.rise_alt)
    rotation_matrix                          0x08005a99   Thumb Code   512  imu.o(i.rotation_matrix)
    rotation_matrix_T                        0x08005cad   Thumb Code   520  imu.o(i.rotation_matrix_T)
    set_value                                0x08005ec9   Thumb Code     8  imath.o(i.set_value)
    sin                                      0x08005ed1   Thumb Code   150  sin.o(i.sin)
    sins_high                                0x08005f71   Thumb Code   542  sins.o(i.sins_high)
    spl_get_pressure                         0x080061ad   Thumb Code   276  spl06.o(i.spl_get_pressure)
    spl_get_raw_pressure                     0x080062c5   Thumb Code   102  spl06.o(i.spl_get_raw_pressure)
    spl_get_raw_temp                         0x08006331   Thumb Code   106  spl06.o(i.spl_get_raw_temp)
    spl_get_temperature                      0x080063a1   Thumb Code   112  spl06.o(i.spl_get_temperature)
    spl_read                                 0x08006419   Thumb Code    20  spl06.o(i.spl_read)
    sqrt                                     0x0800642d   Thumb Code    76  sqrt.o(i.sqrt)
    systick_init                             0x08006479   Thumb Code    38  systick.o(i.systick_init)
    tan                                      0x080064a9   Thumb Code    90  tan.o(i.tan)
    throttle_limit                           0x0800650d   Thumb Code    14  imath.o(i.throttle_limit)
    time_check                               0x0800651d   Thumb Code    54  timer.o(i.time_check)
    timer_init                               0x08006561   Thumb Code    72  timer.o(i.timer_init)
    usart2_init                              0x080065ad   Thumb Code   132  usart2.o(i.usart2_init)
    usart3_init                              0x08006639   Thumb Code   136  usart3.o(i.usart3_init)
    __mathlib_zero                           0x08006920   Data           8  qnan.o(.constdata)
    Region$$Table$$Base                      0x08006a78   Number         0  anon$$obj.o(Region$$Table)
    Region$$Table$$Limit                     0x08006a98   Number         0  anon$$obj.o(Region$$Table)
    SystemCoreClock                          0x20000000   Data           4  system_stm32f10x.o(.data)
    AHBPrescTable                            0x20000004   Data          16  system_stm32f10x.o(.data)
    tick_count                               0x20000014   Data           4  systick.o(.data)
    blink_speed_cnt                          0x20000018   Data           2  led.o(.data)
    blink_period_cnt                         0x2000001a   Data           2  led.o(.data)
    running_tim_cnt                          0x20000020   Data           4  timer.o(.data)
    acc_raw                                  0x20000024   Data           6  mpu6050.o(.data)
    gyro_raw                                 0x2000002a   Data           6  mpu6050.o(.data)
    gyro_30hz_parameter                      0x20000030   Data          24  mpu6050.o(.data)
    acc_5hz_parameter                        0x20000048   Data          24  mpu6050.o(.data)
    fc                                       0x20000060   Data           6  fc_status.o(.data)
    q0                                       0x20000068   Data           4  imu.o(.data)
    q1                                       0x2000006c   Data           4  imu.o(.data)
    q2                                       0x20000070   Data           4  imu.o(.data)
    q3                                       0x20000074   Data           4  imu.o(.data)
    exInt                                    0x20000078   Data           4  imu.o(.data)
    eyInt                                    0x2000007c   Data           4  imu.o(.data)
    ezInt                                    0x20000080   Data           4  imu.o(.data)
    sin_pit                                  0x20000084   Data           4  imu.o(.data)
    sin_rol                                  0x20000088   Data           4  imu.o(.data)
    sin_yaw                                  0x2000008c   Data           4  imu.o(.data)
    cos_pit                                  0x20000090   Data           4  imu.o(.data)
    cos_rol                                  0x20000094   Data           4  imu.o(.data)
    cos_yaw                                  0x20000098   Data           4  imu.o(.data)
    spl_flag                                 0x200000a0   Data           2  spl06.o(.data)
    spl_cnt                                  0x200000a2   Data           2  spl06.o(.data)
    controller_cnt                           0x200000a4   Data           3  controller.o(.data)
    throttle_type                            0x200000a8   Data           4  controller.o(.data)
    _control                                 0x200000ac   Data           1  controller.o(.data)
    Motor1                                   0x200000ae   Data           2  controller.o(.data)
    Motor2                                   0x200000b0   Data           2  controller.o(.data)
    Motor3                                   0x200000b2   Data           2  controller.o(.data)
    Motor4                                   0x200000b4   Data           2  controller.o(.data)
    high_mark_flag                           0x200000b6   Data           1  controller.o(.data)
    fix_mark_flag                            0x200000b7   Data           1  controller.o(.data)
    flow_fix_flag                            0x200000b8   Data           1  controller.o(.data)
    TIME_CONTANST_ZER                        0x200000bc   Data           4  sins.o(.data)
    run_start                                0x200000d8   Data          16  timer.o(.bss)
    run_stop                                 0x200000e8   Data          16  timer.o(.bss)
    acc_raw_f                                0x200000f8   Data          12  mpu6050.o(.bss)
    gyro_raw_f                               0x20000104   Data          12  mpu6050.o(.bss)
    acc_att_lpf                              0x20000110   Data          12  mpu6050.o(.bss)
    acc_fix_lpf                              0x2000011c   Data          12  mpu6050.o(.bss)
    acc_1_lpf                                0x20000128   Data          12  mpu6050.o(.bss)
    acc_butter_lpf                           0x20000134   Data          12  mpu6050.o(.bss)
    gyro_lpf                                 0x20000140   Data          12  mpu6050.o(.bss)
    gyro_offset                              0x2000014c   Data          12  mpu6050.o(.bss)
    Mpu                                      0x20000158   Data          44  mpu6050.o(.bss)
    gyro_butter_data                         0x20000184   Data          72  mpu6050.o(.bss)
    acc_butter_data                          0x200001cc   Data          72  mpu6050.o(.bss)
    cal_gyro                                 0x20000214   Data          52  gyro_cal.o(.bss)
    cal_acc                                  0x20000248   Data         196  acc_cal.o(.bss)
    acc_cal_samples                          0x2000030c   Data          72  acc_cal.o(.bss)
    chip_id                                  0x20000354   Data          12  fc_status.o(.bss)
    data_to_send                             0x20000360   Data         100  usart2.o(.bss)
    Rx_packet                                0x200003c4   Data          11  parse_packet.o(.bss)
    rc                                       0x200003d0   Data          40  parse_packet.o(.bss)
    Mat                                      0x200003f8   Data          72  imu.o(.bss)
    att                                      0x20000440   Data          48  imu.o(.bss)
    att_time                                 0x20000470   Data          16  imu.o(.bss)
    spl                                      0x200004ac   Data          16  spl06.o(.bss)
    all                                      0x200004bc   Data         660  pid.o(.bss)
    bat                                      0x20000750   Data          12  adc.o(.bss)
    nav                                      0x2000075c   Data          28  nav.o(.bss)
    sins_high_time                           0x20000778   Data          16  sins.o(.bss)
    sins                                     0x20000788   Data         740  sins.o(.bss)
    flow                                     0x20000a6c   Data          96  flow.o(.bss)
    __initial_sp                             0x20000ed0   Data           0  startup_stm32f10x_md.o(STACK)



==============================================================================

Memory Map of the image

  Image Entry point : 0x080000ed

  Load Region LR_IROM1 (Base: 0x08000000, Size: 0x00006b70, Max: 0x00010000, ABSOLUTE)

    Execution Region ER_IROM1 (Exec base: 0x08000000, Load base: 0x08000000, Size: 0x00006a98, Max: 0x00010000, ABSOLUTE)

    Exec Addr    Load Addr    Size         Type   Attr      Idx    E Section Name        Object

    0x08000000   0x08000000   0x000000ec   Data   RO         3169    RESET               startup_stm32f10x_md.o
    0x080000ec   0x080000ec   0x00000000   Code   RO         3234  * .ARM.Collect$$$$00000000  mc_w.l(entry.o)
    0x080000ec   0x080000ec   0x00000004   Code   RO         3332    .ARM.Collect$$$$00000001  mc_w.l(entry2.o)
    0x080000f0   0x080000f0   0x00000004   Code   RO         3335    .ARM.Collect$$$$00000004  mc_w.l(entry5.o)
    0x080000f4   0x080000f4   0x00000000   Code   RO         3337    .ARM.Collect$$$$00000008  mc_w.l(entry7b.o)
    0x080000f4   0x080000f4   0x00000000   Code   RO         3339    .ARM.Collect$$$$0000000A  mc_w.l(entry8b.o)
    0x080000f4   0x080000f4   0x00000008   Code   RO         3340    .ARM.Collect$$$$0000000B  mc_w.l(entry9a.o)
    0x080000fc   0x080000fc   0x00000000   Code   RO         3342    .ARM.Collect$$$$0000000D  mc_w.l(entry10a.o)
    0x080000fc   0x080000fc   0x00000000   Code   RO         3344    .ARM.Collect$$$$0000000F  mc_w.l(entry11a.o)
    0x080000fc   0x080000fc   0x00000004   Code   RO         3333    .ARM.Collect$$$$00002712  mc_w.l(entry2.o)
    0x08000100   0x08000100   0x00000024   Code   RO         3170    .text               startup_stm32f10x_md.o
    0x08000124   0x08000124   0x000000b0   Code   RO         3239    .text               mf_w.l(fadd.o)
    0x080001d4   0x080001d4   0x00000064   Code   RO         3241    .text               mf_w.l(fmul.o)
    0x08000238   0x08000238   0x0000007c   Code   RO         3243    .text               mf_w.l(fdiv.o)
    0x080002b4   0x080002b4   0x0000014e   Code   RO         3245    .text               mf_w.l(dadd.o)
    0x08000402   0x08000402   0x000000e4   Code   RO         3247    .text               mf_w.l(dmul.o)
    0x080004e6   0x080004e6   0x00000012   Code   RO         3249    .text               mf_w.l(fflti.o)
    0x080004f8   0x080004f8   0x0000000a   Code   RO         3251    .text               mf_w.l(ffltui.o)
    0x08000502   0x08000502   0x00000022   Code   RO         3253    .text               mf_w.l(dflti.o)
    0x08000524   0x08000524   0x00000032   Code   RO         3255    .text               mf_w.l(ffixi.o)
    0x08000556   0x08000556   0x00000028   Code   RO         3257    .text               mf_w.l(ffixui.o)
    0x0800057e   0x0800057e   0x00000026   Code   RO         3259    .text               mf_w.l(f2d.o)
    0x080005a4   0x080005a4   0x00000038   Code   RO         3261    .text               mf_w.l(d2f.o)
    0x080005dc   0x080005dc   0x00000014   Code   RO         3263    .text               mf_w.l(cfcmple.o)
    0x080005f0   0x080005f0   0x00000014   Code   RO         3265    .text               mf_w.l(cfrcmple.o)
    0x08000604   0x08000604   0x0000001e   Code   RO         3346    .text               mc_w.l(llshl.o)
    0x08000622   0x08000622   0x00000024   Code   RO         3348    .text               mc_w.l(llsshr.o)
    0x08000646   0x08000646   0x00000000   Code   RO         3357    .text               mc_w.l(iusefp.o)
    0x08000646   0x08000646   0x0000006e   Code   RO         3358    .text               mf_w.l(fepilogue.o)
    0x080006b4   0x080006b4   0x00000018   Code   RO         3360    .text               mf_w.l(fscalb.o)
    0x080006cc   0x080006cc   0x000000ba   Code   RO         3362    .text               mf_w.l(depilogue.o)
    0x08000786   0x08000786   0x000000de   Code   RO         3364    .text               mf_w.l(ddiv.o)
    0x08000864   0x08000864   0x0000002e   Code   RO         3366    .text               mf_w.l(dscalb.o)
    0x08000892   0x08000892   0x000000a2   Code   RO         3368    .text               mf_w.l(dsqrt.o)
    0x08000934   0x08000934   0x0000004c   Code   RO         3370    .text               mf_w.l(ffixir.o)
    0x08000980   0x08000980   0x00000004   Code   RO         3374    .text               mf_w.l(fpstat.o)
    0x08000984   0x08000984   0x00000024   Code   RO         3376    .text               mc_w.l(init.o)
    0x080009a8   0x080009a8   0x00000020   Code   RO         3378    .text               mc_w.l(llushr.o)
    0x080009c8   0x080009c8   0x0000001a   Code   RO         3380    .text               mf_w.l(dfltui.o)
    0x080009e2   0x080009e2   0x0000003e   Code   RO         3382    .text               mf_w.l(dfixi.o)
    0x08000a20   0x08000a20   0x00000188   Code   RO          746    i.ANO_DMA_SEND_DATA  usart2.o
    0x08000ba8   0x08000ba8   0x000000b8   Code   RO          747    i.ANO_DT_Send_Power  usart2.o
    0x08000c60   0x08000c60   0x00000168   Code   RO          748    i.ANO_DT_Send_RCData  usart2.o
    0x08000dc8   0x08000dc8   0x00000180   Code   RO          749    i.ANO_DT_Send_Senser  usart2.o
    0x08000f48   0x08000f48   0x00000160   Code   RO          750    i.ANO_DT_Send_Status  usart2.o
    0x080010a8   0x080010a8   0x00000358   Code   RO          751    i.ANO_DT_Send_User  usart2.o
    0x08001400   0x08001400   0x00000004   Code   RO          187    i.BusFault_Handler  stm32f10x_it.o
    0x08001404   0x08001404   0x00000018   Code   RO         1726    i.DMA_Cmd           stm32f10x_dma.o
    0x0800141c   0x0800141c   0x0000014c   Code   RO         1727    i.DMA_DeInit        stm32f10x_dma.o
    0x08001568   0x08001568   0x0000003c   Code   RO         1732    i.DMA_Init          stm32f10x_dma.o
    0x080015a4   0x080015a4   0x00000002   Code   RO          188    i.DebugMon_Handler  stm32f10x_it.o
    0x080015a6   0x080015a6   0x00000002   PAD
    0x080015a8   0x080015a8   0x00000128   Code   RO          709    i.FC_status_polling  fc_status.o
    0x080016d0   0x080016d0   0x00000116   Code   RO         1976    i.GPIO_Init         stm32f10x_gpio.o
    0x080017e6   0x080017e6   0x00000004   Code   RO         1983    i.GPIO_ResetBits    stm32f10x_gpio.o
    0x080017ea   0x080017ea   0x00000004   Code   RO         1984    i.GPIO_SetBits      stm32f10x_gpio.o
    0x080017ee   0x080017ee   0x00000004   Code   RO          189    i.HardFault_Handler  stm32f10x_it.o
    0x080017f2   0x080017f2   0x00000002   PAD
    0x080017f4   0x080017f4   0x00000048   Code   RO          443    i.IIC_Read_Byte     iic.o
    0x0800183c   0x0800183c   0x00000034   Code   RO          444    i.IIC_Read_One_Byte  iic.o
    0x08001870   0x08001870   0x0000006c   Code   RO          446    i.IIC_Send_Byte     iic.o
    0x080018dc   0x080018dc   0x00000060   Code   RO          447    i.IIC_Slave_Ack     iic.o
    0x0800193c   0x0800193c   0x0000002c   Code   RO          448    i.IIC_Start         iic.o
    0x08001968   0x08001968   0x00000040   Code   RO          449    i.IIC_Stop          iic.o
    0x080019a8   0x080019a8   0x00000002   Code   RO          451    i.IIC_delay         iic.o
    0x080019aa   0x080019aa   0x00000002   PAD
    0x080019ac   0x080019ac   0x00000100   Code   RO          935    i.Matrix_ready      imu.o
    0x08001aac   0x08001aac   0x00000004   Code   RO          190    i.MemManage_Handler  stm32f10x_it.o
    0x08001ab0   0x08001ab0   0x00000002   Code   RO          191    i.NMI_Handler       stm32f10x_it.o
    0x08001ab2   0x08001ab2   0x00000034   Code   RO          881    i.NRF24L01_RxPacket  nrf24l01.o
    0x08001ae6   0x08001ae6   0x00000002   PAD
    0x08001ae8   0x08001ae8   0x00000070   Code   RO         1466    i.NVIC_Init         misc.o
    0x08001b58   0x08001b58   0x00000014   Code   RO         1467    i.NVIC_PriorityGroupConfig  misc.o
    0x08001b6c   0x08001b6c   0x00000046   Code   RO          430    i.NVIC_config       nvic.o
    0x08001bb2   0x08001bb2   0x00000002   Code   RO          192    i.PendSV_Handler    stm32f10x_it.o
    0x08001bb4   0x08001bb4   0x00000020   Code   RO         2085    i.RCC_AHBPeriphClockCmd  stm32f10x_rcc.o
    0x08001bd4   0x08001bd4   0x00000020   Code   RO         2086    i.RCC_APB1PeriphClockCmd  stm32f10x_rcc.o
    0x08001bf4   0x08001bf4   0x00000020   Code   RO         2088    i.RCC_APB2PeriphClockCmd  stm32f10x_rcc.o
    0x08001c14   0x08001c14   0x000000d4   Code   RO         2096    i.RCC_GetClocksFreq  stm32f10x_rcc.o
    0x08001ce8   0x08001ce8   0x00000020   Code   RO          452    i.SDA_IN            iic.o
    0x08001d08   0x08001d08   0x00000024   Code   RO          453    i.SDA_OUT           iic.o
    0x08001d2c   0x08001d2c   0x00000012   Code   RO         2297    i.SPI_I2S_GetFlagStatus  stm32f10x_spi.o
    0x08001d3e   0x08001d3e   0x00000006   Code   RO         2300    i.SPI_I2S_ReceiveData  stm32f10x_spi.o
    0x08001d44   0x08001d44   0x00000004   Code   RO         2301    i.SPI_I2S_SendData  stm32f10x_spi.o
    0x08001d48   0x08001d48   0x00000040   Code   RO          882    i.SPI_Read_Buf      nrf24l01.o
    0x08001d88   0x08001d88   0x0000002c   Code   RO          883    i.SPI_Read_Reg      nrf24l01.o
    0x08001db4   0x08001db4   0x0000002c   Code   RO          885    i.SPI_Write_Reg     nrf24l01.o
    0x08001de0   0x08001de0   0x00000002   Code   RO          193    i.SVC_Handler       stm32f10x_it.o
    0x08001de2   0x08001de2   0x00000008   Code   RO          244    i.SetSysClock       system_stm32f10x.o
    0x08001dea   0x08001dea   0x00000002   PAD
    0x08001dec   0x08001dec   0x000000e0   Code   RO          245    i.SetSysClockTo72   system_stm32f10x.o
    0x08001ecc   0x08001ecc   0x00000038   Code   RO          837    i.Spi_RW_Byte       spi.o
    0x08001f04   0x08001f04   0x00000018   Code   RO          278    i.SysTick_Handler   systick.o
    0x08001f1c   0x08001f1c   0x00000060   Code   RO          247    i.SystemInit        system_stm32f10x.o
    0x08001f7c   0x08001f7c   0x000000dc   Code   RO          398    i.TIM3_IRQHandler   timer.o
    0x08002058   0x08002058   0x00000018   Code   RO         2432    i.TIM_ARRPreloadConfig  stm32f10x_tim.o
    0x08002070   0x08002070   0x00000006   Code   RO         2438    i.TIM_ClearFlag     stm32f10x_tim.o
    0x08002076   0x08002076   0x00000018   Code   RO         2444    i.TIM_Cmd           stm32f10x_tim.o
    0x0800208e   0x0800208e   0x0000001e   Code   RO         2446    i.TIM_CtrlPWMOutputs  stm32f10x_tim.o
    0x080020ac   0x080020ac   0x00000012   Code   RO         2469    i.TIM_ITConfig      stm32f10x_tim.o
    0x080020be   0x080020be   0x00000002   PAD
    0x080020c0   0x080020c0   0x00000098   Code   RO         2473    i.TIM_OC1Init       stm32f10x_tim.o
    0x08002158   0x08002158   0x00000012   Code   RO         2476    i.TIM_OC1PreloadConfig  stm32f10x_tim.o
    0x0800216a   0x0800216a   0x00000002   PAD
    0x0800216c   0x0800216c   0x000000a4   Code   RO         2478    i.TIM_OC2Init       stm32f10x_tim.o
    0x08002210   0x08002210   0x0000001a   Code   RO         2481    i.TIM_OC2PreloadConfig  stm32f10x_tim.o
    0x0800222a   0x0800222a   0x00000002   PAD
    0x0800222c   0x0800222c   0x000000a0   Code   RO         2483    i.TIM_OC3Init       stm32f10x_tim.o
    0x080022cc   0x080022cc   0x00000012   Code   RO         2486    i.TIM_OC3PreloadConfig  stm32f10x_tim.o
    0x080022de   0x080022de   0x00000002   PAD
    0x080022e0   0x080022e0   0x0000007c   Code   RO         2488    i.TIM_OC4Init       stm32f10x_tim.o
    0x0800235c   0x0800235c   0x0000001a   Code   RO         2490    i.TIM_OC4PreloadConfig  stm32f10x_tim.o
    0x08002376   0x08002376   0x00000002   PAD
    0x08002378   0x08002378   0x000000a4   Code   RO         2515    i.TIM_TimeBaseInit  stm32f10x_tim.o
    0x0800241c   0x0800241c   0x0000004a   Code   RO          752    i.USART2_DMA_Config  usart2.o
    0x08002466   0x08002466   0x00000002   PAD
    0x08002468   0x08002468   0x00000030   Code   RO          753    i.USART2_DMA_SEND_DATA  usart2.o
    0x08002498   0x08002498   0x00000034   Code   RO         1412    i.USART3_IRQHandler  flow.o
    0x080024cc   0x080024cc   0x0000001e   Code   RO         2977    i.USART_ClearITPendingBit  stm32f10x_usart.o
    0x080024ea   0x080024ea   0x00000018   Code   RO         2980    i.USART_Cmd         stm32f10x_usart.o
    0x08002502   0x08002502   0x00000012   Code   RO         2981    i.USART_DMACmd      stm32f10x_usart.o
    0x08002514   0x08002514   0x00000054   Code   RO         2984    i.USART_GetITStatus  stm32f10x_usart.o
    0x08002568   0x08002568   0x0000004a   Code   RO         2986    i.USART_ITConfig    stm32f10x_usart.o
    0x080025b2   0x080025b2   0x00000002   PAD
    0x080025b4   0x080025b4   0x000000d8   Code   RO         2987    i.USART_Init        stm32f10x_usart.o
    0x0800268c   0x0800268c   0x0000000a   Code   RO         2994    i.USART_ReceiveData  stm32f10x_usart.o
    0x08002696   0x08002696   0x00000004   Code   RO          194    i.UsageFault_Handler  stm32f10x_it.o
    0x0800269a   0x0800269a   0x00000028   Code   RO         3294    i.__ARM_fpclassify  m_ws.l(fpclassify.o)
    0x080026c2   0x080026c2   0x00000026   Code   RO         3296    i.__ARM_fpclassifyf  m_ws.l(fpclassifyf.o)
    0x080026e8   0x080026e8   0x00000388   Code   RO         3315    i.__ieee754_rem_pio2  m_ws.l(rred.o)
    0x08002a70   0x08002a70   0x000000fc   Code   RO         3277    i.__kernel_cos      m_ws.l(cos_i.o)
    0x08002b6c   0x08002b6c   0x000000aa   Code   RO         3312    i.__kernel_poly     m_ws.l(poly.o)
    0x08002c16   0x08002c16   0x00000002   PAD
    0x08002c18   0x08002c18   0x000000ec   Code   RO         3320    i.__kernel_sin      m_ws.l(sin_i.o)
    0x08002d04   0x08002d04   0x0000027c   Code   RO         3326    i.__kernel_tan      m_ws.l(tan_i.o)
    0x08002f80   0x08002f80   0x00000006   Code   RO         3281    i.__mathlib_dbl_infnan  m_ws.l(dunder.o)
    0x08002f86   0x08002f86   0x00000004   Code   RO         3282    i.__mathlib_dbl_infnan2  m_ws.l(dunder.o)
    0x08002f8a   0x08002f8a   0x0000000c   Code   RO         3283    i.__mathlib_dbl_invalid  m_ws.l(dunder.o)
    0x08002f96   0x08002f96   0x00000002   PAD
    0x08002f98   0x08002f98   0x00000010   Code   RO         3286    i.__mathlib_dbl_underflow  m_ws.l(dunder.o)
    0x08002fa8   0x08002fa8   0x0000000a   Code   RO         3298    i.__mathlib_flt_divzero  m_ws.l(funder.o)
    0x08002fb2   0x08002fb2   0x00000004   Code   RO         3300    i.__mathlib_flt_infnan2  m_ws.l(funder.o)
    0x08002fb6   0x08002fb6   0x00000008   Code   RO         3301    i.__mathlib_flt_invalid  m_ws.l(funder.o)
    0x08002fbe   0x08002fbe   0x0000000a   Code   RO         3302    i.__mathlib_flt_overflow  m_ws.l(funder.o)
    0x08002fc8   0x08002fc8   0x0000000a   Code   RO         3304    i.__mathlib_flt_underflow  m_ws.l(funder.o)
    0x08002fd2   0x08002fd2   0x0000000e   Code   RO         3386    i.__scatterload_copy  mc_w.l(handlers.o)
    0x08002fe0   0x08002fe0   0x00000002   Code   RO         3387    i.__scatterload_null  mc_w.l(handlers.o)
    0x08002fe2   0x08002fe2   0x0000000e   Code   RO         3388    i.__scatterload_zeroinit  mc_w.l(handlers.o)
    0x08002ff0   0x08002ff0   0x0000000c   Code   RO         3352    i.__set_errno       mc_w.l(errno.o)
    0x08002ffc   0x08002ffc   0x000000f4   Code   RO         1175    i._controller_detect  controller.o
    0x080030f0   0x080030f0   0x000001d8   Code   RO         1176    i._controller_output  controller.o
    0x080032c8   0x080032c8   0x0000004c   Code   RO         1177    i._controller_perform  controller.o
    0x08003314   0x08003314   0x000001b0   Code   RO          638    i.acc_cal_polling   acc_cal.o
    0x080034c4   0x080034c4   0x0000005c   Code   RO          520    i.acc_iir_lpf       mpu6050.o
    0x08003520   0x08003520   0x00000098   Code   RO         1178    i.angle_controller  controller.o
    0x080035b8   0x080035b8   0x00000270   Code   RO         3175    i.asin              m_ws.l(asin.o)
    0x08003828   0x08003828   0x00000220   Code   RO         3268    i.atan              m_ws.l(atan.o)
    0x08003a48   0x08003a48   0x00000180   Code   RO         3185    i.atan2             m_ws.l(atan2.o)
    0x08003bc8   0x08003bc8   0x00000070   Code   RO          337    i.blink             led.o
    0x08003c38   0x08003c38   0x00000298   Code   RO          338    i.blink_polling     led.o
    0x08003ed0   0x08003ed0   0x00000074   Code   RO          734    i.butterworth_lpf   filter.o
    0x08003f44   0x08003f44   0x00000006   Code   RO         1248    i.clear_integral    pid.o
    0x08003f4a   0x08003f4a   0x00000002   PAD
    0x08003f4c   0x08003f4c   0x0000009c   Code   RO         3193    i.cos               m_ws.l(cos.o)
    0x08003fe8   0x08003fe8   0x00000044   Code   RO          279    i.delay_ms          systick.o
    0x0800402c   0x0800402c   0x00000022   Code   RO          977    i.direction_to_zero  imath.o
    0x0800404e   0x0800404e   0x00000002   PAD
    0x08004050   0x08004050   0x00000034   Code   RO         1179    i.drop_alt          controller.o
    0x08004084   0x08004084   0x0000015c   Code   RO         1180    i.fix_controller    controller.o
    0x080041e0   0x080041e0   0x00000118   Code   RO         1413    i.flow_handle       flow.o
    0x080042f8   0x080042f8   0x00000042   Code   RO         1414    i.flow_iir_lpf      flow.o
    0x0800433a   0x0800433a   0x00000002   PAD
    0x0800433c   0x0800433c   0x000000dc   Code   RO         1415    i.flow_parse        flow.o
    0x08004418   0x08004418   0x0000002c   Code   RO          521    i.get_acc_g         mpu6050.o
    0x08004444   0x08004444   0x000000ec   Code   RO          522    i.get_acc_raw       mpu6050.o
    0x08004530   0x08004530   0x00000024   Code   RO          710    i.get_chip_id       fc_status.o
    0x08004554   0x08004554   0x00000020   Code   RO          523    i.get_data          mpu6050.o
    0x08004574   0x08004574   0x0000002c   Code   RO          524    i.get_deg_s         mpu6050.o
    0x080045a0   0x080045a0   0x000000d0   Code   RO          525    i.get_gyro_raw      mpu6050.o
    0x08004670   0x08004670   0x00000160   Code   RO         1327    i.get_nav_acc       nav.o
    0x080047d0   0x080047d0   0x0000002c   Code   RO          528    i.get_rad_s         mpu6050.o
    0x080047fc   0x080047fc   0x00000048   Code   RO         1054    i.get_spl_data      spl06.o
    0x08004844   0x08004844   0x0000004c   Code   RO         1055    i.get_spl_high      spl06.o
    0x08004890   0x08004890   0x0000005c   Code   RO         1056    i.get_spl_status    spl06.o
    0x080048ec   0x080048ec   0x0000007c   Code   RO          606    i.gyro_cal_polling  gyro_cal.o
    0x08004968   0x08004968   0x0000004c   Code   RO         1181    i.gyro_controller   controller.o
    0x080049b4   0x080049b4   0x000000d0   Code   RO         1182    i.high_controller   controller.o
    0x08004a84   0x08004a84   0x0000004c   Code   RO          978    i.invSqrt           imath.o
    0x08004ad0   0x08004ad0   0x0000005c   Code   RO         1183    i.keep_alt          controller.o
    0x08004b2c   0x08004b2c   0x00000050   Code   RO          339    i.led_init          led.o
    0x08004b7c   0x08004b7c   0x00000020   Code   RO          340    i.led_off           led.o
    0x08004b9c   0x08004b9c   0x00000010   Code   RO          341    i.led_off_all       led.o
    0x08004bac   0x08004bac   0x00000020   Code   RO          342    i.led_on            led.o
    0x08004bcc   0x08004bcc   0x00000010   Code   RO          343    i.led_on_all        led.o
    0x08004bdc   0x08004bdc   0x0000002c   Code   RO          344    i.led_toggle        led.o
    0x08004c08   0x08004c08   0x000004fc   Code   RO          936    i.mahony_update     imu.o
    0x08005104   0x08005104   0x0000003a   Code   RO            1    i.main              main.o
    0x0800513e   0x0800513e   0x00000002   PAD
    0x08005140   0x08005140   0x00000134   Code   RO          854    i.nrf_parse_packet  parse_packet.o
    0x08005274   0x08005274   0x000000a4   Code   RO         1249    i.pid_controller    pid.o
    0x08005318   0x08005318   0x00000620   Code   RO         3201    i.powf              m_ws.l(powf.o)
    0x08005938   0x08005938   0x000000d0   Code   RO         1157    i.pwm_init          pwm.o
    0x08005a08   0x08005a08   0x0000005c   Code   RO         1158    i.pwm_out           pwm.o
    0x08005a64   0x08005a64   0x00000034   Code   RO         1184    i.rise_alt          controller.o
    0x08005a98   0x08005a98   0x00000214   Code   RO          937    i.rotation_matrix   imu.o
    0x08005cac   0x08005cac   0x0000021c   Code   RO          938    i.rotation_matrix_T  imu.o
    0x08005ec8   0x08005ec8   0x00000008   Code   RO          980    i.set_value         imath.o
    0x08005ed0   0x08005ed0   0x000000a0   Code   RO         3211    i.sin               m_ws.l(sin.o)
    0x08005f70   0x08005f70   0x0000023c   Code   RO         1393    i.sins_high         sins.o
    0x080061ac   0x080061ac   0x00000118   Code   RO         1058    i.spl_get_pressure  spl06.o
    0x080062c4   0x080062c4   0x0000006c   Code   RO         1059    i.spl_get_raw_pressure  spl06.o
    0x08006330   0x08006330   0x00000070   Code   RO         1060    i.spl_get_raw_temp  spl06.o
    0x080063a0   0x080063a0   0x00000078   Code   RO         1061    i.spl_get_temperature  spl06.o
    0x08006418   0x08006418   0x00000014   Code   RO         1063    i.spl_read          spl06.o
    0x0800642c   0x0800642c   0x0000004c   Code   RO         3219    i.sqrt              m_ws.l(sqrt.o)
    0x08006478   0x08006478   0x00000030   Code   RO          281    i.systick_init      systick.o
    0x080064a8   0x080064a8   0x00000064   Code   RO         3227    i.tan               m_ws.l(tan.o)
    0x0800650c   0x0800650c   0x0000000e   Code   RO          981    i.throttle_limit    imath.o
    0x0800651a   0x0800651a   0x00000002   PAD
    0x0800651c   0x0800651c   0x00000044   Code   RO          399    i.time_check        timer.o
    0x08006560   0x08006560   0x0000004c   Code   RO          400    i.timer_init        timer.o
    0x080065ac   0x080065ac   0x0000008c   Code   RO          755    i.usart2_init       usart2.o
    0x08006638   0x08006638   0x00000090   Code   RO          824    i.usart3_init       usart3.o
    0x080066c8   0x080066c8   0x00000050   Data   RO         3176    .constdata          m_ws.l(asin.o)
    0x08006718   0x08006718   0x00000140   Data   RO         3202    .constdata          m_ws.l(powf.o)
    0x08006858   0x08006858   0x00000098   Data   RO         3269    .constdata          m_ws.l(atan.o)
    0x080068f0   0x080068f0   0x00000030   Data   RO         3278    .constdata          m_ws.l(cos_i.o)
    0x08006920   0x08006920   0x00000008   Data   RO         3314    .constdata          m_ws.l(qnan.o)
    0x08006928   0x08006928   0x000000c8   Data   RO         3317    .constdata          m_ws.l(rred.o)
    0x080069f0   0x080069f0   0x00000028   Data   RO         3321    .constdata          m_ws.l(sin_i.o)
    0x08006a18   0x08006a18   0x00000060   Data   RO         3327    .constdata          m_ws.l(tan_i.o)
    0x08006a78   0x08006a78   0x00000020   Data   RO         3384    Region$$Table       anon$$obj.o


    Execution Region RW_IRAM1 (Exec base: 0x20000000, Load base: 0x08006a98, Size: 0x00000ed0, Max: 0x00005000, ABSOLUTE)

    Exec Addr    Load Addr    Size         Type   Attr      Idx    E Section Name        Object

    0x20000000   0x08006a98   0x00000014   Data   RW          248    .data               system_stm32f10x.o
    0x20000014   0x08006aac   0x00000004   Data   RW          282    .data               systick.o
    0x20000018   0x08006ab0   0x00000005   Data   RW          345    .data               led.o
    0x2000001d   0x08006ab5   0x00000003   PAD
    0x20000020   0x08006ab8   0x00000004   Data   RW          402    .data               timer.o
    0x20000024   0x08006abc   0x0000003c   Data   RW          531    .data               mpu6050.o
    0x20000060   0x08006af8   0x00000006   Data   RW          712    .data               fc_status.o
    0x20000066   0x08006afe   0x00000001   Data   RW          757    .data               usart2.o
    0x20000067   0x08006aff   0x00000001   PAD
    0x20000068   0x08006b00   0x00000034   Data   RW          940    .data               imu.o
    0x2000009c   0x08006b34   0x00000008   Data   RW         1070    .data               spl06.o
    0x200000a4   0x08006b3c   0x00000018   Data   RW         1185    .data               controller.o
    0x200000bc   0x08006b54   0x00000004   Data   RW         1395    .data               sins.o
    0x200000c0   0x08006b58   0x00000014   Data   RW         2116    .data               stm32f10x_rcc.o
    0x200000d4   0x08006b6c   0x00000004   Data   RW         3353    .data               mc_w.l(errno.o)
    0x200000d8        -       0x00000020   Zero   RW          401    .bss                timer.o
    0x200000f8        -       0x0000011c   Zero   RW          530    .bss                mpu6050.o
    0x20000214        -       0x00000034   Zero   RW          607    .bss                gyro_cal.o
    0x20000248        -       0x0000010c   Zero   RW          640    .bss                acc_cal.o
    0x20000354        -       0x0000000c   Zero   RW          711    .bss                fc_status.o
    0x20000360        -       0x00000064   Zero   RW          756    .bss                usart2.o
    0x200003c4        -       0x00000034   Zero   RW          856    .bss                parse_packet.o
    0x200003f8        -       0x00000088   Zero   RW          939    .bss                imu.o
    0x20000480        -       0x0000003c   Zero   RW         1069    .bss                spl06.o
    0x200004bc        -       0x00000294   Zero   RW         1251    .bss                pid.o
    0x20000750        -       0x0000000c   Zero   RW         1289    .bss                adc.o
    0x2000075c        -       0x0000001c   Zero   RW         1329    .bss                nav.o
    0x20000778        -       0x000002f4   Zero   RW         1394    .bss                sins.o
    0x20000a6c        -       0x00000060   Zero   RW         1416    .bss                flow.o
    0x20000acc   0x08006b70   0x00000004   PAD
    0x20000ad0        -       0x00000400   Zero   RW         3167    STACK               startup_stm32f10x_md.o


==============================================================================

Image component sizes


      Code (inc. data)   RO Data    RW Data    ZI Data      Debug   Object Name

       432         16          0          0        268       2184   acc_cal.o
         0          0          0          0         12        804   adc.o
      1772        176          0         24          0       5980   controller.o
         0          0          0          0          0         32   core_cm3.o
       332         28          0          6         12       1907   fc_status.o
       116          0          0          0          0        902   filter.o
       618         42          0          0         96       3193   flow.o
       124         12          0          0         52       1166   gyro_cal.o
       506         38          0          0          0       4306   iic.o
       132          4          0          0          0       2427   imath.o
      2604        160          0         52        136       3522   imu.o
       996         72          0          5          0       4369   led.o
        58          0          0          0          0      67084   main.o
       132         22          0          0          0       1395   misc.o
       700         50          0         60        284       6593   mpu6050.o
       352         22          0          0         28       1060   nav.o
       204         14          0          0          0       2706   nrf24l01.o
        70          0          0          0          0        482   nvic.o
       308         18          0          0         52       1902   parse_packet.o
       170          0          0          0        660       2225   pid.o
       300         14          0          0          0       1241   pwm.o
       572         30          0          4        756       1384   sins.o
        56          6          0          0          0        506   spi.o
       880         60          0          8         60       5684   spl06.o
        36          8        236          0       1024        772   startup_stm32f10x_md.o
       416          8          0          0          0       3230   stm32f10x_dma.o
       286          0          0          0          0       2844   stm32f10x_gpio.o
        24          0          0          0          0       3088   stm32f10x_it.o
       308         38          0         20          0       4730   stm32f10x_rcc.o
        28          0          0          0          0       2517   stm32f10x_spi.o
       954         92          0          0          0       8504   stm32f10x_tim.o
       456          6          0          0          0       5855   stm32f10x_usart.o
       328         28          0         20          0       1957   system_stm32f10x.o
       140         22          0          4          0     204785   systick.o
       364         54          0          4         32       2281   timer.o
      2790        106          0          1        100       7894   usart2.o
       144          8          0          0          0        622   usart3.o

    ----------------------------------------------------------------------
     17742       1154        268        212       3576     372133   Object Totals
         0          0         32          0          0          0   (incl. Generated)
        34          0          0          4          4          0   (incl. Padding)

    ----------------------------------------------------------------------

      Code (inc. data)   RO Data    RW Data    ZI Data      Debug   Library Member Name

       624         52         80          0          0        168   asin.o
       544         70        152          0          0        124   atan.o
       384         38          0          0          0        144   atan2.o
       156          8          0          0          0        104   cos.o
       252         22         48          0          0        124   cos_i.o
        38          6          0          0          0        272   dunder.o
        40          0          0          0          0         68   fpclassify.o
        38          0          0          0          0         68   fpclassifyf.o
        42          0          0          0          0        340   funder.o
       170          0          0          0          0         96   poly.o
      1568         80        320          0          0        224   powf.o
         0          0          8          0          0          0   qnan.o
       904         76        200          0          0        140   rred.o
       160         10          0          0          0        108   sin.o
       236         12         40          0          0        128   sin_i.o
        76          0          0          0          0         84   sqrt.o
       100         10          0          0          0         96   tan.o
       636         50         96          0          0        168   tan_i.o
         0          0          0          0          0          0   entry.o
         0          0          0          0          0          0   entry10a.o
         0          0          0          0          0          0   entry11a.o
         8          4          0          0          0          0   entry2.o
         4          0          0          0          0          0   entry5.o
         0          0          0          0          0          0   entry7b.o
         0          0          0          0          0          0   entry8b.o
         8          4          0          0          0          0   entry9a.o
        12          6          0          4          0         68   errno.o
        30          0          0          0          0          0   handlers.o
        36          8          0          0          0         68   init.o
         0          0          0          0          0          0   iusefp.o
        30          0          0          0          0         68   llshl.o
        36          0          0          0          0         68   llsshr.o
        32          0          0          0          0         68   llushr.o
        20          0          0          0          0         68   cfcmple.o
        20          0          0          0          0         68   cfrcmple.o
        56          0          0          0          0         88   d2f.o
       334          0          0          0          0        148   dadd.o
       222          0          0          0          0        100   ddiv.o
       186          0          0          0          0        176   depilogue.o
        62          0          0          0          0         80   dfixi.o
        34          0          0          0          0         76   dflti.o
        26          0          0          0          0         76   dfltui.o
       228          0          0          0          0         96   dmul.o
        46          0          0          0          0         80   dscalb.o
       162          0          0          0          0        100   dsqrt.o
        38          0          0          0          0         68   f2d.o
       176          0          0          0          0        140   fadd.o
       124          0          0          0          0         88   fdiv.o
       110          0          0          0          0        168   fepilogue.o
        50          0          0          0          0         68   ffixi.o
        76          0          0          0          0         76   ffixir.o
        40          0          0          0          0         68   ffixui.o
        18          0          0          0          0         68   fflti.o
        10          0          0          0          0         68   ffltui.o
       100          0          0          0          0         76   fmul.o
         4          0          0          0          0         68   fpstat.o
        24          0          0          0          0         68   fscalb.o

    ----------------------------------------------------------------------
      8334        456        944          4          0       4976   Library Totals
         4          0          0          0          0          0   (incl. Padding)

    ----------------------------------------------------------------------

      Code (inc. data)   RO Data    RW Data    ZI Data      Debug   Library Name

      5968        434        944          0          0       2456   m_ws.l
       196         22          0          4          0        340   mc_w.l
      2166          0          0          0          0       2180   mf_w.l

    ----------------------------------------------------------------------
      8334        456        944          4          0       4976   Library Totals

    ----------------------------------------------------------------------

==============================================================================


      Code (inc. data)   RO Data    RW Data    ZI Data      Debug   

     26076       1610       1212        216       3576     367745   Grand Totals
     26076       1610       1212        216       3576     367745   ELF Image Totals
     26076       1610       1212        216          0          0   ROM Totals

==============================================================================

    Total RO  Size (Code + RO Data)                27288 (  26.65kB)
    Total RW  Size (RW Data + ZI Data)              3792 (   3.70kB)
    Total ROM Size (Code + RO Data + RW Data)      27504 (  26.86kB)

==============================================================================

